0000f800 T start16
0000f831 t ff
0000f83a t code32start
0000f840 t idt_ptr
0000f846 t gdt_ptr
0000f850 T gdt_rom
0000fff0 t reset_vector
fff00000 A __text_start
fff00000 T _x86boot_start
fff0001c T _start
fff0003f T car_init_ret
fff00076 T board_init_f_r_trampoline
fff00082 t die
fff00088 W car_uninit
fff00089 t blank_idt_ptr
fff00090 t multiboot_header
fff000b0 T efi_reset_system
fff000b0 d __efi_runtime_start
fff000cf T efi_memcpy_runtime
fff000e5 T efi_update_table_header_crc32
fff00107 W efi_get_time
fff0010d W efi_set_time
fff00113 T efi_update_capsule_unsupported
fff00119 T efi_query_capsule_caps_unsupported
fff0011f T efi_convert_pointer
fff001cc t efi_unimplemented
fff001d2 t efi_set_virtual_address_map_runtime
fff001d8 t efi_convert_pointer_runtime
fff001de T efi_runtime_detach
fff00224 T efi_runtime_relocate
fff0032a T efi_get_variable_runtime
fff0035d T efi_get_next_variable_name_runtime
fff0036e T efi_var_mem_find
fff00444 t efi_var_mem_compare
fff004a4 T efi_var_mem_del
fff00513 T efi_var_mem_ins
fff0060b T efi_var_mem_free
fff0061c t efi_var_mem_notify_virtual_address_map
fff0063e T efi_get_variable_mem
fff006c7 T efi_get_next_variable_name_mem
fff00770 T efi_get_variable_int
fff00775 T efi_get_next_variable_name_int
fff0077a T efi_query_variable_info_runtime
fff00780 t efi_set_variable_runtime
fff00786 T u16_strnlen
fff007a0 T crc32_no_comp
fff00863 T crc32
fff00874 t crc_table
fff00c74 t efi_events
fff00c7c t systab
fff00cc4 t firmware_vendor
fff00cdc t efi_runtime_mmio
fff00ce4 t efi_runtime_services
fff00d34 t efi_virtmap
fff00d38 t efi_descriptor_count
fff00d3c t efi_descriptor_size
fff00d40 t efi_runtime_relocate.lastoff
fff00d44 t efi_var_buf
fff00d48 t efi_current_var
fff00d4c d __efi_runtime_stop
fff00d50 T x86_init_cache
fff00d50 W init_cache
fff00d5e T flush_cache
fff00d61 T flush_dcache_range
fff00d62 T invalidate_dcache_range
fff00d63 T cpu_vendor_name
fff00d7a T cpu_get_name
fff00dc4 W board_final_init
fff00dc5 W board_final_cleanup
fff00dc6 T last_stage_init
fff00df4 T cpu_init_r
fff00e59 T reserve_arch
fff00e7b T cpu_x86_bind
fff00ed4 T cpu_x86_get_vendor
fff00f0f T cpu_x86_get_desc
fff00f3c T cpu_x86_get_count
fff00fc7 T car_init
fff00fd8 T qemu_get_low_memory_size
fff00ff8 T qemu_get_high_memory_size
fff0101c T dram_init
fff0106b T dram_init_banksize
fff010e3 T board_get_usable_ram_top
fff01105 T arch_cpu_init
fff0110e T checkcpu
fff01111 T arch_early_init_r
fff0125b T arch_misc_init
fff01282 T cpu_qemu_get_desc
fff0129c t cpu_qemu_get_count
fff012b9 T install_e820_map
fff013ba T lapic_setup
fff0142c T pirq_check_irq_routed
fff014d4 T pirq_translate_link
fff01514 T pirq_assign_irq
fff015b1 T irq_router_probe
fff0198e T mtrr_open
fff019d6 T mtrr_close
fff01a10 T mtrr_read_all
fff01a5a T mtrr_get_var_count
fff01a65 T mtrr_write_all
fff01acd T mtrr_commit
fff01ba5 t h_comp_mtrr
fff01bd2 T mtrr_set_next_var
fff01c6a T mtrr_set_valid
fff01c88 t mtrr_start_op
fff01d03 T mtrr_set
fff01d3e T pci_x86_read_config
fff01d9d T pci_x86_write_config
fff01dfa T pci_assign_irqs
fff01e80 T cpu_call64
fff01ed1 t code64
fff01ed1 t lret_target
fff01ed6 T call64_stub_size
fff01eda T arch_setup_gd
fff01fb6 t setup_identity
fff020cb T x86_cpu_init_f
fff0219c T x86_enable_caches
fff0219c W enable_caches
fff021aa T x86_disable_caches
fff021aa W disable_caches
fff021ba T dcache_status
fff021c7 T cpu_has_64bit
fff0220d T cpu_jump_to_64bit
fff02252 t build_pagetable
fff022a7 T irq_common_entry
fff022d6 T irq_0
fff022dd T irq_1
fff022e4 T irq_2
fff022eb T irq_3
fff022f2 T irq_4
fff022f9 T irq_5
fff02300 T irq_6
fff02307 T irq_7
fff0230e T irq_8
fff02315 T irq_9
fff0231c T irq_10
fff02323 T irq_11
fff0232a T irq_12
fff02331 T irq_13
fff02338 T irq_14
fff0233f T irq_15
fff02346 T irq_16
fff0234d T irq_17
fff02354 T irq_18
fff0235b T irq_19
fff02362 T irq_20
fff02369 T irq_21
fff02370 T irq_22
fff02377 T irq_23
fff0237e T irq_24
fff02385 T irq_25
fff0238c T irq_26
fff02393 T irq_27
fff0239a T irq_28
fff023a1 T irq_29
fff023a8 T irq_30
fff023af T irq_31
fff023b6 T irq_32
fff023bd T irq_33
fff023c4 T irq_34
fff023cb T irq_35
fff023d2 T irq_36
fff023d9 T irq_37
fff023e0 T irq_38
fff023e7 T irq_39
fff023ee T irq_40
fff023f5 T irq_41
fff023fc T irq_42
fff02403 T irq_43
fff0240a T irq_44
fff02411 T irq_45
fff02418 T irq_46
fff0241f T irq_47
fff02426 T irq_48
fff0242d T irq_49
fff02434 T irq_50
fff0243b T irq_51
fff02442 T irq_52
fff02449 T irq_53
fff02450 T irq_54
fff02457 T irq_55
fff0245e T irq_56
fff02465 T irq_57
fff0246c T irq_58
fff02473 T irq_59
fff0247a T irq_60
fff02481 T irq_61
fff02488 T irq_62
fff0248f T irq_63
fff02496 T irq_64
fff0249d T irq_65
fff024a4 T irq_66
fff024ab T irq_67
fff024b2 T irq_68
fff024b9 T irq_69
fff024c0 T irq_70
fff024c7 T irq_71
fff024ce T irq_72
fff024d5 T irq_73
fff024dc T irq_74
fff024e3 T irq_75
fff024ea T irq_76
fff024f1 T irq_77
fff024f8 T irq_78
fff024ff T irq_79
fff02506 T irq_80
fff0250d T irq_81
fff02514 T irq_82
fff0251b T irq_83
fff02522 T irq_84
fff02529 T irq_85
fff02530 T irq_86
fff02537 T irq_87
fff0253e T irq_88
fff02545 T irq_89
fff0254c T irq_90
fff02553 T irq_91
fff0255a T irq_92
fff02561 T irq_93
fff02568 T irq_94
fff0256f T irq_95
fff02576 T irq_97
fff0257d T irq_96
fff02584 T irq_98
fff0258b T irq_99
fff02592 T irq_100
fff02599 T irq_101
fff025a0 T irq_102
fff025a7 T irq_103
fff025ae T irq_104
fff025b5 T irq_105
fff025bc T irq_106
fff025c3 T irq_107
fff025ca T irq_108
fff025d1 T irq_109
fff025d8 T irq_110
fff025df T irq_111
fff025e6 T irq_112
fff025ed T irq_113
fff025f4 T irq_114
fff025fb T irq_115
fff02602 T irq_116
fff02609 T irq_117
fff02610 T irq_118
fff02617 T irq_119
fff0261e T irq_120
fff02625 T irq_121
fff0262c T irq_122
fff02633 T irq_123
fff0263a T irq_124
fff02641 T irq_125
fff02648 T irq_126
fff0264f T irq_127
fff02656 T irq_128
fff02660 T irq_129
fff0266a T irq_130
fff02674 T irq_131
fff0267e T irq_132
fff02688 T irq_133
fff02692 T irq_134
fff0269c T irq_135
fff026a6 T irq_136
fff026b0 T irq_137
fff026ba T irq_138
fff026c4 T irq_139
fff026ce T irq_140
fff026d8 T irq_141
fff026e2 T irq_142
fff026ec T irq_143
fff026f6 T irq_144
fff02700 T irq_145
fff0270a T irq_146
fff02714 T irq_147
fff0271e T irq_148
fff02728 T irq_149
fff02732 T irq_150
fff0273c T irq_151
fff02746 T irq_152
fff02750 T irq_153
fff0275a T irq_154
fff02764 T irq_155
fff0276e T irq_156
fff02778 T irq_157
fff02782 T irq_158
fff0278c T irq_159
fff02796 T irq_160
fff027a0 T irq_161
fff027aa T irq_162
fff027b4 T irq_163
fff027be T irq_164
fff027c8 T irq_165
fff027d2 T irq_166
fff027dc T irq_167
fff027e6 T irq_168
fff027f0 T irq_169
fff027fa T irq_170
fff02804 T irq_171
fff0280e T irq_172
fff02818 T irq_173
fff02822 T irq_174
fff0282c T irq_175
fff02836 T irq_176
fff02840 T irq_177
fff0284a T irq_178
fff02854 T irq_179
fff0285e T irq_180
fff02868 T irq_181
fff02872 T irq_182
fff0287c T irq_183
fff02886 T irq_184
fff02890 T irq_185
fff0289a T irq_186
fff028a4 T irq_187
fff028ae T irq_188
fff028b8 T irq_189
fff028c2 T irq_190
fff028cc T irq_191
fff028d6 T irq_192
fff028e0 T irq_193
fff028ea T irq_194
fff028f4 T irq_195
fff028fe T irq_196
fff02908 T irq_197
fff02912 T irq_198
fff0291c T irq_199
fff02926 T irq_200
fff02930 T irq_201
fff0293a T irq_202
fff02944 T irq_203
fff0294e T irq_204
fff02958 T irq_205
fff02962 T irq_206
fff0296c T irq_207
fff02976 T irq_208
fff02980 T irq_209
fff0298a T irq_210
fff02994 T irq_211
fff0299e T irq_212
fff029a8 T irq_213
fff029b2 T irq_214
fff029bc T irq_215
fff029c6 T irq_216
fff029d0 T irq_217
fff029da T irq_218
fff029e4 T irq_219
fff029ee T irq_220
fff029f8 T irq_221
fff02a02 T irq_222
fff02a0c T irq_223
fff02a16 T irq_224
fff02a20 T irq_225
fff02a2a T irq_226
fff02a34 T irq_227
fff02a3e T irq_228
fff02a48 T irq_229
fff02a52 T irq_230
fff02a5c T irq_231
fff02a66 T irq_232
fff02a70 T irq_233
fff02a7a T irq_234
fff02a84 T irq_235
fff02a8e T irq_236
fff02a98 T irq_237
fff02aa2 T irq_238
fff02aac T irq_239
fff02ab6 T irq_240
fff02ac0 T irq_241
fff02aca T irq_242
fff02ad4 T irq_243
fff02ade T irq_244
fff02ae8 T irq_245
fff02af2 T irq_246
fff02afc T irq_247
fff02b06 T irq_248
fff02b10 T irq_249
fff02b1a T irq_250
fff02b24 T irq_251
fff02b2e T irq_252
fff02b38 T irq_253
fff02b42 T irq_254
fff02b4c T irq_255
fff02b56 T enable_interrupts
fff02b58 T disable_interrupts
fff02b68 T interrupt_init
fff02c06 T irq_llsr
fff02c40 t dump_regs
fff02dc8 T setjmp
fff02de0 T longjmp
fff02df4 t nz
fff02df7 T memset
fff02e32 T memcpy
fff02e70 T memmove
fff02fe5 T boot_linux_kernel
fff0304b T do_bootm_linux
fff03183 T arch_lmb_reserve
fff031a2 T efi_add_known_memory
fff0324e T init_cache_f_r
fff0326d T irq_install_handler
fff032f8 T irq_free_handler
fff03347 T do_irq
fff033bb T i8259_init
fff03429 T unmask_irq
fff0344f T mask_irq
fff03473 T specific_eoi
fff0348d T i8254_init
fff034a4 T pirq_route_irqs
fff035e3 T copy_uboot_to_ram
fff03617 T clear_bss
fff0364f T do_elf_reloc_fixups
fff036f1 T write_tables
fff03758 T load_zimage
fff03925 t get_boot_protocol
fff03966 t get_kernel_version
fff039c1 T setup_zimage
fff03c7d T zimage_dump
fff04299 t print_flags
fff042f2 T do_zboot_parent
fff043a9 T android_bootloader_boot_kernel
fff04488 t hex_to_str
fff044dd t complete_zboot
fff04509 t do_zboot_start
fff045ca t do_zboot_load
fff04665 t do_zboot_setup
fff046c3 t do_zboot_info
fff046e5 t do_zboot_go
fff04717 t do_zboot_dump
fff04754 W board_quiesce_devices
fff04755 T bootm_find_images
fff0485c T bootm_disable_interrupts
fff04861 T bootm_process_cmdline
fff04864 T do_bootm_states
fff04e66 W switch_to_non_secure_mode
fff04e67 W arch_preboot_os
fff04e68 W board_preboot_os
fff04e69 T boot_selected_os
fff04eb3 T bootm_os_get_boot_func
fff04ebb t do_bootm_standalone
fff04ef1 T image_multi_getimg
fff04f48 T image_decomp
fff05069 T genimg_get_os_name
fff0508e T genimg_get_comp_name
fff050b3 t on_loadaddr
fff050d2 T env_get_bootm_low
fff050f3 T env_get_bootm_size
fff0518e T env_get_bootm_mapsize
fff051b6 T memmove_wd
fff051bf T genimg_get_kernel_addr_fit
fff051d0 T genimg_get_format
fff051fc T genimg_has_config
fff051ff T boot_get_ramdisk
fff052f5 T boot_ramdisk_high
fff053ff T boot_get_setup
fff05405 T image_setup_linux
fff05468 T ab_select_slot
fff05837 T android_image_get_kernel
fff05842 T android_image_check_header
fff05845 T android_image_get_end
fff05848 T android_image_get_kload
fff0584c T android_image_get_kcomp
fff0584f T android_image_get_ramdisk
fff05867 T android_image_get_kernel_cmdline
fff0586b T android_image_is_bootconfig_used
fff05876 T android_get_preloaded_partition
fff05928 t is_same_partition
fff0598c T android_image_load
fff05f0f t _extract_boot_image_header
fff05f89 t _read_in_boot_ramdisk
fff05fb9 T android_image_get_second
fff05fbd T android_image_get_dtb_by_index
fff05fc0 t android_read_data
fff060e0 T android_bootloader_boot_flow
fff0694b t do_avb_verify
fff06ad4 t android_part_get_info_by_name_suffix
fff06b47 t get_partition_size
fff06bc5 T extract_keymint_relevant_data
fff06dab t parse_patchlevel
fff06e67 T write_avb_to_keymint_console
fff06fee t km_boot_patchlevel
fff07049 t km_request_response
fff071b7 t console_write
fff07218 t console_read
fff07276 T boot_fdt_add_mem_rsv_regions
fff073a8 t boot_fdt_reserve_region
fff07401 T boot_relocate_fdt
fff07670 t fdt_error
fff07695 T boot_get_fdt
fff07885 W ft_verify_fdt
fff07889 W arch_fixup_fdt
fff0788c T image_setup_libfdt
fff07a10 T do_bootm
fff07ae0 T bootm_maybe_autostart
fff07b43 T do_bootd
fff07b5e t do_help
fff07b95 t do_panic
fff07bb1 t do_version
fff07bec t do_ab_select
fff07c87 T blk_common_cmd
fff07f45 t do_source
fff07f97 t do_boot_android
fff07fae t do_verified_boot_android
fff07fc5 t boot_android
fff08102 T efi_get_image_parameters
fff08112 T efi_set_bootdev
fff08237 T efi_install_fdt
fff08471 T efi_run_image
fff085d9 t do_bootefi_exec
fff086a1 t do_bootefi
fff08837 W bootz_setup
fff0884b T do_bootz
fff08922 t do_video_clear
fff08937 T mk_date
fff08b66 t do_date
fff08ccf t do_dm
fff08d3e t complete_dm
fff08d6a t do_dm_dump_driver_compat
fff08d78 t do_dm_dump_devres
fff08d7b t do_dm_dump_drivers
fff08d89 t do_dm_dump_static_driver_info
fff08d97 t do_dm_dump_tree
fff08da5 t do_dm_dump_uclass
fff08db3 t do_echo
fff08e1b t do_exit
fff08e31 T do_fat_size
fff08e43 T do_fat_fsload
fff08e55 t do_fat_ls
fff08e67 t do_fat_fsinfo
fff08ef2 t do_fat_fswrite
fff08f04 t do_fat_rm
fff08f16 t do_fat_mkdir
fff08f28 t do_size_wrapper
fff08f3a t do_load_wrapper
fff08f4c t do_save_wrapper
fff08f5e t do_ls_wrapper
fff08f70 t do_ln_wrapper
fff08f82 t do_fstype_wrapper
fff08f87 t do_fstypes_wrapper
fff08f8c t do_itest
fff08ffa t binary_test
fff09107 t evalstr
fff09156 t evalexp
fff091b3 t do_sleep
fff09280 t do_bootp
fff0929c T do_tftpb
fff092bb t netboot_common
fff09564 t do_ping
fff095c5 T do_ping6
fff09631 t do_net
fff0968c t do_net_list
fff09709 t do_part
fff09a45 t do_part_info
fff09b89 T do_read
fff09cb0 T setexpr_regex_sub
fff09ec9 t substitute
fff09f8c t do_setexpr
fff0a1ef t get_arg
fff0a28b t regex_sub_var
fff0a38e t do_test
fff0a620 t do_false
fff0a624 t do_true
fff0a627 t do_virtio
fff0a6ad t do_video_setcursor
fff0a706 t do_video_puts
fff0a75b t do_fastboot
fff0a8b3 t do_gpt
fff0ab03 t gpt_verify
fff0ac0c t gpt_setenv
fff0ace9 t gpt_enumerate
fff0adf9 t do_disk_guid
fff0ae44 t set_gpt_info
fff0b353 t extract_val
fff0b3ce t extract_env
fff0b46c T do_avb_init
fff0b4bc T do_avb_read_part
fff0b571 T do_avb_read_part_hex
fff0b686 T do_avb_write_part
fff0b723 T do_avb_read_rb
fff0b799 T do_avb_write_rb
fff0b80a T do_avb_get_uuid
fff0b875 T do_avb_verify_part
fff0b905 T do_avb_is_unlocked
fff0b96f t do_avb
fff0b9c6 t do_mtrr
fff0bc6f T env_get_id
fff0bc75 T env_set
fff0bccb t _do_env_set
fff0be65 t do_env
fff0beb0 t do_env_print
fff0bf3d t do_env_set
fff0bf5d t do_env_default
fff0bff2 t do_env_delete
fff0c092 t do_env_verified_import
fff0c267 t do_env_exists
fff0c2af t env_print
fff0c361 T board_init_f_alloc_reserve
fff0c36a T board_init_f_init_reserve
fff0c39a T main_loop
fff0c3db T get_version
fff0c3e1 T jumptable_init
fff0c665 t dummy
fff0c666 t mdelay
fff0c671 T get_local_var
fff0c6d6 T set_local_var
fff0c80c T parse_string_outer
fff0c8d2 t parse_stream_outer
fff0cf04 T parse_file_outer
fff0cf36 T u_boot_hush_start
fff0cf73 t do_showvar
fff0d05b t static_peek
fff0d061 t static_get
fff0d076 t done_word
fff0d2f0 t done_pipe
fff0d32b t file_peek
fff0d331 t free_pipe_list
fff0d3e1 t new_pipe
fff0d414 t done_command
fff0d485 t b_addqchr
fff0d4c7 t b_addchr
fff0d51c t run_list_real
fff0dc9f t insert_var_value_sub
fff0df5c t make_string
fff0e070 t file_get
fff0e1ee T bootdelay_process
fff0e284 T autoboot_command
fff0e36a W board_add_ram_info
fff0e36b W mach_cpu_init
fff0e36e W arch_setup_dest_addr
fff0e371 W arch_reserve_mmu
fff0e374 W arch_reserve_stacks
fff0e377 W arch_setup_bdinfo
fff0e37a T setup_bdinfo
fff0e385 T board_init_f
fff0e3ec T board_init_f_r
fff0e46a t setup_mon_len
fff0e47a t log_init
fff0e47d t initf_bootstage
fff0e480 t setup_spl_handoff
fff0e483 t initf_dm
fff0e48b t init_baud_rate
fff0e4b2 t display_text_info
fff0e4b5 t print_resetinfo
fff0e549 t misc_init_f
fff0e553 t announce_dram_init
fff0e566 t setup_dest_addr
fff0e5c3 t reserve_round_4k
fff0e5d3 t reserve_video
fff0e600 t reserve_trace
fff0e603 t reserve_uboot
fff0e645 t reserve_malloc
fff0e663 t reserve_board
fff0e6b8 t reserve_global_data
fff0e6e9 t reserve_fdt
fff0e757 t reserve_bootstage
fff0e75a t reserve_bloblist
fff0e75d t reserve_stacks
fff0e77b t show_dram_config
fff0ea60 t display_new_sp
fff0ea63 t reloc_fdt
fff0eabe t reloc_bootstage
fff0eac1 t reloc_bloblist
fff0eac4 t setup_reloc
fff0eb10 t cyclic_unregister_all
fff0eb13 t jump_to_copy
fff0eb44 W cpu_secondary_init_r
fff0eb47 W arch_initr_trap
fff0eb4a W power_init_board
fff0eb4d T board_init_r
fff0ebb0 t initr_trace
fff0ebb3 t initr_reloc
fff0ebc3 t initr_reloc_global_data
fff0ebf5 t initr_barrier
fff0ebf8 t initr_malloc
fff0ec1a t log_init
fff0ec1d t initr_bootstage
fff0ec20 t initr_of_live
fff0ec23 t initr_dm
fff0ec51 t initr_binman
fff0ec78 t initr_dm_devices
fff0ec7b t initr_announce
fff0ec7e t dm_announce
fff0ecd3 t initr_env
fff0ed2a t initr_net
fff0ed42 t run_main_loop
fff0ed56 T fdt_find_and_setprop
fff0eda8 T fdt_find_or_add_subnode
fff0edf7 T fdt_root
fff0ee6f T fdt_initrd
fff0efee W board_fdt_chosen_bootargs
fff0eff8 T fdt_chosen
fff0f0b1 T do_fixup_by_path
fff0f0f0 T fdt_fixup_ethernet
fff0f256 T fdt_shrink_to_minimum
fff0f33b T fdt_support_default_count_cells
fff0f38c T fdt_translate_address
fff0f3a7 t __of_translate_address
fff0f5c8 t of_bus_default_map
fff0f679 t of_bus_default_translate
fff0f6d7 T iomux_match_device
fff0f6f7 T iomux_doenv
fff0f8ad T cli_readline
fff0f8c0 T cli_readline_into_buffer
fff101aa t delete_char
fff10252 t cread_add_char
fff10310 T cli_simple_process_macros
fff1053a T bounce_buffer_start_extalign
fff105b2 T bounce_buffer_stop
fff105f3 t on_console
fff10699 t console_needs_start_stop
fff106e2 T console_stop
fff10707 T serial_printf
fff10748 T fgetc
fff1077e t console_tstc
fff107f5 T fputs
fff1083f T getchar
fff10866 T tstc
fff1088d T putc
fff108fc T puts
fff10966 T flush
fff109ce T ctrlc
fff10a0f T disable_ctrlc
fff10a1d T had_ctrlc
fff10a25 T clear_ctrlc
fff10a2d T console_search_dev
fff10a49 T console_assign
fff10b26 T console_init_f
fff10b3c T console_init_r
fff10cda T sbrk
fff10d18 T mem_malloc_init
fff10d2b T malloc
fff1113d t malloc_extend_top
fff112a8 T free
fff11492 T malloc_trim
fff1155b T realloc
fff11970 T memalign
fff11acc T calloc
fff11b58 T initf_malloc
fff11b81 T malloc_simple
fff11b8b t alloc_simple
fff11bfb T memalign_simple
fff11c04 T event_notify
fff11ca1 T event_notify_null
fff11caa T event_register
fff11d08 T event_init
fff11d23 W get_effective_memsize
fff11d31 T stdio_file_to_flags
fff11d45 T stdio_get_by_name
fff11e09 T stdio_clone
fff11e3b T stdio_register_dev
fff11e7d T stdio_register
fff11eb3 T stdio_init_tables
fff11ec5 T stdio_add_devices
fff11f49 t stdio_serial_putc
fff11f50 t stdio_serial_puts
fff11f57 t stdio_serial_flush
fff11f5c t stdio_serial_getc
fff11f61 t stdio_serial_tstc
fff11f66 T run_command
fff11f72 T run_command_list
fff11fcf T do_run
fff12024 T cli_process_fdt
fff12050 T cli_secure_boot_cmd
fff120b1 T cli_loop
fff120bb T cli_init
fff120c0 T _do_help
fff121df T find_cmd_tbl
fff12272 T cmd_usage
fff122c6 T find_cmd
fff122e5 T var_complete
fff12349 T complete_subcmdv
fff124c3 T cmd_auto_complete
fff12825 T cmd_get_data_size
fff12880 T cmd_always_repeatable
fff1289d T cmd_never_repeatable
fff128ba T cmd_discard_repeatable
fff128d2 T cmd_process
fff12a06 T avb_ops_alloc
fff12a87 t read_from_partition
fff12aab t write_to_partition
fff12acd t validate_vbmeta_public_key
fff12b0d t read_rollback_index
fff12b3a t write_rollback_index
fff12b55 t read_is_device_unlocked
fff12b7a t get_unique_guid_for_partition
fff12bbf t get_size_of_partition
fff12c05 T avb_ops_free
fff12c3b T avb_verify
fff12c7d T avb_verify_partitions
fff12db6 t blk_byte_io
fff130b1 t get_partition
fff13163 t blk_read_and_flush
fff13270 t avb_blk_write
fff13372 T qfw_get_dev
fff1337e T qfw_online_cpus
fff133a0 T blk_get_dev
fff133b5 t get_dev_hwpart
fff133dc T dev_print
fff13607 T part_init
fff13669 T part_print
fff13766 t part_driver_lookup_type
fff137f1 T part_get_info
fff13841 T part_get_info_whole_disk
fff1388a T blk_get_device_by_str
fff1396c T blk_get_device_part_str
fff13d2a T part_get_info_by_name_type
fff13da2 T part_get_info_by_name
fff13dae T part_get_info_by_dev_and_name
fff13e38 T part_get_info_by_dev_and_name_or_num
fff13e95 T part_set_generic_name
fff13ef4 T part_create_block_devices
fff13fce T disk_blk_read
fff140c2 t dev_get_blk
fff140eb T disk_blk_write
fff14144 t part_blk_read
fff141ed t part_blk_write
fff14298 t part_blk_erase
fff1433c t test_block_type
fff143c0 t part_get_info_dos
fff143e4 t part_print_dos
fff14410 t part_test_dos
fff14490 t part_get_info_extended
fff14715 t print_partition_extended
fff149ae T get_disk_guid
fff14a2a t find_valid_gpt
fff14a80 T part_print_efi
fff14c08 t is_pte_valid
fff14c43 T part_get_info_efi
fff14dcc T write_gpt_table
fff14f03 t set_protective_mbr
fff14fc3 T gpt_fill_pte
fff1523c T gpt_fill_header
fff152d3 t partition_entries_offset
fff15324 T gpt_restore
fff15402 T gpt_verify_headers
fff1547e t is_gpt_valid
fff1565e T gpt_repair_headers
fff157e8 t write_one_gpt_table
fff15859 T gpt_verify_partitions
fff15a04 t validate_gpt_header
fff15aad t part_test_efi
fff15b3c T blk_get_uclass_name
fff15b5b T blk_get_devnum_by_uclass_idname
fff15c0c T blk_list_part
fff15c76 t get_desc
fff15d21 T blk_print_part_devnum
fff15d52 T blk_list_devices
fff15da4 T blk_print_device_num
fff15de0 T blk_show_device
fff15e48 T blk_read_devnum
fff15e92 T blk_dread
fff15e9d T blk_write_devnum
fff15ee7 T blk_dwrite
fff15ef2 T blk_dselect_hwpart
fff15f13 T blk_read
fff15fc1 T blk_write
fff16014 T blk_find_max_devnum
fff1606e T blk_next_free_devnum
fff1608c T blk_create_device
fff16201 t blk_post_probe
fff16227 T blkcache_read
fff16321 T blkcache_fill
fff1646f T blkcache_invalidate
fff164d6 T device_bind_with_driver_data
fff164fb t device_bind_common
fff167dd T device_bind
fff16802 T device_bind_by_name
fff16861 T device_of_to_plat
fff16946 T device_probe
fff16a58 T device_get_uclass_id
fff16a62 T dev_get_plat
fff16a89 T dev_get_parent_plat
fff16ab0 T dev_get_uclass_plat
fff16ad7 T dev_get_priv
fff16afe T dev_get_uclass_priv
fff16b25 T dev_get_parent_priv
fff16b4c T dev_get_parent
fff16b50 T device_get_decendent_count
fff16b76 T device_find_first_child
fff16b8f T device_find_next_child
fff16bad T device_first_child_err
fff16bdb T device_next_child_err
fff16c0e T dev_get_driver_data
fff16c12 T device_set_name_alloced
fff16c17 T device_set_name
fff16c3d T dev_set_priv
fff16c41 T dev_set_parent_priv
fff16c45 T dev_set_uclass_priv
fff16c49 T dev_set_plat
fff16c4d T dev_set_parent_plat
fff16c51 T dev_set_uclass_plat
fff16c55 t alloc_priv
fff16ca6 T devfdt_get_addr_index
fff16d56 T devfdt_get_addr
fff16d5d T devfdt_get_addr_pci
fff16dd4 T lists_driver_lookup_name
fff16e32 T lists_uclass_lookup
fff16e78 T lists_bind_drivers
fff16f48 T device_bind_driver
fff16f6a T device_bind_driver_to_node
fff16ff4 T lists_bind_fdt
fff171ad T dm_root
fff171d9 T dm_init
fff1727a T dm_remove_devices_flags
fff172b3 T dm_scan_plat
fff172dd T dm_scan_fdt_dev
fff17303 t dm_scan_fdt_node
fff17397 T dm_extended_scan
fff173f6 W dm_scan_other
fff173f9 T dm_init_and_scan
fff17456 T dm_get_stats
fff1747a t dm_probe_devices
fff174cc T uclass_get_priv
fff174cf T uclass_get
fff17605 T dev_get_uclass_index
fff1763a T uclass_find_device
fff1767f T uclass_find_first_device
fff176b0 T uclass_find_next_device
fff176cd T uclass_find_device_by_namelen
fff1774a T uclass_find_next_free_seq
fff177a0 T uclass_find_device_by_seq
fff177e4 T uclass_find_device_by_of_offset
fff17827 T uclass_find_device_by_ofnode
fff1786a T uclass_get_device
fff17898 T uclass_get_device_by_name
fff178e1 T uclass_get_device_by_seq
fff1790f T uclass_get_device_by_of_offset
fff1793d T uclass_get_device_by_ofnode
fff1796b T uclass_first_device
fff179a0 t _uclass_next_device
fff179d4 T uclass_next_device
fff179f3 T uclass_first_device_err
fff17a13 T uclass_first_device_check
fff17a59 T uclass_next_device_check
fff17a7e T uclass_get_count
fff17aa9 T uclass_first_device_drvdata
fff17b02 T uclass_bind_device
fff17b59 T uclass_pre_unbind_device
fff17b75 T uclass_unbind_device
fff17b8b T uclass_pre_probe_device
fff17bcb T uclass_post_probe_device
fff17c09 T uclass_pre_remove_device
fff17c25 T pci_get_devfn
fff17c5a T dev_tag_set_ptr
fff17d02 T dev_tag_get_ptr
fff17d5d T dev_tag_del
fff17dd5 T devres_release_probe
fff17ded t release_nodes
fff17e41 T devres_release_all
fff17e59 T device_chld_unbind
fff17ecc T device_unbind
fff17fbe T device_chld_remove
fff18018 T device_remove
fff18158 T device_free
fff181db T dm_dump_tree
fff18218 t show_devices
fff18304 T dm_dump_uclass
fff183c5 T dm_dump_driver_compat
fff1846b T dm_dump_drivers
fff1857f T dm_dump_static_driver_info
fff185d9 t init_range
fff18630 T regmap_init_mem
fff18790 T syscon_get_by_driver_data
fff187a4 t syscon_pre_probe
fff187d4 T ofnode_get_name
fff187ed T ofnode_read_u32_index
fff1883f T ofnode_read_u32_default
fff1885a T ofnode_read_bool
fff1887f T ofnode_get_property
fff1889f T ofnode_read_string
fff188dc T ofnode_read_size
fff1890b T ofnode_find_subnode
fff18928 T ofnode_is_enabled
fff18944 T ofnode_first_subnode
fff18961 T ofnode_next_subnode
fff1897e T ofnode_get_parent
fff1899b T ofnode_path
fff189bf T ofnode_get_chosen_node
fff18a26 T ofnode_read_u8_array_ptr
fff18a46 T ofnode_read_pci_addr
fff18af8 T ofnode_read_pci_vendev
fff18bcc T ofnode_read_simple_addr_cells
fff18bdc T ofnode_read_simple_size_cells
fff18bec T ofnode_pre_reloc
fff18c7c T ofnode_conf_read_int
fff18cba T ofnode_conf_read_str
fff18ce9 T sysreset_get_status
fff18d07 T sysreset_walk
fff18d74 T sysreset_walk_halt
fff18da2 T do_reset
fff18de9 t sysreset_post_bind
fff18dec T pch_sysreset_power_off
fff18e6f t x86_sysreset_probe
fff18e89 t x86_sysreset_request
fff18eb1 t x86_sysreset_get_last
fff18eb7 T pch_ioctl
fff18edc T setup_video
fff18f8b T pci_get_bus
fff18fce T dm_pci_get_bdf
fff19005 T pci_bus_find_devfn
fff1905a T dm_pci_write_config
fff190dc T pci_write_config32
fff190f4 t pci_write_config
fff19156 T pci_write_config16
fff1916e T pci_write_config8
fff19186 T dm_pci_write_config8
fff19199 T dm_pci_read_config
fff19249 t pci_read_config
fff192d7 T pci_read_config16
fff19301 T pci_read_config8
fff19329 T dm_pci_read_config8
fff1934e T dm_pci_read_config16
fff19375 T dm_pci_read_config32
fff1939a W board_pci_fixup_dev
fff1939b T pci_bind_bus_devices
fff19891 T dm_pci_read_bar32
fff198cd T dm_pci_bus_to_phys
fff19972 T dm_pci_map_bar
fff199cf T dm_pci_find_next_capability
fff199e5 t _dm_pci_find_next_capability
fff19a71 T dm_pci_find_capability
fff19ae0 t pci_uclass_pre_probe
fff19dd0 t pci_uclass_post_probe
fff19de6 t pci_uclass_child_post_bind
fff19e17 T pci_init
fff19e49 t pci_bridge_read_config
fff19ec6 t pci_bridge_write_config
fff19f0f t _pci_x86_read_config
fff19f2e t _pci_x86_write_config
fff19f4d T serial_init
fff1a09b T serial_setbrg
fff1a0da T serial_initialize
fff1a0e8 T serial_putc
fff1a13c T serial_puts
fff1a161 t _serial_puts
fff1a1a7 T serial_flush
fff1a1e1 T serial_getc
fff1a21a T serial_tstc
fff1a24d T serial_stdio_init
fff1a24e t on_baudrate
fff1a32e t serial_post_probe
fff1a3d3 t serial_pre_remove
fff1a3d6 t serial_stub_putc
fff1a412 t serial_stub_puts
fff1a41a t serial_stub_flush
fff1a43c t serial_stub_getc
fff1a45d t serial_stub_tstc
fff1a475 T ns16550_init
fff1a4fb t ns16550_setbrg
fff1a56c T ns16550_serial_probe
fff1a5cc T ns16550_serial_of_to_plat
fff1a68c t ns16550_serial_setbrg
fff1a6b8 t ns16550_serial_getc
fff1a6f3 t ns16550_serial_putc
fff1a731 t ns16550_serial_pending
fff1a762 t ns16550_serial_setconfig
fff1a7b0 t ns16550_serial_getinfo
fff1a7ef T timer_get_count
fff1a815 T timer_get_rate
fff1a823 T dm_timer_init
fff1a8f1 t timer_pre_probe
fff1a91a t timer_post_probe
fff1a932 T get_timer
fff1a970 T timer_get_us
fff1a9a2 T __udelay
fff1a9ef t tsc_timer_ensure_setup
fff1ab6f t tsc_timer_probe
fff1abb8 t cpu_mhz_from_msr
fff1ac59 t quick_pit_calibrate
fff1ada8 t tsc_timer_get_count
fff1adc4 T virtio_get_config
fff1adde T virtio_set_config
fff1adf9 T virtio_generation
fff1ae10 T virtio_reset
fff1ae1b T virtio_find_vqs
fff1ae2f T virtio_notify
fff1ae3c T virtio_add_status
fff1ae6e T virtio_finalize_features
fff1aec7 T virtio_driver_features_init
fff1aee0 t virtio_uclass_pre_probe
fff1af2d t virtio_uclass_post_probe
fff1afcb t virtio_uclass_child_post_bind
fff1afdc t virtio_uclass_child_pre_probe
fff1b1c1 t virtio_uclass_child_post_probe
fff1b1d4 T virtqueue_add
fff1b4ad T virtqueue_kick
fff1b516 T virtqueue_get_buf
fff1b64b T vring_create_virtqueue
fff1b8bd t virtio_alloc_pages
fff1b8ef T vring_del_virtqueue
fff1b943 T virtqueue_get_vring_size
fff1b947 T virtqueue_get_desc_addr
fff1b94b T virtqueue_get_avail_addr
fff1b94f T virtqueue_get_used_addr
fff1b953 T virtqueue_poll
fff1b976 t __bb_force_page_align
fff1b992 t virtio_iommu_map_pages
fff1b9e6 t virtqueue_detach_desc
fff1ba1b t virtio_iommu_unmap_pages
fff1ba70 t virtio_pci_bind
fff1baac t virtio_pci_probe
fff1bcae t virtio_pci_find_capability
fff1bdba t virtio_pci_get_config
fff1beab t virtio_pci_set_config
fff1bfd6 t virtio_pci_generation
fff1bfff t virtio_pci_get_status
fff1c025 t virtio_pci_set_status
fff1c06f t virtio_pci_reset
fff1c0b8 t virtio_pci_get_features
fff1c127 t virtio_pci_set_features
fff1c1b1 t virtio_pci_find_vqs
fff1c391 t virtio_pci_del_vqs
fff1c3f0 t virtio_pci_notify
fff1c45d t virtio_net_bind
fff1c488 t virtio_net_probe
fff1c4c9 t virtio_net_start
fff1c535 t virtio_net_send
fff1c5be t virtio_net_recv
fff1c5f5 t virtio_net_free_pkt
fff1c630 t virtio_net_stop
fff1c631 t virtio_net_write_hwaddr
fff1c68a t virtio_net_read_rom_hwaddr
fff1c726 t virtio_blk_bind
fff1c7bd t virtio_blk_probe
fff1c854 t virtio_blk_read
fff1c878 t virtio_blk_write
fff1c89c t virtio_blk_do_req
fff1c972 t virtio_console_bind
fff1c998 t virtio_console_probe
fff1c9d6 t add_inbuf
fff1ca36 t virtio_console_serial_setbrg
fff1ca39 t virtio_console_serial_getc
fff1ca98 t virtio_console_serial_putc
fff1caf9 t virtio_console_serial_pending
fff1cb13 T sysinfo_get_str
fff1cb59 T cpu_get_desc
fff1cb76 T cpu_get_vendor
fff1cb94 t uclass_cpu_post_bind
fff1cb97 t uclass_cpu_init
fff1cbe3 T fastboot_response
fff1cc3d T fastboot_fail
fff1cc55 T fastboot_okay
fff1cc82 W fastboot_set_reboot_flag
fff1cc88 T fastboot_boot
fff1ccf9 T fastboot_handle_boot
fff1cd39 T fastboot_init
fff1cd65 T fastboot_getvar
fff1ce09 t getvar_version
fff1ce13 t getvar_version_bootloader
fff1ce1d t getvar_downloadsize
fff1ce3a t getvar_serialno
fff1ce69 t getvar_version_baseband
fff1ce73 t getvar_product
fff1cea2 t getvar_platform
fff1ced1 t getvar_current_slot
fff1cedb t getvar_is_userspace
fff1cee5 T fastboot_handle_command
fff1cf51 T fastboot_data_remaining
fff1cf5d T fastboot_data_download
fff1cfde T fastboot_data_complete
fff1d024 t getvar
fff1d029 t download
fff1d0a4 t okay
fff1d0ab t reboot_bootloader
fff1d0d9 t reboot_fastbootd
fff1d108 t reboot_recovery
fff1d139 T irq_snapshot_polarities
fff1d14d T irq_first_device_type
fff1d15b T qfw_read_entry
fff1d1cf T qfw_register
fff1d23b t qfw_pio_probe
fff1d240 t qfw_pio_read_entry_io
fff1d264 t qfw_pio_read_entry_dma
fff1d279 T dm_rtc_get
fff1d28c T dm_rtc_set
fff1d2a0 T dm_rtc_reset
fff1d2b4 t rtc_mc146818_probe
fff1d2d5 t rtc_mc146818_get
fff1d3cf t rtc_mc146818_set
fff1d4eb t rtc_mc146818_reset
fff1d516 t rtc_mc146818_read8
fff1d532 t rtc_mc146818_write8
fff1d551 t console_normal_putc_xy
fff1d64d t console_normal_move_rows
fff1d68b t console_normal_set_row
fff1d70f t console_normal_probe
fff1d74c T video_reserve
fff1d7c6 t alloc_fb
fff1d7ff T video_fill
fff1d86d T video_sync
fff1d88b T video_clear
fff1d8a4 T video_index_to_colour
fff1d921 T video_set_default_colors
fff1d963 T video_sync_all
fff1d9ac T video_get_xsize
fff1d9bb T video_get_ysize
fff1d9cb t video_post_bind
fff1da48 t video_post_probe
fff1db5d T vidconsole_put_char
fff1e082 t vidconsole_newline
fff1e109 T vidconsole_put_string
fff1e138 t vidconsole_pre_probe
fff1e15d t vidconsole_post_probe
fff1e1c2 T vidconsole_position_cursor
fff1e21f t vidconsole_putc
fff1e23b t vidconsole_puts
fff1e26e T video_bmp_display
fff1e82a t write_pix8
fff1e8cd T dm_rng_read
fff1e8ea T env_set_ulong
fff1e904 T env_set_hex
fff1e930 T env_get_hex
fff1e96b T env_get
fff1ea08 T eth_env_get_enetaddr
fff1ea3e T eth_env_set_enetaddr
fff1ea80 t env_get_from_linear
fff1eb46 T env_get_ulong
fff1eb6c T env_get_yesno
fff1ebac T env_get_autostart
fff1ebc3 T env_get_default
fff1ec01 T env_set_default
fff1ec84 T env_set_default_vars
fff1ecbd T env_relocate
fff1ecd6 T env_complete
fff1ee5b W arch_env_get_location
fff1ee67 W env_get_location
fff1ee6c T env_load
fff1ef12 t env_driver_lookup
fff1ef6b T env_init
fff1f017 T env_attr_walk
fff1f114 T env_attr_lookup
fff1f17b t regex_callback
fff1f2bb T env_flags_parse_vartype
fff1f301 T env_flags_parse_varaccess
fff1f34a T eth_validate_ethaddr_str
fff1f3c5 T env_flags_init
fff1f45d t on_flags
fff1f498 T env_flags_validate
fff1f6da t clear_flags
fff1f6e4 t set_flags
fff1f751 T env_callback_init
fff1f81f t on_callbacks
fff1f85a t clear_callback
fff1f864 t set_callback
fff1f8f7 t env_nowhere_load
fff1f916 t env_nowhere_init
fff1f926 T fs_get_type
fff1f92c T fs_set_blk_dev
fff1f9b0 T fs_set_blk_dev_with_part
fff1fa29 T fs_close
fff1fa4f T fs_exists
fff1fa90 T fs_size
fff1fad1 T fs_read
fff1fb36 T fs_write
fff1fbc3 T fs_opendir
fff1fc2b T fs_readdir
fff1fc8d T fs_closedir
fff1fcd9 T fs_unlink
fff1fd1a T fs_mkdir
fff1fd5b T fs_ln
fff1fda7 T do_size
fff1fe29 T do_load
fff201a4 T do_ls
fff20239 T file_exists
fff2028f T do_save
fff203d1 T do_fs_type
fff2046a T do_rm
fff204d9 T do_mkdir
fff2055a T do_ln
fff2059d T do_fs_types
fff20605 t fs_ls_generic
fff206b5 t fs_ln_unsupported
fff206b9 t fs_probe_unsupported
fff206bd t fs_ls_unsupported
fff206c1 t fs_exists_unsupported
fff206c4 t fs_size_unsupported
fff206c8 t fs_read_unsupported
fff206cc t fs_write_unsupported
fff206d0 t fs_close_unsupported
fff206d1 t fs_uuid_unsupported
fff206d5 t fs_opendir_unsupported
fff206db t fs_unlink_unsupported
fff206df t fs_mkdir_unsupported
fff206e3 T fat_set_blk_dev
fff207ac t disk_read
fff207ec T fat_next_cluster
fff208c7 t get_fatent
fff20a03 T file_fat_detectfs
fff20abe t read_bootsectandvi
fff20bd6 T fat_exists
fff20c38 t fat_itr_root
fff20da5 t fat_itr_resolve
fff20f05 T fat_size
fff20faf T file_fat_read_at
fff213f0 T fat_read_file
fff21433 T fat_opendir
fff214c5 T fat_readdir
fff215bb t fat_itr_next
fff21810 t fat2rtc
fff21864 T fat_closedir
fff21880 T fat_close
fff21881 T fat_uuid
fff218d9 T file_fat_write_at
fff21b72 t split_filename
fff21c5e t normalize_longname
fff21d0a t find_directory_entry
fff21d6f t set_name
fff21f86 t fat_find_empty_dentries
fff22112 t fill_dir_slot
fff222dd t fill_dentry
fff22337 t set_contents
fff22db3 t flush_dirty_fat_buffer
fff22e31 t flush_dir
fff22eb9 T file_fat_write
fff22ede T fat_unlink
fff23051 t fat_dir_entries
fff230f8 t delete_dentry_long
fff231a7 T fat_mkdir
fff23509 t fat_itr_child
fff23563 t get_cluster
fff236f5 t next_dent
fff23746 t downcase
fff23777 t str2fat
fff237dc t fat_move_to_cluster
fff2381d t set_fatent_value
fff2398e t clear_fatent
fff239f2 t determine_fatent
fff23a21 t disk_write
fff23aba t set_sectors
fff23c26 t delete_single_dentry
fff23c59 T efi_driver_init
fff23d4f t efi_uc_init
fff23d52 t efi_uc_destroy
fff23d55 t efi_uc_supported
fff23ded t efi_uc_start
fff23e98 t efi_uc_stop
fff23f76 t check_node_type
fff23fcf t disconnect_child
fff24011 t efi_bl_read
fff24060 t efi_bl_write
fff240af t efi_bl_init
fff2410b t efi_bl_bind
fff24236 T efi_bootmgr_load
fff2437e t try_load_entry
fff2464d t try_load_from_file_path
fff246ec T __efi_entry_check
fff24702 T __efi_exit_check
fff2470e T efi_save_gd
fff2470f T efi_restore_gd
fff24710 T efi_signal_event
fff247a2 t efi_queue_event
fff247f3 T efi_add_handle
fff24817 T efi_create_handle
fff2485f T efi_search_protocol
fff248c2 T efi_search_obj
fff248e0 T efi_remove_protocol
fff24920 T efi_remove_all_protocols
fff24968 T efi_delete_handle
fff249a9 T efi_create_event
fff24ab7 T efi_create_event_ex
fff24b14 T efi_timer_check
fff24b98 t efi_process_event_queue
fff24c0f T efi_set_timer
fff24cd5 T efi_add_protocol
fff24e05 T efi_register_protocol_notify
fff24e8e T efi_install_configuration_table
fff24fc0 T efi_setup_loaded_image
fff250ce T efi_locate_device_path
fff251e8 T efi_locate_handle_buffer
fff2521e T efi_load_image
fff25642 T efi_close_protocol
fff256da T efi_locate_handle_buffer_int
fff25775 t efi_locate_handle
fff258ad T efi_install_multiple_protocol_interfaces
fff258c5 t efi_install_multiple_protocol_interfaces_int
fff259f4 T efi_uninstall_multiple_protocol_interfaces
fff25a0c t efi_uninstall_multiple_protocol_interfaces_int
fff25ae0 T efi_protocol_open
fff25c62 t efi_disconnect_controller
fff25eb3 T efi_start_image
fff25fb0 t efi_open_protocol
fff260ac T efi_unload_image
fff26167 t efi_delete_image
fff261de T efi_handle_protocol
fff26200 T efi_initialize_system_table
fff26278 t efi_install_protocol_interface
fff262cb t efi_uninstall_protocol_interface
fff2631e t efi_uninstall_protocol
fff263d8 t efi_disconnect_all_drivers
fff26538 t efi_raise_tpl
fff26552 t efi_restore_tpl
fff2657d t efi_allocate_pages_ext
fff265aa t efi_free_pages_ext
fff265ce t efi_get_memory_map_ext
fff26604 t efi_allocate_pool_ext
fff26628 t efi_free_pool_ext
fff26644 t efi_create_event_ext
fff2667c t efi_set_timer_ext
fff266ae t efi_wait_for_event
fff26771 t efi_signal_event_ext
fff267be t efi_close_event
fff268a8 t efi_check_event
fff26908 t efi_reinstall_protocol_interface
fff2696d t efi_locate_handle_ext
fff269a4 t efi_install_configuration_table_ext
fff269c4 t efi_exit
fff26aa3 t efi_exit_boot_services
fff26c2a t efi_get_next_monotonic_count
fff26c67 t efi_stall
fff26cb2 t efi_set_watchdog_timer
fff26cce t efi_connect_controller
fff26e71 t efi_close_protocol_ext
fff26e9e t efi_open_protocol_information
fff26f7d t efi_protocols_per_handle
fff27039 t efi_locate_protocol
fff27128 t efi_install_multiple_protocol_interfaces_ext
fff2714c t efi_uninstall_multiple_protocol_interfaces_ext
fff27170 t efi_calculate_crc32
fff271b9 t efi_copy_mem
fff271dd t efi_set_mem
fff27202 t efi_update_exit_data
fff27253 t efi_bind_controller
fff272fc T efi_get_dp_from_boot
fff273a2 T efi_link_dev
fff273b3 T efi_unlink_dev
fff273d6 T efi_setup_console_size
fff275ae t efi_cout_reset
fff275ef t efi_cout_output_string
fff2771b t efi_cout_test_string
fff2772e t efi_cout_query_mode
fff2778e t efi_cout_set_mode
fff277e1 t efi_cout_set_attribute
fff2783b t efi_cout_clear_screen
fff27866 t efi_cout_set_cursor_position
fff278d7 t efi_cout_enable_cursor
fff27915 T set_shift_mask
fff27965 t efi_cin_reset
fff2798f t efi_cin_read_key_stroke
fff279e7 T efi_console_register
fff27af2 t efi_key_notify
fff27b07 t efi_console_timer_notify
fff27b1c t efi_cin_empty_buffer
fff27b3a t term_get_char
fff27b72 t efi_cin_check
fff27e11 t analyze_modifiers
fff27e75 t efi_cin_reset_ex
fff27e9f t efi_cin_read_key_stroke_ex
fff27f78 t efi_cin_set_state
fff27f8e t efi_cin_register_key_notify
fff28013 t efi_cin_unregister_key_notify
fff28065 T efi_dp_next
fff28083 T efi_dp_shorten
fff280c7 T efi_dp_find_obj
fff280fa t find_handle
fff28238 T efi_dp_last_node
fff2825d T efi_dp_instance_size
fff28286 T efi_dp_size
fff282a5 T efi_dp_dup
fff282f0 t dp_alloc
fff28324 T efi_dp_append
fff28339 t efi_dp_append_or_concatenate
fff2841d T efi_dp_append_node
fff284d0 T efi_dp_create_device_node
fff28508 T efi_dp_append_instance
fff285c9 T efi_dp_get_next_instance
fff28655 T efi_dp_is_multi_instance
fff2867c T efi_dp_from_part
fff286ce t dp_part_fill
fff286fa T efi_dp_part_node
fff28734 t dp_part_node
fff2883d T efi_dp_from_file
fff28941 T efi_dp_from_uart
fff28988 T efi_dp_from_mem
fff289c7 T efi_dp_split_file_path
fff28a3e T efi_dp_from_name
fff28bf8 T efi_dp_check_length
fff28c40 T efi_dp_from_lo
fff28cb2 t dp_size
fff28d32 t dp_fill
fff28e32 T efi_dp_str
fff28e5b t efi_convert_device_path_to_text
fff28ed0 t efi_convert_device_node_to_text
fff28f12 t efi_convert_single_device_node_to_text
fff29441 t efi_str_to_u16
fff29484 t get_device_path_size
fff294b1 t duplicate_device_path
fff294d3 t append_device_path
fff294fb t append_device_node
fff29523 t append_device_path_instance
fff2954b t get_next_device_path_instance
fff29573 t is_device_path_multi_instance
fff29595 t create_device_node
fff295c4 T efi_try_purge_kaslr_seed
fff29631 T efi_carve_out_dt_rsv
fff29733 t efi_reserve_memory
fff2977b t efi_dt_fixup
fff29885 T efi_file_open_int
fff29908 t file_open
fff29b63 T efi_file_size
fff29bf7 T efi_file_read_int
fff29e92 T efi_file_setpos_int
fff29ee8 t efi_get_file_size
fff29f23 T efi_file_from_path
fff2a057 T efi_simple_file_system
fff2a08e t efi_open_volume
fff2a0ef t efi_create_file
fff2a114 t efi_file_open
fff2a15c t efi_file_close
fff2a184 t efi_file_delete
fff2a1d3 t efi_file_read
fff2a1ff t efi_file_write
fff2a232 t efi_file_getpos
fff2a267 t efi_file_setpos
fff2a293 t efi_file_getinfo
fff2a487 t efi_file_setinfo
fff2a594 t efi_file_flush
fff2a5c5 t efi_file_open_ex
fff2a627 t efi_file_read_ex
fff2a674 t efi_file_write_ex
fff2a6c4 t efi_file_flush_ex
fff2a70d t efi_file_write_int
fff2a79f t new_package_list
fff2a842 t remove_package_list
fff2a87f t update_package_list
fff2a925 t list_package_lists
fff2a9ef t export_package_lists
fff2aa1d t register_package_notify
fff2aa5e t unregister_package_notify
fff2aa74 t find_keyboard_layouts
fff2ab17 t get_keyboard_layout
fff2aba8 t set_keyboard_layout
fff2abbe t get_package_list_handle
fff2abfe t new_string
fff2aceb t get_string
fff2ad7f t set_string
fff2ae74 t get_languages
fff2af33 t get_secondary_languages
fff2afa4 t add_packages
fff2b2a5 t free_packagelist
fff2b2da t free_keyboard_layouts
fff2b31c t remove_strings_package
fff2b37d t remove_guid_package
fff2b3ae t remove_keyboard_package
fff2b3e6 t language_match
fff2b41c T efi_print_image_infos
fff2b4f0 W invalidate_icache_all
fff2b4f1 T efi_check_pe
fff2b52f T efi_load_pe
fff2b802 t efi_set_code_and_data_type
fff2b849 t efi_loader_relocate
fff2b8f9 T efi_set_load_options
fff2b92b T efi_deserialize_load_option
fff2b9b0 T efi_add_memory_map
fff2b9ed t efi_add_memory_map_pg
fff2bcc9 T efi_allocate_pages
fff2bee6 t efi_check_allocated
fff2bf4b T efi_free_pages
fff2bfb8 T efi_alloc_aligned_pages
fff2c123 T efi_allocate_pool
fff2c198 T efi_free_pool
fff2c221 T efi_get_memory_map
fff2c2be T efi_get_memory_map_alloc
fff2c32e T efi_add_conventional_memory_map
fff2c3d1 T efi_memory_init
fff2c44b t efi_mem_sort
fff2c530 t efi_mem_cmp
fff2c564 T efi_root_node_register
fff2c610 T efi_init_runtime_supported
fff2c656 W efi_reset_system_init
fff2c659 t efi_get_time_boottime
fff2c738 t efi_set_time_boottime
fff2c74e t efi_set_virtual_address_map
fff2c96f t efi_reset_system_boottime
fff2c9cc W allow_unaligned
fff2c9cd T efi_init_early
fff2ca00 T efi_init_obj_list
fff2cb8c T efi_create_indexed_name
fff2cbec t efi_stri_coll
fff2cc59 t efi_metai_match
fff2cc7f t efi_str_lwr
fff2ccb7 t efi_str_upr
fff2ccef t efi_fat_to_str
fff2cd3e t efi_str_to_fat
fff2ce0e t metai_match
fff2cf70 T efi_get_variable
fff2cfbc T efi_set_variable
fff2d000 T efi_get_next_variable_name
fff2d02c T efi_query_variable_info
fff2d080 T efi_init_secure_state
fff2d19a T efi_auth_var_get_type
fff2d1ed T efi_get_var
fff2d254 T efi_var_mem_init
fff2d2f4 t efi_var_mem_notify_exit_boot_services
fff2d344 T efi_var_collect
fff2d4df T efi_var_to_file
fff2d572 t efi_set_blk_dev_to_system_partition
fff2d5e5 T efi_var_restore
fff2d716 T efi_var_from_file
fff2d7be T efi_set_variable_int
fff2d9c8 T efi_query_variable_info_int
fff2d9f5 T efi_variables_boot_exit_notify
fff2da27 T efi_init_variables
fff2da48 T efi_set_watchdog
fff2da84 T efi_watchdog_register
fff2dac8 t efi_watchdog_timer_notify
fff2daf6 T gop_blt
fff2e102 t gop_blt_video_fill
fff2e20f T efi_gop_register
fff2e387 t gop_query_mode
fff2e3f7 t gop_set_mode
fff2e470 T efi_disk_is_removable
fff2e4a6 T efi_fs_from_path
fff2e50a T efi_disk_probe
fff2e6a6 T efi_disk_remove
fff2e731 T efi_disks_register
fff2e763 t efi_disk_add_dev
fff2e9b2 t efi_disk_reset
fff2e9c5 t efi_disk_read_blocks
fff2ea70 t efi_disk_write_blocks
fff2eb26 t efi_disk_flush_blocks
fff2eb39 t efi_disk_rw_blocks
fff2ec0a T efi_smbios_register
fff2ec8b W platform_get_rng_device
fff2ecb9 T efi_rng_register
fff2ed05 t rng_getinfo
fff2ed7e t getrng
fff2ee1c T efi_initrd_register
fff2eec5 T efi_initrd_deregister
fff2ef04 t efi_load_file2_initrd
fff2f033 t find_image_node
fff2f08b T binman_init
fff2f0cc T console_read_unicode
fff2f187 T utf8_get
fff2f242 T utf8_put
fff2f2ec T utf8_utf16_strnlen
fff2f340 T utf8_utf16_strncpy
fff2f39e T utf16_put
fff2f401 T utf16_get
fff2f476 T utf16_strnlen
fff2f4c0 T utf16_utf8_strnlen
fff2f530 T utf16_utf8_strncpy
fff2f58d T utf_to_lower
fff2f5c1 T utf_to_upper
fff2f5f5 T u16_strncmp
fff2f627 T u16_strsize
fff2f640 T u16_strdup
fff2f681 T utf16_to_utf8
fff2f76e T utf_to_cp
fff2f7ab T write_smbios_table
fff2f8d1 t smbios_write_type0
fff2f997 t smbios_write_type1
fff2fabe t smbios_write_type2
fff2fb92 t smbios_write_type3
fff2fc0e t smbios_write_type4
fff2fd22 t smbios_write_type32
fff2fd68 t smbios_write_type127
fff2fd94 t smbios_add_string
fff2fe07 t smbios_add_prop_si
fff2fe5c T string_to_ip
fff2fecf T string_to_ip6
fff300b7 T string_to_enetaddr
fff300f8 T compute_ip_checksum
fff30137 T ip_checksum_ok
fff3014f T list_sort
fff302e0 t merge
fff30343 T inflate_fast
fff3089d T inflate_table
fff30cda T inflateReset
fff30d32 T inflateInit2_
fff30e06 T zcalloc
fff30e10 T zcfree
fff30e17 T inflate
fff326da T adler32
fff32944 T inflateEnd
fff3298c T gzalloc
fff3299a T gzfree
fff329a1 T gzip_parse_header
fff32a16 T gunzip
fff32a5a T zunzip
fff32b2d T ulz4fn
fff33008 t LZ4_wildCopy
fff33029 T avb_chain_partition_descriptor_validate_and_byteswap
fff33165 T avb_sub_cmdline
fff33359 T avb_append_options
fff33686 t cmdline_append_option
fff3374b t cmdline_append_hex
fff33785 T avb_new_cmdline_subst_list
fff3378f T avb_free_cmdline_subst_list
fff337c4 T avb_add_root_digest_substitution
fff33858 t uint64_to_base10
fff338ae T avb_get_algorithm_data
fff338c1 T avb_rsa_public_key_header_validate_and_byteswap
fff338f0 T avb_footer_validate_and_byteswap
fff339bd T avb_hashtree_descriptor_validate_and_byteswap
fff33b69 T avb_property_descriptor_validate_and_byteswap
fff33c76 T avb_property_lookup
fff33cda t property_lookup_desc_foreach
fff33d6b T avb_sha256_init
fff33d8b T avb_sha256_update
fff33e22 t SHA256_transform
fff33ffa T avb_sha256_final
fff340d2 T avb_slot_verify
fff344dc t load_and_verify_vbmeta
fff35396 t has_system_partition
fff3544e t avb_manage_hashtree_error_mode
fff355fb T avb_slot_verify_data_free
fff356b1 T avb_slot_verify_data_calculate_vbmeta_digest
fff357a1 t load_requested_partitions
fff35970 t load_and_verify_hash_partition
fff35e3e t read_persistent_digest
fff360eb t load_full_partition
fff3629b T avb_be32toh
fff3629e T avb_be64toh
fff362a9 T avb_safe_memcmp
fff362d2 T avb_safe_add_to
fff36328 T avb_basename
fff36369 T avb_safe_add
fff36392 T avb_validate_utf8
fff363fb T avb_str_concat
fff364b9 T avb_malloc
fff364fb T avb_calloc
fff3651e T avb_strdup
fff3654b T avb_strstr
fff3658c T avb_strv_find_str
fff365d1 T avb_replace
fff36776 T avb_strdupv
fff36869 T avb_uppercase
fff36888 T avb_bin2hex
fff368d8 T avb_version_string
fff368de T avb_descriptor_validate_and_byteswap
fff36942 T avb_descriptor_foreach
fff36bc9 T avb_descriptor_get_all
fff36c38 t count_descriptors
fff36c3d t set_descriptors
fff36c51 T avb_hash_descriptor_validate_and_byteswap
fff36d8d T avb_kernel_cmdline_descriptor_validate_and_byteswap
fff36e79 T avb_rsa_verify
fff372ed t montMul
fff3740e T avb_sha512_init
fff3743a T avb_sha512_update
fff374d1 t SHA512_transform
fff378dc T avb_sha512_final
fff379c1 T avb_memcmp
fff379c6 T avb_memcpy
fff379cb T avb_memset
fff379d0 T avb_strcmp
fff379d5 T avb_strncmp
fff379da T avb_strlen
fff379df T avb_abort
fff379e7 T avb_printv
fff37a1e T avb_malloc_
fff37a23 T avb_free
fff37a28 T avb_div_by_10
fff37a58 T avb_vbmeta_image_verify
fff37ff9 T avb_vbmeta_image_header_to_host_byte_order
fff3811b T avb_vbmeta_verify_result_to_string
fff38161 T addBootConfigParameters
fff381f7 T addBootConfigTrailer
fff38285 T fdt_ro_probe_
fff382ed T fdt_header_size
fff3831d T fdt_check_header
fff3840b T fdt_offset_ptr
fff38458 T fdt_next_tag
fff3854d T fdt_check_node_offset_
fff38584 T fdt_check_prop_offset_
fff385bb T fdt_next_node
fff38666 T fdt_first_subnode
fff38694 T fdt_next_subnode
fff386d2 T fdt_find_string_
fff3871b T fdt_move
fff3875c T fdt_get_string
fff38811 T fdt_get_mem_rsv
fff3885e t fdt_mem_rsv
fff38887 T fdt_num_mem_rsv
fff388c0 T fdt_subnode_offset_namelen
fff3897e T fdt_subnode_offset
fff389a6 T fdt_path_offset_namelen
fff38a70 T fdt_get_alias_namelen
fff38ab1 T fdt_path_offset
fff38acf T fdt_get_name
fff38b3f T fdt_first_property_offset
fff38b60 t nextprop_
fff38bad T fdt_next_property_offset
fff38bce t fdt_get_property_by_offset_
fff38c06 T fdt_get_property_namelen
fff38c3f t fdt_get_property_namelen_
fff38cca T fdt_get_property
fff38cfb T fdt_getprop_namelen
fff38d4d T fdt_getprop_by_offset
fff38dd3 T fdt_getprop
fff38e04 T fdt_supernode_atdepth_offset
fff38e95 T fdt_parent_offset
fff38ede T fdt_stringlist_search
fff38f7f T fdt_add_mem_rsv
fff38fe8 t fdt_rw_probe_
fff3903a t fdt_splice_mem_rsv_
fff3908b T fdt_del_mem_rsv
fff390d0 t fdt_splice_struct_
fff3910c T fdt_setprop_placeholder
fff391c0 t fdt_add_property_
fff392de T fdt_setprop
fff39316 T fdt_delprop
fff3936c T fdt_add_subnode_namelen
fff39453 T fdt_add_subnode
fff3947b T fdt_open_into
fff395fa t fdt_blocks_misordered_
fff39637 t fdt_packblocks_
fff396b5 t fdt_splice_
fff39723 T fdt_strerror
fff39752 T fdt_address_cells
fff3977c t fdt_cells
fff397b9 T fdt_size_cells
fff397d6 T fdtdec_get_int
fff39802 T fdtdec_get_srcname
fff39816 T fdtdec_get_addr_size_fixed
fff398d0 T fdtdec_get_number
fff398ef T fdtdec_get_addr_size_auto_parent
fff39948 T fdtdec_get_pci_bar32
fff39974 T fdtdec_get_is_enabled
fff399a8 T fdtdec_get_alias_seq
fff39a9f T fdtdec_get_alias_highest_id
fff39b4f T fdtdec_get_chosen_prop
fff39b7f T fdtdec_prepare_fdt
fff39bd0 T fdtdec_get_bool
fff39bee T fdtdec_locate_byte_array
fff39c15 T fdt_get_resource
fff39d1f W fdtdec_board_setup
fff39d22 T fdtdec_setup
fff39d8a T qsort
fff39e47 T strcmp_compar
fff39e50 T hcreate_r
fff39ed1 T hdestroy_r
fff39f33 T hmatch_r
fff39fac T hsearch_r
fff3a3f6 T hdelete_r
fff3a4c9 T hexport_r
fff3a76b t cmpkey
fff3a778 T himport_r
fff3aa81 t drop_var_from_set
fff3aacd T hwalk_r
fff3ab0c t match_string
fff3ab86 T display_options_get_banner_priv
fff3ac0e T display_options_get_banner
fff3ac27 T display_options
fff3ac98 T print_size
fff3addc W __div64_32
fff3aefc T hang
fff3af0b T strim
fff3af4f T lmb_dump_all
fff3af50 T arch_lmb_reserve_generic
fff3b00f T lmb_reserve
fff3b030 T lmb_init_and_reserve
fff3b0a3 t lmb_reserve_common
fff3b14d T lmb_init_and_reserve_range
fff3b1a0 T lmb_free
fff3b330 t lmb_remove_region
fff3b36d t lmb_add_region_flags
fff3b673 T lmb_reserve_flags
fff3b696 T lmb_alloc
fff3b6af T lmb_alloc_base
fff3b6f6 T __lmb_alloc_base
fff3b947 T lmb_alloc_addr
fff3ba16 T lmb_get_free_size
fff3baf0 W board_lmb_reserve
fff3baf1 T slre_compile
fff3bc0f t compile
fff3c232 T slre_match
fff3c2a3 t match
fff3c5c5 t get_escape_char
fff3c61b t quantifier
fff3c6e2 t relocate
fff3c731 t loop_greedy
fff3c7db t loop_non_greedy
fff3c841 T strncasecmp
fff3c899 T strcasecmp
fff3c8a1 T strcpy
fff3c8b1 T strncpy
fff3c8c7 T strlcpy
fff3c8fe T strlen
fff3c90e T strcat
fff3c92b T strncat
fff3c957 T strnlen
fff3c974 T strcmp
fff3c992 T strncmp
fff3c9b6 T strchr
fff3c9ce T strrchr
fff3c9ee T strdup
fff3ca22 T strsep
fff3ca71 T memcmp
fff3ca93 T strstr
fff3caee T memchr
fff3cb07 T table_compute_checksum
fff3cb19 T get_tbclk
fff3cb46 T get_ticks
fff3cba0 W timer_init
fff3cba3 T usec_to_tick
fff3cc11 T udelay
fff3cc37 T uuid_str_valid
fff3cc88 T uuid_guid_get_bin
fff3ccd0 T uuid_guid_get_str
fff3cd02 T uuid_str_to_bin
fff3ce30 T uuid_bin_to_str
fff3cedc T rand
fff3cefc t panic_finish
fff3cf27 T panic
fff3cf40 T vsnprintf
fff3cf5a t vsnprintf_internal
fff3d6f2 T vscnprintf
fff3d720 T snprintf
fff3d747 T sprintf
fff3d76e T printf
fff3d786 T vprintf
fff3d7d0 T simple_itoa
fff3d80b t string16
fff3d8d6 t string
fff3d949 t number
fff3dbd6 t put_dec_trunc
fff3dcc5 t put_dec
fff3de17 T simple_strtoul
fff3de9d T hextoul
fff3dea7 T dectoul
fff3deb1 T strict_strtoul
fff3df12 T simple_strtol
fff3df2e T ustrtoul
fff3df94 T ustrtoull
fff3e004 T simple_strtoull
fff3e092 T trailing_strtoln_end
fff3e0f3 T trailing_strtoln
fff3e0fa T trailing_strtol
fff3e103 T rtc_calc_weekday
fff3e1b7 T arp_init
fff3e1db T arp_raw_request
fff3e277 T arp_request
fff3e2cb T arp_timeout_check
fff3e33b T arp_is_waiting
fff3e346 T arp_receive
fff3e50d T bootp_reset
fff3e536 T bootp_request
fff3e7de t bootp_timeout_handler
fff3e831 t bootp_handler
fff3eb91 T eth_set_current_to_next
fff3ebc2 t eth_get_uclass_priv
fff3ebe8 T eth_get_dev
fff3ec39 T eth_set_dev
fff3ec67 T eth_get_dev_by_name
fff3ed20 T eth_get_ethaddr
fff3ed41 T eth_halt_state_only
fff3ed62 T eth_get_dev_index
fff3ed7f t on_ethaddr
fff3ede7 T eth_init
fff3eea3 T eth_halt
fff3eedc T eth_send
fff3ef28 T eth_rx
fff3efbb T eth_initialize
fff3f0d0 t eth_write_hwaddr
fff3f157 t eth_post_bind
fff3f18f t eth_pre_unbind
fff3f1b0 t eth_post_probe
fff3f34b t eth_pre_remove
fff3f37a T eth_env_get_enetaddr_by_index
fff3f3ae T eth_env_set_enetaddr_by_index
fff3f3e2 T eth_common_init
fff3f3e3 T eth_mac_skip
fff3f41c T eth_current_changed
fff3f4ab T eth_get_name
fff3f4ca T eth_try_another
fff3f52b T eth_set_current
fff3f58e T ndisc_request
fff3f718 T ndisc_timeout_check
fff3f78b T ndisc_init
fff3f7f1 T ndisc_receive
fff3fa2b t on_ipaddr
fff3fa4d t on_gatewayip
fff3fa6f t on_netmask
fff3fa91 t on_serverip
fff3fab3 t on_nvlan
fff3faec t on_vlan
fff3fb25 T net_auto_load
fff3fb77 t net_check_prereq
fff3fcc7 T net_init
fff3fd4b t net_init_loop
fff3fdb9 T net_loop
fff40073 T net_start_again
fff40175 T net_set_timeout_handler
fff401b8 t start_again_timeout_handler
fff401c3 T net_set_udp_handler
fff401d5 T net_get_udp_handler
fff401db t dummy_handler
fff401dc T net_get_arp_handler
fff401e2 T net_get_async_tx_pkt_buf
fff401fe T net_send_udp_packet
fff4021e T net_send_ip_packet
fff4036e T net_send_tcp_packet
fff403a3 T net_set_ether
fff40406 T net_set_udp_header
fff40464 T net_set_ip_header
fff404e4 T net_process_received_packet
fff4073e t receive_icmp
fff4077c T net_eth_hdr_size
fff40799 T net_update_ether
fff407fc T copy_filename
fff4083e T net_parse_bootfile
fff408b6 T ip_to_string
fff408ee t on_ip6addr
fff40964 t on_gatewayip6
fff40991 t on_serverip6
fff409be T ip6_is_unspecified_addr
fff409d1 T ip6_is_our_addr
fff40a0e T ip6_make_eui
fff40a40 T ip6_make_lladdr
fff40a80 T ip6_make_snma
fff40ab6 T ip6_make_mult_ethdstaddr
fff40acb T ip6_addr_in_subnet
fff40b02 T csum_partial
fff40ba4 T csum_ipv6_magic
fff40c2b T ip6_add_hdr
fff40c78 T udp6_add_hdr
fff40ce6 T net_send_ip_packet6
fff40e75 T net_send_udp_packet6
fff40e95 T net_send_tcp_packet6
fff40ec9 T net_ip6_handler
fff41098 T ping_start
fff4115e t ping_timeout_handler
fff41174 T ping_receive
fff4126e T ip6_make_ping
fff41332 T ping6_send
fff413c3 T ping6_start
fff413f3 t ping6_timeout
fff41409 T ping6_receive
fff4145b T tftp_start
fff41919 t tftp_timeout_handler
fff4197a t tftp_handler
fff41d06 t tftp_send
fff41f20 t update_block_number
fff42006 t tftp_complete
fff420db T fastboot_udp_start_server
fff4212b t fastboot_handler
fff4224a t fastboot_send
fff42501 T fastboot_tcp_start_server
fff42558 t fastboot_tcp_handler_ipv4
fff42570 t fastboot_tcp_handler_ipv6
fff425b4 t fastboot_tcp_handler
fff42838 t fastboot_tcp_answer
fff428a5 T udp_prereq
fff428b8 T udp_start
fff428c4 T tcp_set_tcp_state
fff428ca T tcp_set_tcp_handler
fff428dc t dummy_handler
fff428dd T tcp_set_pseudo_header
fff4293f T net_set_ack_options
fff429d6 T tcp_sent_state_machine
fff42a51 T net_set_tcp_header_common
fff42b2b T net_set_tcp_header
fff42ba8 T tcp_hole
fff42cc4 T tcp_parse_options
fff42cf1 T tcp_state_machine
fff42f1d T rxhand_tcp_f
fff43098 T net_set_tcp_handler6
fff430aa t dummy_handler
fff430ab T net_set_tcp_header6
fff43138 T rxhand_tcp6
fff43276 T __udivdi3
fff4328e t _64bit_divide
fff433ae T __umoddi3
fff433e8 d _u_boot_list_2_cmd_2_ab_select
fff433e8 d complete_cmdv.start
fff433e8 d complete_cmdv.start.17
fff433e8 d do_help.start
fff433e8 d do_help.start.6
fff433e8 d find_cmd.start
fff433e8 d find_cmd.start.2
fff43404 d _u_boot_list_2_cmd_2_avb
fff43420 d _u_boot_list_2_cmd_2_boot
fff4343c d _u_boot_list_2_cmd_2_boot_android
fff43458 d _u_boot_list_2_cmd_2_bootd
fff43474 d _u_boot_list_2_cmd_2_bootefi
fff43490 d _u_boot_list_2_cmd_2_bootm
fff434ac d _u_boot_list_2_cmd_2_bootp
fff434c8 d _u_boot_list_2_cmd_2_bootz
fff434e4 d _u_boot_list_2_cmd_2_cls
fff43500 d _u_boot_list_2_cmd_2_date
fff4351c d _u_boot_list_2_cmd_2_dm
fff43538 d _u_boot_list_2_cmd_2_echo
fff43554 d _u_boot_list_2_cmd_2_env
fff43570 d _u_boot_list_2_cmd_2_exit
fff4358c d _u_boot_list_2_cmd_2_false
fff435a8 d _u_boot_list_2_cmd_2_fastboot
fff435c4 d _u_boot_list_2_cmd_2_fatinfo
fff435e0 d _u_boot_list_2_cmd_2_fatload
fff435fc d _u_boot_list_2_cmd_2_fatls
fff43618 d _u_boot_list_2_cmd_2_fatmkdir
fff43634 d _u_boot_list_2_cmd_2_fatrm
fff43650 d _u_boot_list_2_cmd_2_fatsize
fff4366c d _u_boot_list_2_cmd_2_fatwrite
fff43688 d _u_boot_list_2_cmd_2_fstype
fff436a4 d _u_boot_list_2_cmd_2_fstypes
fff436c0 d _u_boot_list_2_cmd_2_gpt
fff436dc d _u_boot_list_2_cmd_2_help
fff436f8 d _u_boot_list_2_cmd_2_itest
fff43714 d _u_boot_list_2_cmd_2_lcdputs
fff43730 d _u_boot_list_2_cmd_2_ln
fff4374c d _u_boot_list_2_cmd_2_load
fff43768 d _u_boot_list_2_cmd_2_ls
fff43784 d _u_boot_list_2_cmd_2_mtrr
fff437a0 d _u_boot_list_2_cmd_2_net
fff437bc d _u_boot_list_2_cmd_2_panic
fff437d8 d _u_boot_list_2_cmd_2_part
fff437f4 d _u_boot_list_2_cmd_2_ping
fff43810 d _u_boot_list_2_cmd_2_ping6
fff4382c d _u_boot_list_2_cmd_2_printenv
fff43848 d _u_boot_list_2_cmd_2_question_mark
fff43864 d _u_boot_list_2_cmd_2_read
fff43880 d _u_boot_list_2_cmd_2_reset
fff4389c d _u_boot_list_2_cmd_2_run
fff438b8 d _u_boot_list_2_cmd_2_save
fff438d4 d _u_boot_list_2_cmd_2_setcurs
fff438f0 d _u_boot_list_2_cmd_2_setenv
fff4390c d _u_boot_list_2_cmd_2_setexpr
fff43928 d _u_boot_list_2_cmd_2_showvar
fff43944 d _u_boot_list_2_cmd_2_size
fff43960 d _u_boot_list_2_cmd_2_sleep
fff4397c d _u_boot_list_2_cmd_2_source
fff43998 d _u_boot_list_2_cmd_2_test
fff439b4 d _u_boot_list_2_cmd_2_tftpboot
fff439d0 d _u_boot_list_2_cmd_2_true
fff439ec d _u_boot_list_2_cmd_2_verified_boot_android
fff43a08 d _u_boot_list_2_cmd_2_version
fff43a24 d _u_boot_list_2_cmd_2_virtio
fff43a40 d _u_boot_list_2_cmd_2_zboot
fff43a5c d complete_cmdv.end
fff43a5c d do_help.end
fff43a5c d find_cmd.end
fff43a60 d _u_boot_list_2_driver_2_blk_partition
fff43a60 d dm_dump_driver_compat.start
fff43a60 d dm_dump_driver_compat.start.4
fff43a60 d dm_dump_drivers.start
fff43a60 d dm_dump_drivers.start.11
fff43a60 d efi_driver_init.start
fff43a60 d fix_drivers.start
fff43a60 d fix_drivers.start.1
fff43a60 d lists_bind_fdt.start
fff43a60 d lists_bind_fdt.start.3
fff43a60 d lists_driver_lookup_name.start
fff43a60 d lists_driver_lookup_name.start.1
fff43aa4 d _u_boot_list_2_driver_2_cpu_bus
fff43ae8 d _u_boot_list_2_driver_2_cpu_qemu_drv
fff43b2c d _u_boot_list_2_driver_2_cpu_x86_drv
fff43b70 d _u_boot_list_2_driver_2_efi_blk
fff43bb4 d _u_boot_list_2_driver_2_efi_block
fff43bf8 d _u_boot_list_2_driver_2_generic_syscon
fff43c3c d _u_boot_list_2_driver_2_irq_router_drv
fff43c80 d _u_boot_list_2_driver_2_motorola_mc146818
fff43cc4 d _u_boot_list_2_driver_2_ns16550_serial
fff43d08 d _u_boot_list_2_driver_2_pci_bridge_drv
fff43d4c d _u_boot_list_2_driver_2_pci_generic_drv
fff43d90 d _u_boot_list_2_driver_2_pci_x86
fff43dd4 d _u_boot_list_2_driver_2_qfw_pio
fff43e18 d _u_boot_list_2_driver_2_root_driver
fff43e5c d _u_boot_list_2_driver_2_sysinfo_smbios
fff43ea0 d _u_boot_list_2_driver_2_vidconsole_normal
fff43ee4 d _u_boot_list_2_driver_2_virtio_blk
fff43f28 d _u_boot_list_2_driver_2_virtio_console
fff43f6c d _u_boot_list_2_driver_2_virtio_net
fff43fb0 d _u_boot_list_2_driver_2_virtio_pci_modern
fff43ff4 d _u_boot_list_2_driver_2_x86_reset
fff44038 d _u_boot_list_2_driver_2_x86_tsc_timer
fff4407c d dm_dump_driver_compat.end
fff4407c d dm_dump_drivers.end
fff4407c d efi_driver_init.end
fff4407c d fix_drivers.end
fff4407c d lists_bind_fdt.end
fff4407c d lists_driver_lookup_name.end
fff44080 d _u_boot_list_2_driver_info_2_x86_qfw_pio
fff44080 d bind_drivers_pass.start
fff44080 d bind_drivers_pass.start.14
fff44080 d dm_dump_static_driver_info.start
fff44080 d dm_dump_static_driver_info.start.19
fff44080 d fix_devices.start
fff44080 d fix_devices.start.3
fff44088 d _u_boot_list_2_env_clbk_2_baudrate
fff44088 d bind_drivers_pass.end
fff44088 d dm_dump_static_driver_info.end
fff44088 d find_env_callback.start
fff44088 d find_env_callback.start.3
fff44088 d fix_devices.end
fff44090 d _u_boot_list_2_env_clbk_2_callbacks
fff44098 d _u_boot_list_2_env_clbk_2_console
fff440a0 d _u_boot_list_2_env_clbk_2_ethaddr
fff440a8 d _u_boot_list_2_env_clbk_2_flags
fff440b0 d _u_boot_list_2_env_clbk_2_gatewayip
fff440b8 d _u_boot_list_2_env_clbk_2_gatewayip6
fff440c0 d _u_boot_list_2_env_clbk_2_ip6addr
fff440c8 d _u_boot_list_2_env_clbk_2_ipaddr
fff440d0 d _u_boot_list_2_env_clbk_2_loadaddr
fff440d8 d _u_boot_list_2_env_clbk_2_netmask
fff440e0 d _u_boot_list_2_env_clbk_2_nvlan
fff440e8 d _u_boot_list_2_env_clbk_2_serverip
fff440f0 d _u_boot_list_2_env_clbk_2_serverip6
fff440f8 d _u_boot_list_2_env_clbk_2_vlan
fff44100 d _env_driver_lookup.start
fff44100 d _env_driver_lookup.start.11
fff44100 d _u_boot_list_2_env_driver_2_nowhere
fff44100 d env_select.start
fff44100 d env_select.start.8
fff44100 d find_env_callback.end
fff44118 d _env_driver_lookup.end
fff44118 d _u_boot_list_2_part_driver_2_a_efi
fff44118 d do_part_types.start
fff44118 d do_part_types.start.18
fff44118 d env_select.end
fff44118 d event_show_spy_list.end
fff44118 d event_show_spy_list.start
fff44118 d event_show_spy_list.start.2
fff44118 d fit_loadable_process.start
fff44118 d fit_loadable_process.start.16
fff44118 d notify_static.end
fff44118 d notify_static.start
fff44118 d notify_static.start.9
fff44118 d part_driver_get_count.start
fff44118 d part_driver_get_first.start
fff44118 d part_driver_lookup_type.start
fff44118 d part_driver_lookup_type.start.44
fff44118 d part_init.start
fff44118 d part_init.start.19
fff44130 d _u_boot_list_2_part_driver_2_dos
fff44148 d _u_boot_list_2_pci_driver_entry_2_virtio_pci_modern
fff44148 d do_part_types.end
fff44148 d part_driver_get_count.end
fff44148 d part_driver_lookup_type.end
fff44148 d part_init.end
fff44148 d pci_find_and_bind_driver.start
fff44148 d pci_find_and_bind_driver.start.14
fff44150 d _u_boot_list_2_uclass_driver_2_backlight
fff44150 d fix_uclass.start
fff44150 d fix_uclass.start.2
fff44150 d lists_uclass_lookup.start
fff44150 d lists_uclass_lookup.start.2
fff44150 d pci_find_and_bind_driver.end
fff44198 d _u_boot_list_2_uclass_driver_2_blk
fff441e0 d _u_boot_list_2_uclass_driver_2_cpu
fff44228 d _u_boot_list_2_uclass_driver_2_efi
fff44270 d _u_boot_list_2_uclass_driver_2_ethernet
fff442b8 d _u_boot_list_2_uclass_driver_2_irq
fff44300 d _u_boot_list_2_uclass_driver_2_lpc
fff44348 d _u_boot_list_2_uclass_driver_2_nop
fff44390 d _u_boot_list_2_uclass_driver_2_northbridge
fff443d8 d _u_boot_list_2_uclass_driver_2_panel
fff44420 d _u_boot_list_2_uclass_driver_2_partition
fff44468 d _u_boot_list_2_uclass_driver_2_pch
fff444b0 d _u_boot_list_2_uclass_driver_2_pci
fff444f8 d _u_boot_list_2_uclass_driver_2_pci_generic
fff44540 d _u_boot_list_2_uclass_driver_2_qfw
fff44588 d _u_boot_list_2_uclass_driver_2_rng
fff445d0 d _u_boot_list_2_uclass_driver_2_root
fff44618 d _u_boot_list_2_uclass_driver_2_rtc
fff44660 d _u_boot_list_2_uclass_driver_2_serial
fff446a8 d _u_boot_list_2_uclass_driver_2_syscon
fff446f0 d _u_boot_list_2_uclass_driver_2_sysinfo
fff44738 d _u_boot_list_2_uclass_driver_2_sysreset
fff44780 d _u_boot_list_2_uclass_driver_2_timer
fff447c8 d _u_boot_list_2_uclass_driver_2_vidconsole
fff44810 d _u_boot_list_2_uclass_driver_2_video
fff44858 d _u_boot_list_2_uclass_driver_2_virtio
fff448a0 R __splash_u_boot_logo_begin
fff448a0 d fix_uclass.end
fff448a0 d lists_uclass_lookup.end
fff463b4 R __splash_u_boot_logo_end
fff463c8 r efi_block_io_guid
fff463d8 r efi_file_info_guid
fff463e8 r efi_file_system_info_guid
fff463f8 r efi_global_variable_guid
fff46408 r efi_gop_guid
fff46418 r efi_guid_bootmenu_auto_generated
fff46428 r efi_guid_device_path
fff46438 r efi_guid_device_path_to_text_protocol
fff46448 r efi_guid_device_path_utilities_protocol
fff46458 r efi_guid_driver_binding_protocol
fff46468 r efi_guid_dt_fixup_protocol
fff46478 r efi_guid_event_group_before_exit_boot_services
fff46488 r efi_guid_event_group_exit_boot_services
fff46498 r efi_guid_event_group_memory_map_change
fff464a8 r efi_guid_event_group_reset_system
fff464b8 r efi_guid_fdt
fff464c8 r efi_guid_hii_database_protocol
fff464d8 r efi_guid_hii_string_protocol
fff464e8 r efi_guid_image_security_database
fff464f8 r efi_guid_load_file2_protocol
fff46508 r efi_guid_load_file_protocol
fff46518 r efi_guid_loaded_image
fff46528 r efi_guid_loaded_image_device_path
fff46538 r efi_guid_rng_protocol
fff46548 r efi_guid_text_input_ex_protocol
fff46558 r efi_guid_text_input_protocol
fff46568 r efi_guid_text_output_protocol
fff46578 r efi_guid_unicode_collation_protocol2
fff46588 r efi_guid_virtio_dev
fff46598 r efi_lf2_initrd_guid
fff465a8 r efi_rt_properties_table_guid
fff465b8 r efi_simple_file_system_protocol_guid
fff465c8 r efi_system_partition_guid
fff465d8 r efi_system_volume_label_id
fff465e8 r list_guid
fff466c0 r partition_basic_data_guid
fff466d0 r sha512_h0
fff46710 r sha512_k
fff46990 r shim_lock_guid
fff469a0 r smbios_guid
fff469b0 r system_guid
fff46a70 r avb_pubkey_size
fff46a94 r baudrate_table
fff46ad8 r blk_part_ops
fff46ae8 r block_io_disk_template
fff46b04 r boot_os
fff46b4c r bootloader_id
fff46ca0 r color
fff46ce0 r colours
fff46da0 r commands
fff46e14 r cpu_qemu_ids
fff46e24 r cpu_qemu_ops
fff46e38 r cpu_x86_ids
fff46e48 r cpu_x86_ops
fff46e5c r env_flags_varaccess_mask
fff46e8c r LZ4_decompress_generic.inc32table
fff46eac r LZ4_decompress_generic.dec64table
fff46ecc r sha256_h0
fff46f78 r driver_ops
fff46f88 r e820_type_name
fff46fb0 r efi_blk_ops
fff4710c r efi_device_path_to_text
fff47114 r efi_device_path_utilities
fff47134 r efi_file_handle_protocol
fff47174 r efi_hii_database
fff471a0 r efi_hii_string
fff471b4 r efi_lf2_protocol
fff471e4 r efi_rng_protocol
fff471ec r efi_unicode_collation_protocol2
fff47220 r exceptions
fff472a0 r fastboot_boot.bootm_args
fff472bc r fdt_errtable
fff47330 r fdt_src_name
fff47344 r feature
fff47348 r feature_legacy
fff4734c r freq_desc_tables
fff47464 r fstypes
fff474ec r generic_syscon_ids
fff47534 r getvar_dispatch
fff47618 r init_sequence_f
fff476e0 r init_sequence_f_r
fff476e8 r irq_router_ids
fff4778c r month_offset
fff477bc r mtrr_type_name
fff477d8 r name_type
fff478a0 r net_null_addr_ip6
fff478b0 r ns16550_serial_ids
fff478e0 r ns16550_serial_ops
fff47904 r op_adv
fff47a04 r op_table
fff47a84 r pci_bridge_ids
fff47a94 r pci_bridge_ops
fff47a9c r pci_generic_ids
fff47aac r pci_x86_ids
fff47abc r pci_x86_ops
fff47ac4 r reserved_list
fff47b48 r rtc_mc146818_ids
fff47b58 r rtc_mc146818_ops
fff47b84 r sha256_k
fff47c84 r smbios_write_funcs
fff47cbc r sysinfo_smbios_ids
fff47ccc r sysinfo_smbios_ops
fff47d48 r tsc_timer_ids
fff47d58 r tsc_timer_ops
fff47d5c r uclass_idname_str
fff47db4 r uimage_comp
fff47e14 r uimage_os
fff47eb0 r uimage_type
fff48140 r virtio_blk_ops
fff48150 r virtio_console_serial_ops
fff48174 r virtio_drv_name
fff48188 r virtio_net_ops
fff481cc r virtio_pci_ops
fff48270 r weekdays
fff4828c r x86_sysreset_ids
fff4829c r x86_vendor_name
fff482c8 r x86_vendors
fff48320 r END
fff48324 r ROOT
fff48338 r capitalization_table
fff49208 r codepage_437
fff49308 r distfix
fff49388 r dp_lf2_handle
fff493a0 r inflate.order
fff493c6 r inflate_table.dbase
fff49406 r inflate_table.dext
fff49446 r inflate_table.lbase
fff49484 r inflate_table.lext
fff494c2 r lenfix
fff49e26 r LONG_ONLY_CHARS
fff49e2d r _ctype
fff49f2d r android_bootloader_boot_flow.km_name
fff49f3e r avb_pubkey
fff4a347 r number.digits
fff4a357 r default_environment
fff4a4e6 r env_flags_varaccess_rep
fff4a4eb r env_flags_vartype_rep
fff4a4f2 r erase_seq
fff4a4f6 r extract_keymint_relevant_data.boot_patchlevel_key
fff4a51c r extract_keymint_relevant_data.system_patchlevel_key
fff4a544 r extract_keymint_relevant_data.system_version_key
fff4a568 r extract_keymint_relevant_data.vendor_patchlevel_key
fff4a590 r hex_asc
fff4a5a1 r illegal
fff4a5b2 r net_bcast_ethaddr
fff4a5b8 r net_null_ethaddr
fff4a5be r padding_RSA2048_SHA256
fff4a69e r padding_RSA2048_SHA512
fff4a75e r padding_RSA4096_SHA256
fff4a93e r padding_RSA4096_SHA512
fff4aafe r padding_RSA8192_SHA256
fff4aede r padding_RSA8192_SHA512
fff4b29e r print_size.names
fff521d1 r .L.str.8
fff5222d r .L.str.17
fff52232 r .L.str.18
fff58905 r tab_seq
fff5890e r version_string
fff5894e r video_fontdata
fff59950 D gdt64
fff59950 d gdt
fff59980 d gdt_end
fff59980 d load_flags
fff599a0 d xload_flags
fff599c8 d zboot_subcmds
fff59a70 d image_load_addr
fff59a74 d bootm_help_text
fff59e04 d cmd_bootm_sub
fff59f00 d source_help_text
fff59f4e d bootefi_help_text
fff5a05f d bootz_help_text
fff5a268 d default_tm
fff5a28c d dm_help_text
fff5a408 d dm_subcmds
fff5a4b0 d cmd_net
fff5a4cc d fastboot_help_text
fff5a588 d cmd_avb
fff5a684 d env_id
fff5a688 d env_help_text
fff5a858 d cmd_env_sub
fff5a91c d init_sequence_r
fff5a9a0 d hist_cur
fff5a9a4 d av_
fff5adac d trim_threshold
fff5adb0 d sbrk_base
fff5adb4 d _stats
fff5adc8 d block_cache
fff5add0 d root_info
fff5add8 d x86_sysreset_ops
fff5ade4 d virtio_iommu_platform_ops
fff5ade8 d virtio_pci_supported
fff5b504 d qfw_pio_ops
fff5b50c d console_normal_ops
fff5b520 d env_htab
fff5b530 d efi_obj_list
fff5b538 d efi_event_queue
fff5b540 d efi_register_notify_events
fff5b548 d entry_count
fff5b54c d efi_boot_services
fff5b614 d efi_tpl
fff5b618 d efi_cout_modes
fff5b63c d efi_con_mode
fff5b654 d efi_con_out
fff5b67c d efi_con_in
fff5b688 d efi_con_in_ex
fff5b6a0 d cin_notify_functions
fff5b6a8 d efi_dt_fixup_prot
fff5b6b4 d efi_package_lists
fff5b6bc d efi_keyboard_layout_list
fff5b6c4 d efi_mem
fff5b6cc d efi_obj_list_initialized
fff5b6d0 d efi_system_partition
fff5b6dc d algorithm_data
fff5b730 d y
fff5b734 d net_our_vlan
fff5b736 d net_native_vlan
fff5b738 d tftp_timeout_count_max
fff5b73c d tftp_block_size_option
fff5b73e d tftp_window_size_option
fff5b740 d timeout_ms
fff5b744 d timeout_count_max
fff5b748 d tftp_block_size
fff5b74a d sequence_number
fff5b74c d fastboot_send.cmd
fff5b760 d _GLOBAL_OFFSET_TABLE_
fff5b760 d __efi_runtime_rel_start
fff5b8c0 A __data_end
fff5b8c0 A __init_end
fff5b8c0 d __efi_runtime_rel_stop
fff5b8d0 A __rel_dyn_start
fff5b8d0 B __bss_start
fff5b8d0 b i440fx
fff5b8e0 b idt
fff5c0e0 b idt_ptr
fff5c0e8 b irq_handlers
fff5c1a8 b spurious_irq_cnt
fff5c1ac b state
fff5c1c8 b images
fff5c3dc b image_addr
fff5c3e0 b image_size
fff5c3e4 b bootefi_device_path
fff5c3e8 b bootefi_image_path
fff5c3ec b virtio_curr_dev
fff5c3f0 b avb_ops
fff5c3f4 b top_vars
fff5c3f8 b get_dollar_var.buf
fff5c420 b last_return_code
fff5c424 b flag_repeat
fff5c428 b ifs
fff5c42c b map
fff5c52c b do_repeat
fff5c52d b get_user_input.the_command
fff5c730 b stored_bootdelay
fff5c734 b monitor_flash_len
fff5c738 b console_buffer
fff5c93c b cli_readline_into_buffer.initted
fff5c940 b hist_max
fff5c944 b hist_add_idx
fff5c948 b hist_num
fff5c94c b hist_lines
fff5f160 b hist_list
fff5f1b0 b ctrlc_disabled
fff5f1b4 b ctrlc_was_pressed
fff5f1b8 b console_devices
fff5f1c4 b cd_count
fff5f1d0 b tstcdev
fff5f1d4 b mem_malloc_start
fff5f1d8 b mem_malloc_end
fff5f1dc b mem_malloc_brk
fff5f1e0 b top_pad
fff5f1e4 b current_mallinfo.0
fff5f1e8 b max_sbrked_mem
fff5f1ec b max_total_mem
fff5f1f0 b stdio_devices
fff5f1fc b devs
fff5f24c b env_complete_buf
fff5f44c b tmp_buf
fff5f64d b print_efiname.name
fff5f672 b mode_info
fff5f778 b virtio_pci_bind.num_devs
fff5f77c b fastboot_progress_callback
fff5f780 b fastboot_boot.boot_addr_start
fff5f794 b fastboot_buf_addr
fff5f798 b fastboot_buf_size
fff5f79c b fastboot_bytes_expected
fff5f7a0 b fastboot_bytes_received
fff5f7a4 b first_call
fff5f7a8 b flags_list
fff5f7ac b first_call
fff5f7b0 b callback_list
fff5f7b4 b fs_type
fff5f7b8 b fs_dev_desc
fff5f7bc b fs_partition
fff5f860 b fs_dev_part
fff5f864 b cur_dev
fff5f868 b cur_part_info
fff5f90c b total_sector
fff5f910 b get_set_cluster.tmpbuf_cluster
fff5f914 b bs
fff5f918 b rs
fff5f91c b timers_enabled
fff5f920 b current_image
fff5f924 b efi_st_keep_devices
fff5f928 b efi_get_next_monotonic_count.mono
fff5f930 b uart_obj
fff5f948 b console_timer_event
fff5f94c b key_available
fff5f950 b next_key
fff5f95c b efi_memory_map_key
fff5f960 b efi_root
fff5f964 b watchdog_timer_event
fff5f968 b efi_initrd_handle
fff5f96c b binman
fff5f970 b errno
fff5f974 b local_toa
fff5f98c b arp_wait_packet_ethaddr
fff5f990 b net_arp_wait_packet_ip
fff5f994 b net_arp_wait_reply_ip.0
fff5f998 b arp_wait_tx_packet_size
fff5f99c b arp_tx_packet_buf
fff5ffdc b arp_tx_packet
fff5ffe0 b arp_wait_timer_start
fff5ffe4 b arp_wait_try
fff5ffe8 b net_nis_domain
fff60008 b net_hostname
fff60028 b net_root_path
fff60068 b bootp_num_ids
fff6006c b bootp_try
fff60070 b bootp_start
fff60074 b bootp_timeout
fff60078 b time_taken_max
fff6007c b bootp_ids
fff6008c b eth_errno
fff60090 b eth_try_another.first_failed
fff60094 b eth_set_current.act
fff60098 b eth_set_current.env_changed_id
fff6009c b net_nd_sol_packet_ip6
fff600ac b net_nd_timer_start
fff600b0 b net_nd_try
fff600b4 b net_nd_packet_mac
fff600b8 b net_nd_tx_packet
fff600bc b net_nd_tx_packet_size
fff600c0 b net_nd_packet_buf
fff60700 b net_nd_rep_packet_ip6
fff60710 b push_packet
fff60714 b net_init.first_call
fff60715 b net_pkt_buf
fff62558 b net_tx_packet
fff6255c b net_rx_packets
fff6256c b net_state
fff62570 b net_restarted
fff62574 b net_dev_exists
fff62578 b net_try_count
fff6257c b net_boot_file_size
fff62580 b net_ip
fff62584 b time_start
fff62588 b time_handler
fff6258c b time_delta
fff62590 b net_restart_wrap
fff62594 b udp_packet_handler
fff62598 b arp_packet_handler
fff6259c b net_server_ethaddr
fff625a4 b net_server_ip
fff625a8 b net_rx_packet
fff625ac b net_rx_packet_len
fff625b0 b net_ethaddr
fff625b8 b net_ip_id
fff625bc b net_boot_file_name
fff629bc b net_netmask
fff629c0 b net_gateway
fff629c4 b net_dns_server
fff629c8 b net_boot_file_name_explicit
fff629cc b net_boot_file_expected_size_in_blocks
fff629d0 b net_gateway6
fff629e0 b net_ip6
fff629f0 b net_link_local_ip6
fff62a00 b net_server_ip6
fff62a10 b net_prefix_length
fff62a14 b use_ip6
fff62a18 b net_ping_ip
fff62a1c b ping_seq_number
fff62a1e b seq_no
fff62a20 b ping6_send.mac
fff62a28 b net_ping_ip6
fff62a38 b saved_tftp_block_size_option
fff62a3c b tftp_remote_ip6
fff62a4c b tftp_remote_ip
fff62a50 b tftp_filename
fff62ad0 b default_filename
fff62ae0 b tftp_load_addr
fff62ae4 b tftp_state
fff62ae8 b time_start
fff62aec b tftp_remote_port
fff62af0 b timeout_count
fff62af4 b tftp_our_port
fff62af8 b tftp_cur_block
fff62afc b tftp_windowsize
fff62afe b tftp_last_nack
fff62b00 b tftp_tsize
fff62b04 b tftp_tsize_num_hash
fff62b08 b tftp_load_size
fff62b0c b tftp_next_ack
fff62b10 b tftp_prev_block
fff62b14 b tftp_block_wrap
fff62b18 b tftp_block_wrap_offset
fff62b1c b fastboot_our_port
fff62b20 b fastboot_remote_ip.0
fff62b24 b fastboot_remote_port
fff62b28 b fastboot_send.command
fff62b69 b fastboot_send.pending_command
fff62b6a b last_packet
fff62f6c b last_packet_len
fff62f70 b is_ipv6
fff62f74 b ip_header_size
fff62f78 b curr_sport
fff62f7a b curr_dport
fff62f7c b curr_tcp_seq_num
fff62f80 b curr_tcp_ack_num
fff62f84 b curr_request_len
fff62f88 b state
fff62f8c b command
fff62fcd b response
fff63010 b command_handled_id
fff63014 b command_handled_success
fff63018 b udp_ops
fff6301c b current_tcp_state
fff63020 b tcp_packet_handler
fff63024 b loc_timestamp
fff63028 b rmt_timestamp
fff6302c b tcp_lost
fff63050 b tcp_activity_count
fff63054 b tcp_ack_edge
fff63058 b prev_len
fff6305c b sack_idx
fff63060 b edge_a
fff631e0 b tcp6_packet_handler
fff631e4 B __bss_end
fff69710 A __rel_dyn_end
fff69710 A _end
