0000f800 T start16
0000f831 t ff
0000f83a t code32start
0000f840 t idt_ptr
0000f846 t gdt_ptr
0000f850 T gdt_rom
0000fff0 t reset_vector
fff00000 A __text_start
fff00000 T _x86boot_start
fff0001c T _start
fff0003f T car_init_ret
fff00076 T board_init_f_r_trampoline
fff00082 t die
fff00088 W car_uninit
fff00089 t blank_idt_ptr
fff00090 t multiboot_header
fff000b0 T efi_reset_system
fff000b0 d __efi_runtime_start
fff000cf T efi_memcpy_runtime
fff000e5 T efi_update_table_header_crc32
fff00107 W efi_get_time
fff0010d W efi_set_time
fff00113 T efi_update_capsule_unsupported
fff00119 T efi_query_capsule_caps_unsupported
fff0011f T efi_convert_pointer
fff001cc t efi_unimplemented
fff001d2 t efi_set_virtual_address_map_runtime
fff001d8 t efi_convert_pointer_runtime
fff001de T efi_runtime_detach
fff00224 T efi_runtime_relocate
fff0032a T efi_get_variable_runtime
fff0035d T efi_get_next_variable_name_runtime
fff0036e T efi_var_mem_find
fff00444 t efi_var_mem_compare
fff004a4 T efi_var_mem_del
fff00513 T efi_var_mem_ins
fff0060b T efi_var_mem_free
fff0061c t efi_var_mem_notify_virtual_address_map
fff0063e T efi_get_variable_mem
fff006c7 T efi_get_next_variable_name_mem
fff00770 T efi_get_variable_int
fff00775 T efi_get_next_variable_name_int
fff0077a T efi_query_variable_info_runtime
fff00780 t efi_set_variable_runtime
fff00786 T u16_strnlen
fff007a0 T crc32_no_comp
fff00863 T crc32
fff00874 t crc_table
fff00c74 t efi_events
fff00c7c t systab
fff00cc4 t firmware_vendor
fff00cdc t efi_runtime_mmio
fff00ce4 t efi_runtime_services
fff00d34 t efi_virtmap
fff00d38 t efi_descriptor_count
fff00d3c t efi_descriptor_size
fff00d40 t efi_runtime_relocate.lastoff
fff00d44 t efi_var_buf
fff00d48 t efi_current_var
fff00d4c d __efi_runtime_stop
fff00d50 T x86_init_cache
fff00d50 W init_cache
fff00d5e T flush_cache
fff00d61 T flush_dcache_range
fff00d62 T invalidate_dcache_range
fff00d63 T cpu_vendor_name
fff00d7a T cpu_get_name
fff00dc4 W board_final_init
fff00dc5 W board_final_cleanup
fff00dc6 T last_stage_init
fff00e0b T cpu_init_r
fff00e6b T reserve_arch
fff00e8d T cpu_x86_bind
fff00ee6 T cpu_x86_get_vendor
fff00f21 T cpu_x86_get_desc
fff00f4e T cpu_x86_get_count
fff00fd9 T microcode_read_rev
fff00ff7 T car_init
fff01008 T qemu_get_low_memory_size
fff01028 T qemu_get_high_memory_size
fff0104c T dram_init
fff0109b T dram_init_banksize
fff01113 T board_get_usable_ram_top
fff01135 T arch_cpu_init
fff0113e T checkcpu
fff01141 T arch_early_init_r
fff0128b T arch_misc_init
fff012b2 T mp_determine_pci_dstirq
fff012fb T cpu_qemu_get_desc
fff01315 t cpu_qemu_get_count
fff01332 T install_e820_map
fff01433 T lapic_read
fff0143a T lapic_write
fff01441 T enable_lapic
fff01460 T lapicid
fff01469 T lapic_setup
fff014db T io_apic_read
fff014e6 T qemu_cpu_fixup
fff01665 T pirq_check_irq_routed
fff0170d T pirq_translate_link
fff0174d T pirq_assign_irq
fff017ea T irq_router_probe
fff01c04 T mp_run_on_cpus
fff01c54 t get_bsp
fff01cc3 T mp_first_cpu
fff01d1e T mp_next_cpu
fff01d24 T mp_init
fff020d3 t find_cpu_by_apic_id
fff0212f t mp_init_cpu
fff0215e t ap_wait_for_instruction
fff02161 t ap_init
fff021e4 t apic_wait_timeout
fff0222b T mtrr_open
fff02273 T mtrr_close
fff022ad T mtrr_read_all
fff022f7 T mtrr_get_var_count
fff02302 T mtrr_write_all
fff0236a T mtrr_commit
fff02463 t h_comp_mtrr
fff02490 T mtrr_set_next_var
fff02528 T mtrr_set_valid
fff0254a t mtrr_start_op
fff02586 T mtrr_set
fff025c5 t read_mtrrs
fff025ca t write_mtrrs
fff025cf t mtrr_do_oper
fff0262c T pci_x86_read_config
fff0268b T pci_x86_write_config
fff026e8 T pci_assign_irqs
fff02770 T ap_start16
fff027b4 T sipi_params_16bit
fff027b4 t ap_start_jmp
fff027bc t gdtaddr
fff027c4 T ap_start
fff027c4 T ap_start16_code_end
fff02829 t lock_microcode
fff02834 t load_microcode
fff02854 t microcode_done
fff02864 t load_msr
fff0288c T sipi_params
fff0288c t idt_ptr
fff02890 t stack_top
fff02894 t stack_size
fff02898 t microcode_lock
fff0289c t microcode_ptr
fff028a0 t msr_table_ptr
fff028a4 t msr_count
fff028a8 t c_handler
fff028ac t ap_count
fff028b0 T cpu_call64
fff02901 t code64
fff02901 t lret_target
fff02906 T call64_stub_size
fff0290a T arch_setup_gd
fff029e6 t setup_identity
fff02afb T x86_cpu_init_f
fff02bcc T x86_enable_caches
fff02bcc W enable_caches
fff02bda T x86_disable_caches
fff02bda W disable_caches
fff02bea T dcache_status
fff02bf7 T cpu_has_64bit
fff02c3d T cpu_jump_to_64bit
fff02c82 t build_pagetable
fff02cd7 T x86_mp_init
fff02cf9 T irq_common_entry
fff02d28 T irq_0
fff02d2f T irq_1
fff02d36 T irq_2
fff02d3d T irq_3
fff02d44 T irq_4
fff02d4b T irq_5
fff02d52 T irq_6
fff02d59 T irq_7
fff02d60 T irq_8
fff02d67 T irq_9
fff02d6e T irq_10
fff02d75 T irq_11
fff02d7c T irq_12
fff02d83 T irq_13
fff02d8a T irq_14
fff02d91 T irq_15
fff02d98 T irq_16
fff02d9f T irq_17
fff02da6 T irq_18
fff02dad T irq_19
fff02db4 T irq_20
fff02dbb T irq_21
fff02dc2 T irq_22
fff02dc9 T irq_23
fff02dd0 T irq_24
fff02dd7 T irq_25
fff02dde T irq_26
fff02de5 T irq_27
fff02dec T irq_28
fff02df3 T irq_29
fff02dfa T irq_30
fff02e01 T irq_31
fff02e08 T irq_32
fff02e0f T irq_33
fff02e16 T irq_34
fff02e1d T irq_35
fff02e24 T irq_36
fff02e2b T irq_37
fff02e32 T irq_38
fff02e39 T irq_39
fff02e40 T irq_40
fff02e47 T irq_41
fff02e4e T irq_42
fff02e55 T irq_43
fff02e5c T irq_44
fff02e63 T irq_45
fff02e6a T irq_46
fff02e71 T irq_47
fff02e78 T irq_48
fff02e7f T irq_49
fff02e86 T irq_50
fff02e8d T irq_51
fff02e94 T irq_52
fff02e9b T irq_53
fff02ea2 T irq_54
fff02ea9 T irq_55
fff02eb0 T irq_56
fff02eb7 T irq_57
fff02ebe T irq_58
fff02ec5 T irq_59
fff02ecc T irq_60
fff02ed3 T irq_61
fff02eda T irq_62
fff02ee1 T irq_63
fff02ee8 T irq_64
fff02eef T irq_65
fff02ef6 T irq_66
fff02efd T irq_67
fff02f04 T irq_68
fff02f0b T irq_69
fff02f12 T irq_70
fff02f19 T irq_71
fff02f20 T irq_72
fff02f27 T irq_73
fff02f2e T irq_74
fff02f35 T irq_75
fff02f3c T irq_76
fff02f43 T irq_77
fff02f4a T irq_78
fff02f51 T irq_79
fff02f58 T irq_80
fff02f5f T irq_81
fff02f66 T irq_82
fff02f6d T irq_83
fff02f74 T irq_84
fff02f7b T irq_85
fff02f82 T irq_86
fff02f89 T irq_87
fff02f90 T irq_88
fff02f97 T irq_89
fff02f9e T irq_90
fff02fa5 T irq_91
fff02fac T irq_92
fff02fb3 T irq_93
fff02fba T irq_94
fff02fc1 T irq_95
fff02fc8 T irq_97
fff02fcf T irq_96
fff02fd6 T irq_98
fff02fdd T irq_99
fff02fe4 T irq_100
fff02feb T irq_101
fff02ff2 T irq_102
fff02ff9 T irq_103
fff03000 T irq_104
fff03007 T irq_105
fff0300e T irq_106
fff03015 T irq_107
fff0301c T irq_108
fff03023 T irq_109
fff0302a T irq_110
fff03031 T irq_111
fff03038 T irq_112
fff0303f T irq_113
fff03046 T irq_114
fff0304d T irq_115
fff03054 T irq_116
fff0305b T irq_117
fff03062 T irq_118
fff03069 T irq_119
fff03070 T irq_120
fff03077 T irq_121
fff0307e T irq_122
fff03085 T irq_123
fff0308c T irq_124
fff03093 T irq_125
fff0309a T irq_126
fff030a1 T irq_127
fff030a8 T irq_128
fff030b2 T irq_129
fff030bc T irq_130
fff030c6 T irq_131
fff030d0 T irq_132
fff030da T irq_133
fff030e4 T irq_134
fff030ee T irq_135
fff030f8 T irq_136
fff03102 T irq_137
fff0310c T irq_138
fff03116 T irq_139
fff03120 T irq_140
fff0312a T irq_141
fff03134 T irq_142
fff0313e T irq_143
fff03148 T irq_144
fff03152 T irq_145
fff0315c T irq_146
fff03166 T irq_147
fff03170 T irq_148
fff0317a T irq_149
fff03184 T irq_150
fff0318e T irq_151
fff03198 T irq_152
fff031a2 T irq_153
fff031ac T irq_154
fff031b6 T irq_155
fff031c0 T irq_156
fff031ca T irq_157
fff031d4 T irq_158
fff031de T irq_159
fff031e8 T irq_160
fff031f2 T irq_161
fff031fc T irq_162
fff03206 T irq_163
fff03210 T irq_164
fff0321a T irq_165
fff03224 T irq_166
fff0322e T irq_167
fff03238 T irq_168
fff03242 T irq_169
fff0324c T irq_170
fff03256 T irq_171
fff03260 T irq_172
fff0326a T irq_173
fff03274 T irq_174
fff0327e T irq_175
fff03288 T irq_176
fff03292 T irq_177
fff0329c T irq_178
fff032a6 T irq_179
fff032b0 T irq_180
fff032ba T irq_181
fff032c4 T irq_182
fff032ce T irq_183
fff032d8 T irq_184
fff032e2 T irq_185
fff032ec T irq_186
fff032f6 T irq_187
fff03300 T irq_188
fff0330a T irq_189
fff03314 T irq_190
fff0331e T irq_191
fff03328 T irq_192
fff03332 T irq_193
fff0333c T irq_194
fff03346 T irq_195
fff03350 T irq_196
fff0335a T irq_197
fff03364 T irq_198
fff0336e T irq_199
fff03378 T irq_200
fff03382 T irq_201
fff0338c T irq_202
fff03396 T irq_203
fff033a0 T irq_204
fff033aa T irq_205
fff033b4 T irq_206
fff033be T irq_207
fff033c8 T irq_208
fff033d2 T irq_209
fff033dc T irq_210
fff033e6 T irq_211
fff033f0 T irq_212
fff033fa T irq_213
fff03404 T irq_214
fff0340e T irq_215
fff03418 T irq_216
fff03422 T irq_217
fff0342c T irq_218
fff03436 T irq_219
fff03440 T irq_220
fff0344a T irq_221
fff03454 T irq_222
fff0345e T irq_223
fff03468 T irq_224
fff03472 T irq_225
fff0347c T irq_226
fff03486 T irq_227
fff03490 T irq_228
fff0349a T irq_229
fff034a4 T irq_230
fff034ae T irq_231
fff034b8 T irq_232
fff034c2 T irq_233
fff034cc T irq_234
fff034d6 T irq_235
fff034e0 T irq_236
fff034ea T irq_237
fff034f4 T irq_238
fff034fe T irq_239
fff03508 T irq_240
fff03512 T irq_241
fff0351c T irq_242
fff03526 T irq_243
fff03530 T irq_244
fff0353a T irq_245
fff03544 T irq_246
fff0354e T irq_247
fff03558 T irq_248
fff03562 T irq_249
fff0356c T irq_250
fff03576 T irq_251
fff03580 T irq_252
fff0358a T irq_253
fff03594 T irq_254
fff0359e T irq_255
fff035a8 T x86_get_idt
fff035ae T enable_interrupts
fff035b0 T disable_interrupts
fff035c0 T interrupt_init
fff0365e T irq_llsr
fff03698 t dump_regs
fff03820 T setjmp
fff03838 T longjmp
fff0384c t nz
fff0384f T memset
fff0388a T memcpy
fff038c0 T memmove
fff03a35 T boot_linux_kernel
fff03a9b T do_bootm_linux
fff03bd3 T arch_lmb_reserve
fff03bf2 T efi_add_known_memory
fff03c9e T init_cache_f_r
fff03cbd T irq_install_handler
fff03d48 T irq_free_handler
fff03d97 T do_irq
fff03e0b T mp_write_floating_table
fff03e4a T mp_config_table_init
fff03eae T mp_write_processor
fff03f6d T mptable_finalize
fff03fa4 T write_mp_table
fff042b2 T i8259_init
fff04320 T unmask_irq
fff04346 T mask_irq
fff0436a T specific_eoi
fff04384 T i8254_init
fff0439b T pirq_route_irqs
fff044da T copy_pirq_routing_table
fff04527 T write_pirq_routing_table
fff0454a T copy_uboot_to_ram
fff0457e T clear_bss
fff045b6 T do_elf_reloc_fixups
fff04658 T acpi_find_fadt
fff046e5 T enter_acpi_mode
fff046ef T table_fill_string
fff0471a T write_tables
fff04792 T load_zimage
fff0495f t get_boot_protocol
fff049a0 t get_kernel_version
fff049fb T setup_zimage
fff04cc6 T zimage_dump
fff052e2 t print_flags
fff0533b T do_zboot_parent
fff053f2 T android_bootloader_boot_kernel
fff054d1 t hex_to_str
fff05526 t complete_zboot
fff05552 t do_zboot_start
fff05613 t do_zboot_load
fff056ae t do_zboot_setup
fff0570c t do_zboot_info
fff0572e t do_zboot_go
fff05760 t do_zboot_dump
fff0579d W board_quiesce_devices
fff0579e T bootm_find_images
fff058a5 T bootm_disable_interrupts
fff058aa T bootm_process_cmdline
fff058ad T do_bootm_states
fff05eaf W switch_to_non_secure_mode
fff05eb0 W arch_preboot_os
fff05eb1 W board_preboot_os
fff05eb2 T boot_selected_os
fff05efc T bootm_os_get_boot_func
fff05f04 t do_bootm_standalone
fff05f3a T image_multi_getimg
fff05f91 T image_decomp
fff060b2 T genimg_get_os_name
fff060d7 T genimg_get_comp_name
fff060fc t on_loadaddr
fff0611b T env_get_bootm_low
fff0613c T env_get_bootm_size
fff061d7 T env_get_bootm_mapsize
fff061ff T memmove_wd
fff06208 T genimg_get_kernel_addr_fit
fff06219 T genimg_get_format
fff06245 T genimg_has_config
fff06248 T boot_get_ramdisk
fff0633e T boot_ramdisk_high
fff06448 T boot_get_setup
fff0644e T image_setup_linux
fff064b1 T ab_select_slot
fff06880 T android_image_get_kernel
fff0688b T android_image_check_header
fff0688e T android_image_get_end
fff06891 T android_image_get_kload
fff06895 T android_image_get_kcomp
fff06898 T android_image_get_ramdisk
fff068b0 T android_image_get_kernel_cmdline
fff068b4 T android_image_is_bootconfig_used
fff068bf T android_get_preloaded_partition
fff06971 t is_same_partition
fff069d5 T android_image_load
fff06f58 t _extract_boot_image_header
fff06fd2 t _read_in_boot_ramdisk
fff07002 T android_image_get_second
fff07006 T android_image_get_dtb_by_index
fff07009 t android_read_data
fff07129 T android_bootloader_boot_flow
fff07994 t do_avb_verify
fff07b1d t android_part_get_info_by_name_suffix
fff07b90 t get_partition_size
fff07c0e T extract_keymint_relevant_data
fff07df4 t parse_patchlevel
fff07eb0 T write_avb_to_keymint_console
fff08037 t km_boot_patchlevel
fff08092 t km_request_response
fff08200 t console_write
fff08261 t console_read
fff082bf T boot_fdt_add_mem_rsv_regions
fff083f1 t boot_fdt_reserve_region
fff0844a T boot_relocate_fdt
fff086b9 t fdt_error
fff086de T boot_get_fdt
fff088ce W ft_verify_fdt
fff088d2 W arch_fixup_fdt
fff088d5 T image_setup_libfdt
fff08a59 T do_bootm
fff08b29 T bootm_maybe_autostart
fff08b8c T do_bootd
fff08ba7 t do_help
fff08bde t do_panic
fff08bfa t do_version
fff08c35 t do_ab_select
fff08cd0 T blk_common_cmd
fff08f8e t do_source
fff08fe0 t do_boot_android
fff08ff7 t do_verified_boot_android
fff0900e t boot_android
fff0914b T efi_get_image_parameters
fff0915b T efi_set_bootdev
fff09280 T efi_run_image
fff093e8 t do_bootefi_exec
fff094b0 t do_bootefi
fff09646 W bootz_setup
fff0965a T do_bootz
fff09731 t do_video_clear
fff09746 T mk_date
fff09975 t do_date
fff09ade t do_dm
fff09b4d t complete_dm
fff09b79 t do_dm_dump_driver_compat
fff09b87 t do_dm_dump_devres
fff09b8a t do_dm_dump_drivers
fff09b98 t do_dm_dump_static_driver_info
fff09ba6 t do_dm_dump_tree
fff09bb4 t do_dm_dump_uclass
fff09bc2 t do_echo
fff09c2a t do_exit
fff09c40 T do_fat_size
fff09c52 T do_fat_fsload
fff09c64 t do_fat_ls
fff09c76 t do_fat_fsinfo
fff09d01 t do_fat_fswrite
fff09d13 t do_fat_rm
fff09d25 t do_fat_mkdir
fff09d37 t do_size_wrapper
fff09d49 t do_load_wrapper
fff09d5b t do_save_wrapper
fff09d6d t do_ls_wrapper
fff09d7f t do_ln_wrapper
fff09d91 t do_fstype_wrapper
fff09d96 t do_fstypes_wrapper
fff09d9b t do_itest
fff09e09 t binary_test
fff09f16 t evalstr
fff09f65 t evalexp
fff09fc2 t do_sleep
fff0a08f t do_bootp
fff0a0ab T do_tftpb
fff0a0ca t netboot_common
fff0a373 t do_ping
fff0a3d4 T do_ping6
fff0a440 t do_net
fff0a49b t do_net_list
fff0a518 t do_part
fff0a854 t do_part_info
fff0a998 T do_read
fff0aabf T setexpr_regex_sub
fff0acd8 t substitute
fff0ad9b t do_setexpr
fff0affe t get_arg
fff0b09a t regex_sub_var
fff0b19d t do_test
fff0b42f t do_false
fff0b433 t do_true
fff0b436 t do_virtio
fff0b4bc t do_video_setcursor
fff0b515 t do_video_puts
fff0b56a t do_fastboot
fff0b6c2 t do_gpt
fff0b912 t gpt_verify
fff0ba1b t gpt_setenv
fff0baf8 t gpt_enumerate
fff0bc08 t do_disk_guid
fff0bc53 t set_gpt_info
fff0c162 t extract_val
fff0c1dd t extract_env
fff0c27b T do_avb_init
fff0c2cb T do_avb_read_part
fff0c380 T do_avb_read_part_hex
fff0c495 T do_avb_write_part
fff0c532 T do_avb_read_rb
fff0c5a8 T do_avb_write_rb
fff0c619 T do_avb_get_uuid
fff0c684 T do_avb_verify_part
fff0c714 T do_avb_is_unlocked
fff0c77e t do_avb
fff0c7d5 t do_mtrr
fff0cad4 t read_mtrrs
fff0cad9 T env_get_id
fff0cadf T env_set
fff0cb35 t _do_env_set
fff0cccf t do_env
fff0cd1a t do_env_print
fff0cda7 t do_env_set
fff0cdc7 t do_env_default
fff0ce5c t do_env_delete
fff0cefc t do_env_verified_import
fff0d0d1 t do_env_exists
fff0d119 t env_print
fff0d1cb T board_init_f_alloc_reserve
fff0d1d4 T board_init_f_init_reserve
fff0d204 T main_loop
fff0d245 T get_version
fff0d24b T jumptable_init
fff0d4cf t dummy
fff0d4d0 t mdelay
fff0d4db T get_local_var
fff0d540 T set_local_var
fff0d676 T parse_string_outer
fff0d73c t parse_stream_outer
fff0dd6e T parse_file_outer
fff0dda0 T u_boot_hush_start
fff0dddd t do_showvar
fff0dec5 t static_peek
fff0decb t static_get
fff0dee0 t done_word
fff0e15a t done_pipe
fff0e195 t file_peek
fff0e19b t free_pipe_list
fff0e24b t new_pipe
fff0e27e t done_command
fff0e2ef t b_addqchr
fff0e331 t b_addchr
fff0e386 t run_list_real
fff0eb09 t insert_var_value_sub
fff0edc6 t make_string
fff0eeda t file_get
fff0f058 T bootdelay_process
fff0f0ee T autoboot_command
fff0f1d4 W board_add_ram_info
fff0f1d5 W mach_cpu_init
fff0f1d8 W arch_setup_dest_addr
fff0f1db W arch_reserve_mmu
fff0f1de W arch_reserve_stacks
fff0f1e1 W arch_setup_bdinfo
fff0f1e4 T setup_bdinfo
fff0f1ef T board_init_f
fff0f256 T board_init_f_r
fff0f2d4 t setup_mon_len
fff0f2e4 t log_init
fff0f2e7 t initf_bootstage
fff0f2ea t setup_spl_handoff
fff0f2ed t initf_dm
fff0f2f5 t init_baud_rate
fff0f31c t display_text_info
fff0f31f t print_resetinfo
fff0f3b3 t misc_init_f
fff0f3bd t announce_dram_init
fff0f3d0 t setup_dest_addr
fff0f42d t reserve_round_4k
fff0f43d t reserve_video
fff0f46a t reserve_trace
fff0f46d t reserve_uboot
fff0f4af t reserve_malloc
fff0f4cd t reserve_board
fff0f522 t reserve_global_data
fff0f553 t reserve_fdt
fff0f5c1 t reserve_bootstage
fff0f5c4 t reserve_bloblist
fff0f5c7 t reserve_stacks
fff0f5e5 t show_dram_config
fff0f8ca t display_new_sp
fff0f8cd t reloc_fdt
fff0f928 t reloc_bootstage
fff0f92b t reloc_bloblist
fff0f92e t setup_reloc
fff0f97a t cyclic_unregister_all
fff0f97d t jump_to_copy
fff0f9ae W cpu_secondary_init_r
fff0f9b1 W arch_initr_trap
fff0f9b4 W power_init_board
fff0f9b7 T board_init_r
fff0fa1a t initr_trace
fff0fa1d t initr_reloc
fff0fa2d t initr_reloc_global_data
fff0fa5f t initr_barrier
fff0fa62 t initr_malloc
fff0fa84 t log_init
fff0fa87 t initr_bootstage
fff0fa8a t initr_of_live
fff0fa8d t initr_dm
fff0fabb t initr_binman
fff0fae2 t initr_dm_devices
fff0fae5 t initr_announce
fff0fae8 t dm_announce
fff0fb3d t initr_env
fff0fb94 t initr_net
fff0fbac t run_main_loop
fff0fbc0 T fdt_find_and_setprop
fff0fc12 T fdt_find_or_add_subnode
fff0fc61 T fdt_root
fff0fcd9 T fdt_initrd
fff0fe58 W board_fdt_chosen_bootargs
fff0fe62 T fdt_chosen
fff0ff1b T do_fixup_by_path
fff0ff5a T fdt_fixup_ethernet
fff100c0 T fdt_shrink_to_minimum
fff101a5 T fdt_support_default_count_cells
fff101f6 T fdt_translate_address
fff10211 t __of_translate_address
fff10432 t of_bus_default_map
fff104e3 t of_bus_default_translate
fff10541 T iomux_match_device
fff10561 T iomux_doenv
fff10717 T cli_readline
fff1072a T cli_readline_into_buffer
fff11014 t delete_char
fff110bc t cread_add_char
fff1117a T cli_simple_process_macros
fff113a4 T bounce_buffer_start_extalign
fff1141c T bounce_buffer_stop
fff1145d t on_console
fff11503 t console_needs_start_stop
fff1154c T console_stop
fff11571 T serial_printf
fff115b2 T fgetc
fff115e8 t console_tstc
fff1165f T fputs
fff116a9 T getchar
fff116d0 T tstc
fff116f7 T putc
fff11766 T puts
fff117d0 T flush
fff11838 T ctrlc
fff11879 T disable_ctrlc
fff11887 T had_ctrlc
fff1188f T clear_ctrlc
fff11897 T console_search_dev
fff118b3 T console_assign
fff11990 T console_init_f
fff119a6 T console_init_r
fff11b44 T sbrk
fff11b82 T mem_malloc_init
fff11b95 T malloc
fff11fa7 t malloc_extend_top
fff12112 T free
fff122fc T malloc_trim
fff123c5 T realloc
fff127da T memalign
fff12936 T calloc
fff129c2 T initf_malloc
fff129eb T malloc_simple
fff129f5 t alloc_simple
fff12a65 T memalign_simple
fff12a6e T event_notify
fff12b0b T event_notify_null
fff12b14 T event_register
fff12b72 T event_init
fff12b8d W get_effective_memsize
fff12b9b T stdio_file_to_flags
fff12baf T stdio_get_by_name
fff12c73 T stdio_clone
fff12ca5 T stdio_register_dev
fff12ce7 T stdio_register
fff12d1d T stdio_init_tables
fff12d2f T stdio_add_devices
fff12db3 t stdio_serial_putc
fff12dba t stdio_serial_puts
fff12dc1 t stdio_serial_flush
fff12dc6 t stdio_serial_getc
fff12dcb t stdio_serial_tstc
fff12dd0 T run_command
fff12ddc T run_command_list
fff12e39 T do_run
fff12e8e T cli_process_fdt
fff12eba T cli_secure_boot_cmd
fff12f1b T cli_loop
fff12f25 T cli_init
fff12f2a T _do_help
fff13049 T find_cmd_tbl
fff130dc T cmd_usage
fff13130 T find_cmd
fff1314f T var_complete
fff131b3 T complete_subcmdv
fff1332d T cmd_auto_complete
fff1368f T cmd_get_data_size
fff136ea T cmd_always_repeatable
fff13707 T cmd_never_repeatable
fff13724 T cmd_discard_repeatable
fff1373c T cmd_process
fff13870 T avb_ops_alloc
fff138f1 t read_from_partition
fff13915 t write_to_partition
fff13937 t validate_vbmeta_public_key
fff13977 t read_rollback_index
fff139a4 t write_rollback_index
fff139bf t read_is_device_unlocked
fff139e4 t get_unique_guid_for_partition
fff13a29 t get_size_of_partition
fff13a6f T avb_ops_free
fff13aa5 T avb_verify
fff13ae7 T avb_verify_partitions
fff13c20 t blk_byte_io
fff13f1b t get_partition
fff13fcd t blk_read_and_flush
fff140da t avb_blk_write
fff141dc T qfw_get_dev
fff141e8 T qfw_online_cpus
fff1420a T qfw_read_firmware_list
fff142d2 T qfw_find_file
fff14304 T qfw_file_iter_init
fff14324 T qfw_file_iter_next
fff14330 T qfw_file_iter_end
fff14339 T blk_get_dev
fff1434e t get_dev_hwpart
fff14375 T dev_print
fff145a0 T part_init
fff14602 T part_print
fff146ff t part_driver_lookup_type
fff1478a T part_get_info
fff147da T part_get_info_whole_disk
fff14823 T blk_get_device_by_str
fff14905 T blk_get_device_part_str
fff14cc3 T part_get_info_by_name_type
fff14d3b T part_get_info_by_name
fff14d47 T part_get_info_by_dev_and_name
fff14dd1 T part_get_info_by_dev_and_name_or_num
fff14e2e T part_set_generic_name
fff14e8d T part_create_block_devices
fff14f67 T disk_blk_read
fff1505b t dev_get_blk
fff15084 T disk_blk_write
fff150dd t part_blk_read
fff15186 t part_blk_write
fff15231 t part_blk_erase
fff152d5 t test_block_type
fff15359 t part_get_info_dos
fff1537d t part_print_dos
fff153a9 t part_test_dos
fff15429 t part_get_info_extended
fff156ae t print_partition_extended
fff15947 T get_disk_guid
fff159c3 t find_valid_gpt
fff15a19 T part_print_efi
fff15ba1 t is_pte_valid
fff15bdc T part_get_info_efi
fff15d65 T write_gpt_table
fff15e9c t set_protective_mbr
fff15f5c T gpt_fill_pte
fff161d5 T gpt_fill_header
fff1626c t partition_entries_offset
fff162bd T gpt_restore
fff1639b T gpt_verify_headers
fff16417 t is_gpt_valid
fff165f7 T gpt_repair_headers
fff16781 t write_one_gpt_table
fff167f2 T gpt_verify_partitions
fff1699d t validate_gpt_header
fff16a46 t part_test_efi
fff16ad5 T blk_get_uclass_name
fff16af4 T blk_get_devnum_by_uclass_idname
fff16ba5 T blk_list_part
fff16c0f t get_desc
fff16cba T blk_print_part_devnum
fff16ceb T blk_list_devices
fff16d3d T blk_print_device_num
fff16d79 T blk_show_device
fff16de1 T blk_read_devnum
fff16e2b T blk_dread
fff16e36 T blk_write_devnum
fff16e80 T blk_dwrite
fff16e8b T blk_dselect_hwpart
fff16eac T blk_read
fff16f5a T blk_write
fff16fad T blk_find_max_devnum
fff17007 T blk_next_free_devnum
fff17025 T blk_create_device
fff1719a t blk_post_probe
fff171c0 T blkcache_read
fff172ba T blkcache_fill
fff17408 T blkcache_invalidate
fff1746f T device_bind_with_driver_data
fff17494 t device_bind_common
fff17776 T device_bind
fff1779b T device_bind_by_name
fff177fa T device_of_to_plat
fff178df T device_probe
fff179f1 T device_get_uclass_id
fff179fb T dev_get_plat
fff17a22 T dev_get_parent_plat
fff17a49 T dev_get_uclass_plat
fff17a70 T dev_get_priv
fff17a97 T dev_get_uclass_priv
fff17abe T dev_get_parent_priv
fff17ae5 T dev_get_parent
fff17ae9 T device_get_decendent_count
fff17b0f T device_find_first_child
fff17b28 T device_find_next_child
fff17b46 T device_first_child_err
fff17b74 T device_next_child_err
fff17ba7 T dev_get_driver_data
fff17bab T device_set_name_alloced
fff17bb0 T device_set_name
fff17bd6 T dev_set_priv
fff17bda T dev_set_parent_priv
fff17bde T dev_set_uclass_priv
fff17be2 T dev_set_plat
fff17be6 T dev_set_parent_plat
fff17bea T dev_set_uclass_plat
fff17bee t alloc_priv
fff17c3f T devfdt_get_addr_index
fff17cef T devfdt_get_addr
fff17cf6 T devfdt_get_addr_pci
fff17d6d T lists_driver_lookup_name
fff17dcb T lists_uclass_lookup
fff17e11 T lists_bind_drivers
fff17ee1 T device_bind_driver
fff17f03 T device_bind_driver_to_node
fff17f8d T lists_bind_fdt
fff18146 T dm_root
fff18172 T dm_init
fff18213 T dm_remove_devices_flags
fff1824c T dm_scan_plat
fff18276 T dm_scan_fdt_dev
fff1829c t dm_scan_fdt_node
fff18330 T dm_extended_scan
fff1838f W dm_scan_other
fff18392 T dm_init_and_scan
fff183ef T dm_get_stats
fff18413 t dm_probe_devices
fff18465 T uclass_get_priv
fff18468 T uclass_get
fff1859e T dev_get_uclass_index
fff185d3 T uclass_find_device
fff18618 T uclass_find_first_device
fff18649 T uclass_find_next_device
fff18666 T uclass_find_device_by_namelen
fff186e3 T uclass_find_next_free_seq
fff18739 T uclass_find_device_by_seq
fff1877d T uclass_find_device_by_of_offset
fff187c0 T uclass_find_device_by_ofnode
fff18803 T uclass_get_device
fff18831 T uclass_get_device_by_name
fff1887a T uclass_get_device_by_seq
fff188a8 T uclass_get_device_by_of_offset
fff188d6 T uclass_get_device_by_ofnode
fff18904 T uclass_first_device
fff18939 t _uclass_next_device
fff1896d T uclass_next_device
fff1898c T uclass_first_device_err
fff189ac T uclass_first_device_check
fff189f2 T uclass_next_device_check
fff18a17 T uclass_get_count
fff18a42 T uclass_first_device_drvdata
fff18a9b T uclass_bind_device
fff18af2 T uclass_pre_unbind_device
fff18b0e T uclass_unbind_device
fff18b24 T uclass_pre_probe_device
fff18b64 T uclass_post_probe_device
fff18ba2 T uclass_pre_remove_device
fff18bbe T pci_get_devfn
fff18bf3 T dev_tag_set_ptr
fff18c9b T dev_tag_get_ptr
fff18cf6 T dev_tag_del
fff18d6e T devres_release_probe
fff18d86 t release_nodes
fff18dda T devres_release_all
fff18df2 T device_chld_unbind
fff18e65 T device_unbind
fff18f57 T device_chld_remove
fff18fb1 T device_remove
fff190f1 T device_free
fff19174 T dm_dump_tree
fff191b1 t show_devices
fff1929d T dm_dump_uclass
fff1935e T dm_dump_driver_compat
fff19404 T dm_dump_drivers
fff19518 T dm_dump_static_driver_info
fff19572 t init_range
fff195c9 T regmap_init_mem
fff19729 T syscon_get_by_driver_data
fff1973d t syscon_pre_probe
fff1976d T ofnode_get_name
fff19786 T ofnode_read_u32_index
fff197d8 T ofnode_read_u32_default
fff197f3 T ofnode_read_bool
fff19818 T ofnode_get_property
fff19838 T ofnode_read_string
fff19875 T ofnode_read_size
fff198a4 T ofnode_find_subnode
fff198c1 T ofnode_is_enabled
fff198dd T ofnode_first_subnode
fff198fa T ofnode_next_subnode
fff19917 T ofnode_get_parent
fff19934 T ofnode_path
fff19958 T ofnode_get_chosen_node
fff199bf T ofnode_read_u8_array_ptr
fff199df T ofnode_read_pci_addr
fff19a91 T ofnode_read_pci_vendev
fff19b65 T ofnode_read_simple_addr_cells
fff19b75 T ofnode_read_simple_size_cells
fff19b85 T ofnode_pre_reloc
fff19c15 T ofnode_conf_read_int
fff19c53 T ofnode_conf_read_str
fff19c82 T sysreset_get_status
fff19ca0 T sysreset_walk
fff19d0d T sysreset_walk_halt
fff19d3b T do_reset
fff19d82 t sysreset_post_bind
fff19d85 T pch_sysreset_power_off
fff19e08 t x86_sysreset_probe
fff19e22 t x86_sysreset_request
fff19e4a t x86_sysreset_get_last
fff19e50 T pch_ioctl
fff19e75 t pch7_get_spi_base
fff19e9e t pch7_set_spi_protect
fff19edb t pch7_get_gpio_base
fff19f18 t pch9_get_spi_base
fff19f3c t pch9_get_gpio_base
fff19f79 t pch9_get_io_base
fff19fb6 T setup_video
fff1a065 T pci_get_bus
fff1a0a8 T pci_get_controller
fff1a0e1 T dm_pci_get_bdf
fff1a118 t pci_get_bus_max
fff1a154 T pci_bus_find_devfn
fff1a1a9 T dm_pci_write_config
fff1a22b T pci_write_config32
fff1a243 t pci_write_config
fff1a2a5 T pci_write_config16
fff1a2bd T pci_write_config8
fff1a2d5 T dm_pci_write_config8
fff1a2e8 T dm_pci_write_config16
fff1a2fb T dm_pci_write_config32
fff1a30e T dm_pci_read_config
fff1a3be t pci_read_config
fff1a44c T pci_read_config16
fff1a476 T pci_read_config8
fff1a49e T dm_pci_read_config8
fff1a4c3 T dm_pci_read_config16
fff1a4ea T dm_pci_read_config32
fff1a50f T pci_auto_config_devices
fff1a62a T dm_pci_hose_probe_bus
fff1a6cc T dm_pci_find_capability
fff1a73b W board_pci_fixup_dev
fff1a73c T pci_bind_bus_devices
fff1ac32 T dm_pci_read_bar32
fff1ac6e T dm_pci_bus_to_phys
fff1ad13 T dm_pci_map_bar
fff1ae6b T dm_pci_find_next_capability
fff1ae81 t _dm_pci_find_next_capability
fff1af0d t pci_uclass_pre_probe
fff1b23a t pci_uclass_post_probe
fff1b282 t pci_uclass_child_post_bind
fff1b2b3 T pci_init
fff1b2e5 t pci_bridge_read_config
fff1b362 t pci_bridge_write_config
fff1b3ab T dm_pciauto_prescan_setup_bridge
fff1b76a T dm_pciauto_postscan_setup_bridge
fff1b88a T dm_pciauto_config_device
fff1b91b t dm_pciauto_setup_device
fff1bb44 t dm_pciauto_exp_link_stable
fff1bc09 t _pci_x86_read_config
fff1bc28 t _pci_x86_write_config
fff1bc47 T pciauto_region_align
fff1bc53 T pciauto_region_allocate
fff1bc8b T pciauto_config_init
fff1bd47 T serial_init
fff1be95 T serial_setbrg
fff1bed4 T serial_initialize
fff1bee2 T serial_putc
fff1bf36 T serial_puts
fff1bf5b t _serial_puts
fff1bfa1 T serial_flush
fff1bfdb T serial_getc
fff1c014 T serial_tstc
fff1c047 T serial_stdio_init
fff1c048 t on_baudrate
fff1c128 t serial_post_probe
fff1c1cd t serial_pre_remove
fff1c1d0 t serial_stub_putc
fff1c20c t serial_stub_puts
fff1c214 t serial_stub_flush
fff1c236 t serial_stub_getc
fff1c257 t serial_stub_tstc
fff1c26f T ns16550_init
fff1c2f5 t ns16550_setbrg
fff1c366 T ns16550_serial_probe
fff1c3c6 T ns16550_serial_of_to_plat
fff1c486 t ns16550_serial_setbrg
fff1c4b2 t ns16550_serial_getc
fff1c4ed t ns16550_serial_putc
fff1c52b t ns16550_serial_pending
fff1c55c t ns16550_serial_setconfig
fff1c5aa t ns16550_serial_getinfo
fff1c5e9 T timer_get_count
fff1c60f T timer_get_rate
fff1c61d T dm_timer_init
fff1c6eb t timer_pre_probe
fff1c714 t timer_post_probe
fff1c72c T get_timer
fff1c76a T timer_get_us
fff1c79c T __udelay
fff1c800 t tsc_timer_ensure_setup
fff1c980 t tsc_timer_probe
fff1c9c9 t cpu_mhz_from_msr
fff1ca6a t quick_pit_calibrate
fff1cbb9 t tsc_timer_get_count
fff1cbd5 T virtio_get_config
fff1cbef T virtio_set_config
fff1cc0a T virtio_generation
fff1cc21 T virtio_reset
fff1cc2c T virtio_find_vqs
fff1cc40 T virtio_notify
fff1cc4d T virtio_add_status
fff1cc7f T virtio_finalize_features
fff1ccd8 T virtio_driver_features_init
fff1ccf1 t virtio_uclass_pre_probe
fff1cd3e t virtio_uclass_post_probe
fff1cddc t virtio_uclass_child_post_bind
fff1cded t virtio_uclass_child_pre_probe
fff1cfd2 t virtio_uclass_child_post_probe
fff1cfe5 T virtqueue_add
fff1d2be T virtqueue_kick
fff1d327 T virtqueue_get_buf
fff1d45c T vring_create_virtqueue
fff1d6ce t virtio_alloc_pages
fff1d700 T vring_del_virtqueue
fff1d754 T virtqueue_get_vring_size
fff1d758 T virtqueue_get_desc_addr
fff1d75c T virtqueue_get_avail_addr
fff1d760 T virtqueue_get_used_addr
fff1d764 T virtqueue_poll
fff1d787 t __bb_force_page_align
fff1d7a3 t virtio_iommu_map_pages
fff1d7f7 t virtqueue_detach_desc
fff1d82c t virtio_iommu_unmap_pages
fff1d881 t virtio_pci_bind
fff1d8bd t virtio_pci_probe
fff1dabf t virtio_pci_find_capability
fff1dbcb t virtio_pci_get_config
fff1dcbc t virtio_pci_set_config
fff1dde7 t virtio_pci_generation
fff1de10 t virtio_pci_get_status
fff1de36 t virtio_pci_set_status
fff1de80 t virtio_pci_reset
fff1dec9 t virtio_pci_get_features
fff1df38 t virtio_pci_set_features
fff1dfc2 t virtio_pci_find_vqs
fff1e1a2 t virtio_pci_del_vqs
fff1e201 t virtio_pci_notify
fff1e26e t virtio_net_bind
fff1e299 t virtio_net_probe
fff1e2da t virtio_net_start
fff1e346 t virtio_net_send
fff1e3cf t virtio_net_recv
fff1e406 t virtio_net_free_pkt
fff1e441 t virtio_net_stop
fff1e442 t virtio_net_write_hwaddr
fff1e49b t virtio_net_read_rom_hwaddr
fff1e537 t virtio_blk_bind
fff1e5ce t virtio_blk_probe
fff1e665 t virtio_blk_read
fff1e689 t virtio_blk_write
fff1e6ad t virtio_blk_do_req
fff1e783 t virtio_console_bind
fff1e7a9 t virtio_console_probe
fff1e7e7 t add_inbuf
fff1e847 t virtio_console_serial_setbrg
fff1e84a t virtio_console_serial_getc
fff1e8a9 t virtio_console_serial_putc
fff1e90a t virtio_console_serial_pending
fff1e924 T sysinfo_get_str
fff1e96a T cpu_get_desc
fff1e987 T cpu_get_count
fff1e99b T cpu_get_vendor
fff1e9b9 t uclass_cpu_post_bind
fff1e9bc t uclass_cpu_init
fff1ea08 T fastboot_response
fff1ea62 T fastboot_fail
fff1ea7a T fastboot_okay
fff1eaa7 W fastboot_set_reboot_flag
fff1eaad T fastboot_boot
fff1eb1e T fastboot_handle_boot
fff1eb5e T fastboot_init
fff1eb8a T fastboot_getvar
fff1ec2e t getvar_version
fff1ec38 t getvar_version_bootloader
fff1ec42 t getvar_downloadsize
fff1ec5f t getvar_serialno
fff1ec8e t getvar_version_baseband
fff1ec98 t getvar_product
fff1ecc7 t getvar_platform
fff1ecf6 t getvar_current_slot
fff1ed00 t getvar_is_userspace
fff1ed0a T fastboot_handle_command
fff1ed76 T fastboot_data_remaining
fff1ed82 T fastboot_data_download
fff1ee03 T fastboot_data_complete
fff1ee49 t getvar
fff1ee4e t download
fff1eec9 t okay
fff1eed0 t reboot_bootloader
fff1eefe t reboot_fastbootd
fff1ef2d t reboot_recovery
fff1ef5e T irq_snapshot_polarities
fff1ef72 T irq_first_device_type
fff1ef80 T write_acpi_tables
fff1f257 T qfw_read_entry
fff1f2cb T acpi_get_rsdp_addr
fff1f300 T qfw_register
fff1f36c t qfw_pio_probe
fff1f371 t qfw_pio_read_entry_io
fff1f395 t qfw_pio_read_entry_dma
fff1f3aa T dm_rtc_get
fff1f3bd T dm_rtc_set
fff1f3d1 T dm_rtc_reset
fff1f3e5 t rtc_mc146818_probe
fff1f406 t rtc_mc146818_get
fff1f500 t rtc_mc146818_set
fff1f61c t rtc_mc146818_reset
fff1f647 t rtc_mc146818_read8
fff1f663 t rtc_mc146818_write8
fff1f682 t console_normal_putc_xy
fff1f77e t console_normal_move_rows
fff1f7bc t console_normal_set_row
fff1f840 t console_normal_probe
fff1f87d T video_reserve
fff1f8f7 t alloc_fb
fff1f930 T video_fill
fff1f99e T video_sync
fff1f9bc T video_clear
fff1f9d5 T video_index_to_colour
fff1fa52 T video_set_default_colors
fff1fa94 T video_sync_all
fff1fadd T video_get_xsize
fff1faec T video_get_ysize
fff1fafc t video_post_bind
fff1fb79 t video_post_probe
fff1fc8e T vidconsole_put_char
fff201b3 t vidconsole_newline
fff2023a T vidconsole_put_string
fff20269 t vidconsole_pre_probe
fff2028e t vidconsole_post_probe
fff202f3 T vidconsole_position_cursor
fff20350 t vidconsole_putc
fff2036c t vidconsole_puts
fff2039f T video_bmp_display
fff2095b t write_pix8
fff209fe T dm_rng_read
fff20a1b T env_set_ulong
fff20a35 T env_set_hex
fff20a61 T env_get_hex
fff20a9c T env_get
fff20b39 T eth_env_get_enetaddr
fff20b6f T eth_env_set_enetaddr
fff20bb1 t env_get_from_linear
fff20c77 T env_get_ulong
fff20c9d T env_get_yesno
fff20cdd T env_get_autostart
fff20cf4 T env_get_default
fff20d32 T env_set_default
fff20db5 T env_set_default_vars
fff20dee T env_relocate
fff20e07 T env_complete
fff20f8c W arch_env_get_location
fff20f98 W env_get_location
fff20f9d T env_load
fff21043 t env_driver_lookup
fff2109c T env_init
fff21148 T env_attr_walk
fff21245 T env_attr_lookup
fff212ac t regex_callback
fff213ec T env_flags_parse_vartype
fff21432 T env_flags_parse_varaccess
fff2147b T eth_validate_ethaddr_str
fff214f6 T env_flags_init
fff2158e t on_flags
fff215c9 T env_flags_validate
fff2180b t clear_flags
fff21815 t set_flags
fff21882 T env_callback_init
fff21950 t on_callbacks
fff2198b t clear_callback
fff21995 t set_callback
fff21a28 t env_nowhere_load
fff21a47 t env_nowhere_init
fff21a57 T fs_get_type
fff21a5d T fs_set_blk_dev
fff21ae1 T fs_set_blk_dev_with_part
fff21b5a T fs_close
fff21b80 T fs_exists
fff21bc1 T fs_size
fff21c02 T fs_read
fff21c67 T fs_write
fff21cf4 T fs_opendir
fff21d5c T fs_readdir
fff21dbe T fs_closedir
fff21e0a T fs_unlink
fff21e4b T fs_mkdir
fff21e8c T fs_ln
fff21ed8 T do_size
fff21f5a T do_load
fff222d5 T do_ls
fff2236a T file_exists
fff223c0 T do_save
fff22502 T do_fs_type
fff2259b T do_rm
fff2260a T do_mkdir
fff2268b T do_ln
fff226ce T do_fs_types
fff22736 t fs_ls_generic
fff227e6 t fs_ln_unsupported
fff227ea t fs_probe_unsupported
fff227ee t fs_ls_unsupported
fff227f2 t fs_exists_unsupported
fff227f5 t fs_size_unsupported
fff227f9 t fs_read_unsupported
fff227fd t fs_write_unsupported
fff22801 t fs_close_unsupported
fff22802 t fs_uuid_unsupported
fff22806 t fs_opendir_unsupported
fff2280c t fs_unlink_unsupported
fff22810 t fs_mkdir_unsupported
fff22814 T fat_set_blk_dev
fff228dd t disk_read
fff2291d T fat_next_cluster
fff229f8 t get_fatent
fff22b34 T file_fat_detectfs
fff22bef t read_bootsectandvi
fff22d07 T fat_exists
fff22d69 t fat_itr_root
fff22ed6 t fat_itr_resolve
fff23036 T fat_size
fff230e0 T file_fat_read_at
fff23521 T fat_read_file
fff23564 T fat_opendir
fff235f6 T fat_readdir
fff236ec t fat_itr_next
fff23941 t fat2rtc
fff23995 T fat_closedir
fff239b1 T fat_close
fff239b2 T fat_uuid
fff23a0a T file_fat_write_at
fff23ca3 t split_filename
fff23d8f t normalize_longname
fff23e3b t find_directory_entry
fff23ea0 t set_name
fff240b7 t fat_find_empty_dentries
fff24243 t fill_dir_slot
fff2440e t fill_dentry
fff24468 t set_contents
fff24ee4 t flush_dirty_fat_buffer
fff24f62 t flush_dir
fff24fea T file_fat_write
fff2500f T fat_unlink
fff25182 t fat_dir_entries
fff25229 t delete_dentry_long
fff252d8 T fat_mkdir
fff2563a t fat_itr_child
fff25694 t get_cluster
fff25826 t next_dent
fff25877 t downcase
fff258a8 t str2fat
fff2590d t fat_move_to_cluster
fff2594e t set_fatent_value
fff25abf t clear_fatent
fff25b23 t determine_fatent
fff25b52 t disk_write
fff25beb t set_sectors
fff25d57 t delete_single_dentry
fff25d8a T efi_driver_init
fff25e80 t efi_uc_init
fff25e83 t efi_uc_destroy
fff25e86 t efi_uc_supported
fff25f1e t efi_uc_start
fff25fc9 t efi_uc_stop
fff260a7 t check_node_type
fff26100 t disconnect_child
fff26142 t efi_bl_read
fff26191 t efi_bl_write
fff261e0 t efi_bl_init
fff2623c t efi_bl_bind
fff26367 T efi_bootmgr_load
fff264af t try_load_entry
fff2677e t try_load_from_file_path
fff2681d T __efi_entry_check
fff26833 T __efi_exit_check
fff2683f T efi_save_gd
fff26840 T efi_restore_gd
fff26841 T efi_signal_event
fff268d3 t efi_queue_event
fff26924 T efi_add_handle
fff26948 T efi_create_handle
fff26990 T efi_search_protocol
fff269f3 T efi_search_obj
fff26a11 T efi_remove_protocol
fff26a51 T efi_remove_all_protocols
fff26a99 T efi_delete_handle
fff26ada T efi_create_event
fff26be8 T efi_create_event_ex
fff26c45 T efi_timer_check
fff26cc9 t efi_process_event_queue
fff26d40 T efi_set_timer
fff26e06 T efi_add_protocol
fff26f36 T efi_register_protocol_notify
fff26fbf T efi_install_configuration_table
fff270f1 T efi_setup_loaded_image
fff271ff T efi_locate_device_path
fff27319 T efi_locate_handle_buffer
fff2734f T efi_load_image
fff27773 T efi_close_protocol
fff2780b T efi_locate_handle_buffer_int
fff278a6 t efi_locate_handle
fff279de T efi_install_multiple_protocol_interfaces
fff279f6 t efi_install_multiple_protocol_interfaces_int
fff27b25 T efi_uninstall_multiple_protocol_interfaces
fff27b3d t efi_uninstall_multiple_protocol_interfaces_int
fff27c11 T efi_protocol_open
fff27d93 t efi_disconnect_controller
fff27fe4 T efi_start_image
fff280e1 t efi_open_protocol
fff281dd T efi_unload_image
fff28298 t efi_delete_image
fff2830f T efi_handle_protocol
fff28331 T efi_initialize_system_table
fff283a9 t efi_install_protocol_interface
fff283fc t efi_uninstall_protocol_interface
fff2844f t efi_uninstall_protocol
fff28509 t efi_disconnect_all_drivers
fff28669 t efi_raise_tpl
fff28683 t efi_restore_tpl
fff286ae t efi_allocate_pages_ext
fff286db t efi_free_pages_ext
fff286ff t efi_get_memory_map_ext
fff28735 t efi_allocate_pool_ext
fff28759 t efi_free_pool_ext
fff28775 t efi_create_event_ext
fff287ad t efi_set_timer_ext
fff287df t efi_wait_for_event
fff288a2 t efi_signal_event_ext
fff288ef t efi_close_event
fff289d9 t efi_check_event
fff28a39 t efi_reinstall_protocol_interface
fff28a9e t efi_locate_handle_ext
fff28ad5 t efi_install_configuration_table_ext
fff28af5 t efi_exit
fff28bd4 t efi_exit_boot_services
fff28d5b t efi_get_next_monotonic_count
fff28d98 t efi_stall
fff28de3 t efi_set_watchdog_timer
fff28dff t efi_connect_controller
fff28fa2 t efi_close_protocol_ext
fff28fcf t efi_open_protocol_information
fff290ae t efi_protocols_per_handle
fff2916a t efi_locate_protocol
fff29259 t efi_install_multiple_protocol_interfaces_ext
fff2927d t efi_uninstall_multiple_protocol_interfaces_ext
fff292a1 t efi_calculate_crc32
fff292ea t efi_copy_mem
fff2930e t efi_set_mem
fff29333 t efi_update_exit_data
fff29384 t efi_bind_controller
fff2942d T efi_get_dp_from_boot
fff294d3 T efi_link_dev
fff294e4 T efi_unlink_dev
fff29507 T efi_setup_console_size
fff296df t efi_cout_reset
fff29720 t efi_cout_output_string
fff2984c t efi_cout_test_string
fff2985f t efi_cout_query_mode
fff298bf t efi_cout_set_mode
fff29912 t efi_cout_set_attribute
fff2996c t efi_cout_clear_screen
fff29997 t efi_cout_set_cursor_position
fff29a08 t efi_cout_enable_cursor
fff29a46 T set_shift_mask
fff29a96 t efi_cin_reset
fff29ac0 t efi_cin_read_key_stroke
fff29b18 T efi_console_register
fff29c23 t efi_key_notify
fff29c38 t efi_console_timer_notify
fff29c4d t efi_cin_empty_buffer
fff29c6b t term_get_char
fff29ca3 t efi_cin_check
fff29f42 t analyze_modifiers
fff29fa6 t efi_cin_reset_ex
fff29fd0 t efi_cin_read_key_stroke_ex
fff2a0a9 t efi_cin_set_state
fff2a0bf t efi_cin_register_key_notify
fff2a144 t efi_cin_unregister_key_notify
fff2a196 T efi_dp_next
fff2a1b4 T efi_dp_shorten
fff2a1f8 T efi_dp_find_obj
fff2a22b t find_handle
fff2a369 T efi_dp_last_node
fff2a38e T efi_dp_instance_size
fff2a3b7 T efi_dp_size
fff2a3d6 T efi_dp_dup
fff2a421 t dp_alloc
fff2a455 T efi_dp_append
fff2a46a t efi_dp_append_or_concatenate
fff2a54e T efi_dp_append_node
fff2a601 T efi_dp_create_device_node
fff2a639 T efi_dp_append_instance
fff2a6fa T efi_dp_get_next_instance
fff2a786 T efi_dp_is_multi_instance
fff2a7ad T efi_dp_from_part
fff2a7ff t dp_part_fill
fff2a82b T efi_dp_part_node
fff2a865 t dp_part_node
fff2a96e T efi_dp_from_file
fff2aa72 T efi_dp_from_uart
fff2aab9 T efi_dp_from_mem
fff2aaf8 T efi_dp_split_file_path
fff2ab6f T efi_dp_from_name
fff2ad29 T efi_dp_check_length
fff2ad71 T efi_dp_from_lo
fff2ade3 t dp_size
fff2ae63 t dp_fill
fff2af63 T efi_dp_str
fff2af8c t efi_convert_device_path_to_text
fff2b001 t efi_convert_device_node_to_text
fff2b043 t efi_convert_single_device_node_to_text
fff2b572 t efi_str_to_u16
fff2b5b5 t get_device_path_size
fff2b5e2 t duplicate_device_path
fff2b604 t append_device_path
fff2b62c t append_device_node
fff2b654 t append_device_path_instance
fff2b67c t get_next_device_path_instance
fff2b6a4 t is_device_path_multi_instance
fff2b6c6 t create_device_node
fff2b6f5 T efi_file_open_int
fff2b778 t file_open
fff2b9d3 T efi_file_size
fff2ba67 T efi_file_read_int
fff2bd02 T efi_file_setpos_int
fff2bd58 t efi_get_file_size
fff2bd93 T efi_file_from_path
fff2bec7 T efi_simple_file_system
fff2befe t efi_open_volume
fff2bf5f t efi_create_file
fff2bf84 t efi_file_open
fff2bfcc t efi_file_close
fff2bff4 t efi_file_delete
fff2c043 t efi_file_read
fff2c06f t efi_file_write
fff2c0a2 t efi_file_getpos
fff2c0d7 t efi_file_setpos
fff2c103 t efi_file_getinfo
fff2c2f7 t efi_file_setinfo
fff2c404 t efi_file_flush
fff2c435 t efi_file_open_ex
fff2c497 t efi_file_read_ex
fff2c4e4 t efi_file_write_ex
fff2c534 t efi_file_flush_ex
fff2c57d t efi_file_write_int
fff2c60f t new_package_list
fff2c6b2 t remove_package_list
fff2c6ef t update_package_list
fff2c795 t list_package_lists
fff2c85f t export_package_lists
fff2c88d t register_package_notify
fff2c8ce t unregister_package_notify
fff2c8e4 t find_keyboard_layouts
fff2c987 t get_keyboard_layout
fff2ca18 t set_keyboard_layout
fff2ca2e t get_package_list_handle
fff2ca6e t new_string
fff2cb5b t get_string
fff2cbef t set_string
fff2cce4 t get_languages
fff2cda3 t get_secondary_languages
fff2ce14 t add_packages
fff2d115 t free_packagelist
fff2d14a t free_keyboard_layouts
fff2d18c t remove_strings_package
fff2d1ed t remove_guid_package
fff2d21e t remove_keyboard_package
fff2d256 t language_match
fff2d28c T efi_print_image_infos
fff2d360 W invalidate_icache_all
fff2d361 T efi_check_pe
fff2d39f T efi_load_pe
fff2d672 t efi_set_code_and_data_type
fff2d6b9 t efi_loader_relocate
fff2d769 T efi_set_load_options
fff2d79b T efi_deserialize_load_option
fff2d820 T efi_add_memory_map
fff2d85d t efi_add_memory_map_pg
fff2db39 T efi_allocate_pages
fff2dd56 t efi_check_allocated
fff2ddbb T efi_free_pages
fff2de28 T efi_alloc_aligned_pages
fff2df93 T efi_allocate_pool
fff2e008 T efi_free_pool
fff2e091 T efi_get_memory_map
fff2e12e T efi_get_memory_map_alloc
fff2e19e T efi_add_conventional_memory_map
fff2e241 T efi_memory_init
fff2e2bb t efi_mem_sort
fff2e3a0 t efi_mem_cmp
fff2e3d4 T efi_root_node_register
fff2e479 T efi_init_runtime_supported
fff2e4bf W efi_reset_system_init
fff2e4c2 t efi_get_time_boottime
fff2e5a1 t efi_set_time_boottime
fff2e5b7 t efi_set_virtual_address_map
fff2e7d8 t efi_reset_system_boottime
fff2e835 W allow_unaligned
fff2e836 T efi_init_early
fff2e869 T efi_init_obj_list
fff2ea04 T efi_create_indexed_name
fff2ea64 t efi_stri_coll
fff2ead1 t efi_metai_match
fff2eaf7 t efi_str_lwr
fff2eb2f t efi_str_upr
fff2eb67 t efi_fat_to_str
fff2ebb6 t efi_str_to_fat
fff2ec86 t metai_match
fff2ede8 T efi_get_variable
fff2ee34 T efi_set_variable
fff2ee78 T efi_get_next_variable_name
fff2eea4 T efi_query_variable_info
fff2eef8 T efi_init_secure_state
fff2f012 T efi_auth_var_get_type
fff2f065 T efi_get_var
fff2f0cc T efi_var_mem_init
fff2f16c t efi_var_mem_notify_exit_boot_services
fff2f1bc T efi_var_collect
fff2f357 T efi_var_to_file
fff2f3ea t efi_set_blk_dev_to_system_partition
fff2f45d T efi_var_restore
fff2f58e T efi_var_from_file
fff2f636 T efi_set_variable_int
fff2f840 T efi_query_variable_info_int
fff2f86d T efi_variables_boot_exit_notify
fff2f89f T efi_init_variables
fff2f8c0 T efi_set_watchdog
fff2f8fc T efi_watchdog_register
fff2f940 t efi_watchdog_timer_notify
fff2f96e T gop_blt
fff2ff7a t gop_blt_video_fill
fff30087 T efi_gop_register
fff301ff t gop_query_mode
fff3026f t gop_set_mode
fff302e8 T efi_disk_is_removable
fff3031e T efi_fs_from_path
fff30382 T efi_disk_probe
fff3051e T efi_disk_remove
fff305a9 T efi_disks_register
fff305db t efi_disk_add_dev
fff3082a t efi_disk_reset
fff3083d t efi_disk_read_blocks
fff308e8 t efi_disk_write_blocks
fff3099e t efi_disk_flush_blocks
fff309b1 t efi_disk_rw_blocks
fff30a82 T efi_acpi_register
fff30aca T efi_smbios_register
fff30b4b W platform_get_rng_device
fff30b79 T efi_rng_register
fff30bc5 t rng_getinfo
fff30c3e t getrng
fff30cdc T efi_initrd_register
fff30d85 T efi_initrd_deregister
fff30dc4 t efi_load_file2_initrd
fff30ef3 t find_image_node
fff30f4b T binman_init
fff30f8c T console_read_unicode
fff31047 T utf8_get
fff31102 T utf8_put
fff311ac T utf8_utf16_strnlen
fff31200 T utf8_utf16_strncpy
fff3125e T utf16_put
fff312c1 T utf16_get
fff31336 T utf16_strnlen
fff31380 T utf16_utf8_strnlen
fff313f0 T utf16_utf8_strncpy
fff3144d T utf_to_lower
fff31481 T utf_to_upper
fff314b5 T u16_strncmp
fff314e7 T u16_strsize
fff31500 T u16_strdup
fff31541 T utf16_to_utf8
fff3162e T utf_to_cp
fff3166b T write_smbios_table
fff31791 t smbios_write_type0
fff3185b t smbios_write_type1
fff31982 t smbios_write_type2
fff31a56 t smbios_write_type3
fff31ad2 t smbios_write_type4
fff31be6 t smbios_write_type32
fff31c2c t smbios_write_type127
fff31c58 t smbios_add_string
fff31ccb t smbios_add_prop_si
fff31d20 T string_to_ip
fff31d93 T string_to_ip6
fff31f7b T string_to_enetaddr
fff31fbc T compute_ip_checksum
fff31ffb T ip_checksum_ok
fff32013 T list_sort
fff321a4 t merge
fff32207 T inflate_fast
fff32761 T inflate_table
fff32b9e T inflateReset
fff32bf6 T inflateInit2_
fff32cca T zcalloc
fff32cd4 T zcfree
fff32cdb T inflate
fff3459e T adler32
fff34808 T inflateEnd
fff34850 T gzalloc
fff3485e T gzfree
fff34865 T gzip_parse_header
fff348da T gunzip
fff3491e T zunzip
fff349f1 T ulz4fn
fff34ecc t LZ4_wildCopy
fff34eed T avb_chain_partition_descriptor_validate_and_byteswap
fff35029 T avb_sub_cmdline
fff3521d T avb_append_options
fff3554a t cmdline_append_option
fff3560f t cmdline_append_hex
fff35649 T avb_new_cmdline_subst_list
fff35653 T avb_free_cmdline_subst_list
fff35688 T avb_add_root_digest_substitution
fff3571c t uint64_to_base10
fff35772 T avb_get_algorithm_data
fff35785 T avb_rsa_public_key_header_validate_and_byteswap
fff357b4 T avb_footer_validate_and_byteswap
fff35881 T avb_hashtree_descriptor_validate_and_byteswap
fff35a2d T avb_property_descriptor_validate_and_byteswap
fff35b3a T avb_property_lookup
fff35b9e t property_lookup_desc_foreach
fff35c2f T avb_sha256_init
fff35c4f T avb_sha256_update
fff35ce6 t SHA256_transform
fff35ebe T avb_sha256_final
fff35f96 T avb_slot_verify
fff363a0 t load_and_verify_vbmeta
fff3725a t has_system_partition
fff37312 t avb_manage_hashtree_error_mode
fff374bf T avb_slot_verify_data_free
fff37575 T avb_slot_verify_data_calculate_vbmeta_digest
fff37665 t load_requested_partitions
fff37834 t load_and_verify_hash_partition
fff37d02 t read_persistent_digest
fff37faf t load_full_partition
fff3815f T avb_be32toh
fff38162 T avb_be64toh
fff3816d T avb_safe_memcmp
fff38196 T avb_safe_add_to
fff381ec T avb_basename
fff3822d T avb_safe_add
fff38256 T avb_validate_utf8
fff382bf T avb_str_concat
fff3837d T avb_malloc
fff383bf T avb_calloc
fff383e2 T avb_strdup
fff3840f T avb_strstr
fff38450 T avb_strv_find_str
fff38495 T avb_replace
fff3863a T avb_strdupv
fff3872d T avb_uppercase
fff3874c T avb_bin2hex
fff3879c T avb_version_string
fff387a2 T avb_descriptor_validate_and_byteswap
fff38806 T avb_descriptor_foreach
fff38a8d T avb_descriptor_get_all
fff38afc t count_descriptors
fff38b01 t set_descriptors
fff38b15 T avb_hash_descriptor_validate_and_byteswap
fff38c51 T avb_kernel_cmdline_descriptor_validate_and_byteswap
fff38d3d T avb_rsa_verify
fff391b1 t montMul
fff392d2 T avb_sha512_init
fff392fe T avb_sha512_update
fff39395 t SHA512_transform
fff397a0 T avb_sha512_final
fff39885 T avb_memcmp
fff3988a T avb_memcpy
fff3988f T avb_memset
fff39894 T avb_strcmp
fff39899 T avb_strncmp
fff3989e T avb_strlen
fff398a3 T avb_abort
fff398ab T avb_printv
fff398e2 T avb_malloc_
fff398e7 T avb_free
fff398ec T avb_div_by_10
fff3991c T avb_vbmeta_image_verify
fff39ebd T avb_vbmeta_image_header_to_host_byte_order
fff39fdf T avb_vbmeta_verify_result_to_string
fff3a025 T addBootConfigParameters
fff3a0bb T addBootConfigTrailer
fff3a149 T fdt_ro_probe_
fff3a1b1 T fdt_header_size
fff3a1e1 T fdt_check_header
fff3a2cf T fdt_offset_ptr
fff3a31c T fdt_next_tag
fff3a411 T fdt_check_node_offset_
fff3a448 T fdt_check_prop_offset_
fff3a47f T fdt_next_node
fff3a52a T fdt_first_subnode
fff3a558 T fdt_next_subnode
fff3a596 T fdt_find_string_
fff3a5df T fdt_move
fff3a620 T fdt_get_string
fff3a6d5 T fdt_get_mem_rsv
fff3a722 t fdt_mem_rsv
fff3a74b T fdt_num_mem_rsv
fff3a784 T fdt_subnode_offset_namelen
fff3a842 T fdt_subnode_offset
fff3a86a T fdt_path_offset_namelen
fff3a934 T fdt_get_alias_namelen
fff3a975 T fdt_path_offset
fff3a993 T fdt_get_name
fff3aa03 T fdt_first_property_offset
fff3aa24 t nextprop_
fff3aa71 T fdt_next_property_offset
fff3aa92 t fdt_get_property_by_offset_
fff3aaca T fdt_get_property_namelen
fff3ab03 t fdt_get_property_namelen_
fff3ab8e T fdt_get_property
fff3abbf T fdt_getprop_namelen
fff3ac11 T fdt_getprop_by_offset
fff3ac97 T fdt_getprop
fff3acc8 T fdt_supernode_atdepth_offset
fff3ad59 T fdt_parent_offset
fff3ada2 T fdt_stringlist_search
fff3ae43 T fdt_add_mem_rsv
fff3aeac t fdt_rw_probe_
fff3aefe t fdt_splice_mem_rsv_
fff3af4f T fdt_del_mem_rsv
fff3af94 t fdt_splice_struct_
fff3afd0 T fdt_setprop_placeholder
fff3b084 t fdt_add_property_
fff3b1a2 T fdt_setprop
fff3b1da T fdt_add_subnode_namelen
fff3b2c1 T fdt_add_subnode
fff3b2e9 T fdt_open_into
fff3b468 t fdt_blocks_misordered_
fff3b4a5 t fdt_packblocks_
fff3b523 t fdt_splice_
fff3b591 T fdt_strerror
fff3b5c0 T fdt_address_cells
fff3b5ea t fdt_cells
fff3b627 T fdt_size_cells
fff3b644 T fdtdec_get_int
fff3b670 T fdtdec_get_srcname
fff3b684 T fdtdec_get_addr_size_fixed
fff3b73e T fdtdec_get_number
fff3b75d T fdtdec_get_pci_bar32
fff3b789 T fdtdec_get_is_enabled
fff3b7bd T fdtdec_get_alias_seq
fff3b8b4 T fdtdec_get_alias_highest_id
fff3b964 T fdtdec_get_chosen_prop
fff3b994 T fdtdec_prepare_fdt
fff3b9e5 T fdtdec_get_bool
fff3ba03 T fdtdec_locate_byte_array
fff3ba2a T fdt_get_resource
fff3bb34 W fdtdec_board_setup
fff3bb37 T fdtdec_setup
fff3bb9f T qsort
fff3bc5c T strcmp_compar
fff3bc65 T hcreate_r
fff3bce6 T hdestroy_r
fff3bd48 T hmatch_r
fff3bdc1 T hsearch_r
fff3c20b T hdelete_r
fff3c2de T hexport_r
fff3c580 t cmpkey
fff3c58d T himport_r
fff3c896 t drop_var_from_set
fff3c8e2 T hwalk_r
fff3c921 t match_string
fff3c99b T display_options_get_banner_priv
fff3ca23 T display_options_get_banner
fff3ca3c T display_options
fff3caad T print_size
fff3cbf1 W __div64_32
fff3cd11 T hang
fff3cd20 T strim
fff3cd64 T lmb_dump_all
fff3cd65 T arch_lmb_reserve_generic
fff3ce24 T lmb_reserve
fff3ce45 T lmb_init_and_reserve
fff3ceb8 t lmb_reserve_common
fff3cf62 T lmb_init_and_reserve_range
fff3cfb5 T lmb_free
fff3d145 t lmb_remove_region
fff3d182 t lmb_add_region_flags
fff3d488 T lmb_reserve_flags
fff3d4ab T lmb_alloc
fff3d4c4 T lmb_alloc_base
fff3d50b T __lmb_alloc_base
fff3d75c T lmb_alloc_addr
fff3d82b T lmb_get_free_size
fff3d905 W board_lmb_reserve
fff3d906 T slre_compile
fff3da24 t compile
fff3e047 T slre_match
fff3e0b8 t match
fff3e3da t get_escape_char
fff3e430 t quantifier
fff3e4f7 t relocate
fff3e546 t loop_greedy
fff3e5f0 t loop_non_greedy
fff3e656 T strncasecmp
fff3e6ae T strcasecmp
fff3e6b6 T strcpy
fff3e6c6 T strncpy
fff3e6dc T strlcpy
fff3e713 T strlen
fff3e723 T strcat
fff3e740 T strncat
fff3e76c T strnlen
fff3e789 T strcmp
fff3e7a7 T strncmp
fff3e7cb T strchr
fff3e7e3 T strrchr
fff3e803 T strdup
fff3e837 T strsep
fff3e886 T memcmp
fff3e8a8 T strstr
fff3e903 T memchr
fff3e91c T table_compute_checksum
fff3e92e T get_tbclk
fff3e95b T get_ticks
fff3e9b5 W timer_init
fff3e9b8 T usec_to_tick
fff3ea26 T udelay
fff3ea4c T uuid_str_valid
fff3ea9d T uuid_guid_get_bin
fff3eae5 T uuid_guid_get_str
fff3eb17 T uuid_str_to_bin
fff3ec45 T uuid_bin_to_str
fff3ecf1 T rand
fff3ed11 t panic_finish
fff3ed3c T panic
fff3ed55 T vsnprintf
fff3ed6f t vsnprintf_internal
fff3f507 T vscnprintf
fff3f535 T snprintf
fff3f55c T sprintf
fff3f583 T printf
fff3f59b T vprintf
fff3f5e5 T simple_itoa
fff3f620 t string16
fff3f6eb t string
fff3f75e t number
fff3f9eb t put_dec_trunc
fff3fada t put_dec
fff3fc2c T simple_strtoul
fff3fcb2 T hextoul
fff3fcbc T dectoul
fff3fcc6 T strict_strtoul
fff3fd27 T simple_strtol
fff3fd43 T ustrtoul
fff3fda9 T ustrtoull
fff3fe19 T simple_strtoull
fff3fea7 T trailing_strtoln_end
fff3ff08 T trailing_strtoln
fff3ff0f T trailing_strtol
fff3ff18 T rtc_calc_weekday
fff3ffcc T arp_init
fff3fff0 T arp_raw_request
fff4008c T arp_request
fff400e0 T arp_timeout_check
fff40150 T arp_is_waiting
fff4015b T arp_receive
fff40322 T bootp_reset
fff4034b T bootp_request
fff405f3 t bootp_timeout_handler
fff40646 t bootp_handler
fff409a6 T eth_set_current_to_next
fff409d7 t eth_get_uclass_priv
fff409fd T eth_get_dev
fff40a4e T eth_set_dev
fff40a7c T eth_get_dev_by_name
fff40b35 T eth_get_ethaddr
fff40b56 T eth_halt_state_only
fff40b77 T eth_get_dev_index
fff40b94 t on_ethaddr
fff40bfc T eth_init
fff40cb8 T eth_halt
fff40cf1 T eth_send
fff40d3d T eth_rx
fff40dd0 T eth_initialize
fff40ee5 t eth_write_hwaddr
fff40f6c t eth_post_bind
fff40fa4 t eth_pre_unbind
fff40fc5 t eth_post_probe
fff41160 t eth_pre_remove
fff4118f T eth_env_get_enetaddr_by_index
fff411c3 T eth_env_set_enetaddr_by_index
fff411f7 T eth_common_init
fff411f8 T eth_mac_skip
fff41231 T eth_current_changed
fff412c0 T eth_get_name
fff412df T eth_try_another
fff41340 T eth_set_current
fff413a3 T ndisc_request
fff4152d T ndisc_timeout_check
fff415a0 T ndisc_init
fff41606 T ndisc_receive
fff41840 t on_ipaddr
fff41862 t on_gatewayip
fff41884 t on_netmask
fff418a6 t on_serverip
fff418c8 t on_nvlan
fff41901 t on_vlan
fff4193a T net_auto_load
fff4198c t net_check_prereq
fff41adc T net_init
fff41b60 t net_init_loop
fff41bce T net_loop
fff41e88 T net_start_again
fff41f8a T net_set_timeout_handler
fff41fcd t start_again_timeout_handler
fff41fd8 T net_set_udp_handler
fff41fea T net_get_udp_handler
fff41ff0 t dummy_handler
fff41ff1 T net_get_arp_handler
fff41ff7 T net_get_async_tx_pkt_buf
fff42013 T net_send_udp_packet
fff42033 T net_send_ip_packet
fff42183 T net_send_tcp_packet
fff421b8 T net_set_ether
fff4221b T net_set_udp_header
fff42279 T net_set_ip_header
fff422f9 T net_process_received_packet
fff42553 t receive_icmp
fff42591 T net_eth_hdr_size
fff425ae T net_update_ether
fff42611 T copy_filename
fff42653 T net_parse_bootfile
fff426cb T ip_to_string
fff42703 t on_ip6addr
fff42779 t on_gatewayip6
fff427a6 t on_serverip6
fff427d3 T ip6_is_unspecified_addr
fff427e6 T ip6_is_our_addr
fff42823 T ip6_make_eui
fff42855 T ip6_make_lladdr
fff42895 T ip6_make_snma
fff428cb T ip6_make_mult_ethdstaddr
fff428e0 T ip6_addr_in_subnet
fff42917 T csum_partial
fff429b9 T csum_ipv6_magic
fff42a40 T ip6_add_hdr
fff42a8d T udp6_add_hdr
fff42afb T net_send_ip_packet6
fff42c8a T net_send_udp_packet6
fff42caa T net_send_tcp_packet6
fff42cde T net_ip6_handler
fff42ead T ping_start
fff42f73 t ping_timeout_handler
fff42f89 T ping_receive
fff43083 T ip6_make_ping
fff43147 T ping6_send
fff431d8 T ping6_start
fff43208 t ping6_timeout
fff4321e T ping6_receive
fff43270 T tftp_start
fff4372e t tftp_timeout_handler
fff4378f t tftp_handler
fff43b1b t tftp_send
fff43d35 t update_block_number
fff43e1b t tftp_complete
fff43ef0 T fastboot_udp_start_server
fff43f40 t fastboot_handler
fff4405f t fastboot_send
fff44316 T fastboot_tcp_start_server
fff4436d t fastboot_tcp_handler_ipv4
fff44385 t fastboot_tcp_handler_ipv6
fff443c9 t fastboot_tcp_handler
fff4464d t fastboot_tcp_answer
fff446ba T udp_prereq
fff446cd T udp_start
fff446d9 T tcp_set_tcp_state
fff446df T tcp_set_tcp_handler
fff446f1 t dummy_handler
fff446f2 T tcp_set_pseudo_header
fff44754 T net_set_ack_options
fff447eb T tcp_sent_state_machine
fff44866 T net_set_tcp_header_common
fff44940 T net_set_tcp_header
fff449bd T tcp_hole
fff44ad9 T tcp_parse_options
fff44b06 T tcp_state_machine
fff44d32 T rxhand_tcp_f
fff44ead T net_set_tcp_handler6
fff44ebf t dummy_handler
fff44ec0 T net_set_tcp_header6
fff44f4d T rxhand_tcp6
fff4508b T __udivdi3
fff450a3 t _64bit_divide
fff451c3 T __umoddi3
fff451f8 d _u_boot_list_2_cmd_2_ab_select
fff451f8 d complete_cmdv.start
fff451f8 d complete_cmdv.start.17
fff451f8 d do_help.start
fff451f8 d do_help.start.6
fff451f8 d find_cmd.start
fff451f8 d find_cmd.start.2
fff45214 d _u_boot_list_2_cmd_2_avb
fff45230 d _u_boot_list_2_cmd_2_boot
fff4524c d _u_boot_list_2_cmd_2_boot_android
fff45268 d _u_boot_list_2_cmd_2_bootd
fff45284 d _u_boot_list_2_cmd_2_bootefi
fff452a0 d _u_boot_list_2_cmd_2_bootm
fff452bc d _u_boot_list_2_cmd_2_bootp
fff452d8 d _u_boot_list_2_cmd_2_bootz
fff452f4 d _u_boot_list_2_cmd_2_cls
fff45310 d _u_boot_list_2_cmd_2_date
fff4532c d _u_boot_list_2_cmd_2_dm
fff45348 d _u_boot_list_2_cmd_2_echo
fff45364 d _u_boot_list_2_cmd_2_env
fff45380 d _u_boot_list_2_cmd_2_exit
fff4539c d _u_boot_list_2_cmd_2_false
fff453b8 d _u_boot_list_2_cmd_2_fastboot
fff453d4 d _u_boot_list_2_cmd_2_fatinfo
fff453f0 d _u_boot_list_2_cmd_2_fatload
fff4540c d _u_boot_list_2_cmd_2_fatls
fff45428 d _u_boot_list_2_cmd_2_fatmkdir
fff45444 d _u_boot_list_2_cmd_2_fatrm
fff45460 d _u_boot_list_2_cmd_2_fatsize
fff4547c d _u_boot_list_2_cmd_2_fatwrite
fff45498 d _u_boot_list_2_cmd_2_fstype
fff454b4 d _u_boot_list_2_cmd_2_fstypes
fff454d0 d _u_boot_list_2_cmd_2_gpt
fff454ec d _u_boot_list_2_cmd_2_help
fff45508 d _u_boot_list_2_cmd_2_itest
fff45524 d _u_boot_list_2_cmd_2_lcdputs
fff45540 d _u_boot_list_2_cmd_2_ln
fff4555c d _u_boot_list_2_cmd_2_load
fff45578 d _u_boot_list_2_cmd_2_ls
fff45594 d _u_boot_list_2_cmd_2_mtrr
fff455b0 d _u_boot_list_2_cmd_2_net
fff455cc d _u_boot_list_2_cmd_2_panic
fff455e8 d _u_boot_list_2_cmd_2_part
fff45604 d _u_boot_list_2_cmd_2_ping
fff45620 d _u_boot_list_2_cmd_2_ping6
fff4563c d _u_boot_list_2_cmd_2_printenv
fff45658 d _u_boot_list_2_cmd_2_question_mark
fff45674 d _u_boot_list_2_cmd_2_read
fff45690 d _u_boot_list_2_cmd_2_reset
fff456ac d _u_boot_list_2_cmd_2_run
fff456c8 d _u_boot_list_2_cmd_2_save
fff456e4 d _u_boot_list_2_cmd_2_setcurs
fff45700 d _u_boot_list_2_cmd_2_setenv
fff4571c d _u_boot_list_2_cmd_2_setexpr
fff45738 d _u_boot_list_2_cmd_2_showvar
fff45754 d _u_boot_list_2_cmd_2_size
fff45770 d _u_boot_list_2_cmd_2_sleep
fff4578c d _u_boot_list_2_cmd_2_source
fff457a8 d _u_boot_list_2_cmd_2_test
fff457c4 d _u_boot_list_2_cmd_2_tftpboot
fff457e0 d _u_boot_list_2_cmd_2_true
fff457fc d _u_boot_list_2_cmd_2_verified_boot_android
fff45818 d _u_boot_list_2_cmd_2_version
fff45834 d _u_boot_list_2_cmd_2_virtio
fff45850 d _u_boot_list_2_cmd_2_zboot
fff4586c d complete_cmdv.end
fff4586c d do_help.end
fff4586c d find_cmd.end
fff45870 d _u_boot_list_2_driver_2_blk_partition
fff45870 d dm_dump_driver_compat.start
fff45870 d dm_dump_driver_compat.start.4
fff45870 d dm_dump_drivers.start
fff45870 d dm_dump_drivers.start.11
fff45870 d efi_driver_init.start
fff45870 d fix_drivers.start
fff45870 d fix_drivers.start.1
fff45870 d lists_bind_fdt.start
fff45870 d lists_bind_fdt.start.3
fff45870 d lists_driver_lookup_name.start
fff45870 d lists_driver_lookup_name.start.1
fff458b4 d _u_boot_list_2_driver_2_cpu_bus
fff458f8 d _u_boot_list_2_driver_2_cpu_qemu_drv
fff4593c d _u_boot_list_2_driver_2_cpu_x86_drv
fff45980 d _u_boot_list_2_driver_2_efi_blk
fff459c4 d _u_boot_list_2_driver_2_efi_block
fff45a08 d _u_boot_list_2_driver_2_generic_syscon
fff45a4c d _u_boot_list_2_driver_2_irq_router_drv
fff45a90 d _u_boot_list_2_driver_2_motorola_mc146818
fff45ad4 d _u_boot_list_2_driver_2_ns16550_serial
fff45b18 d _u_boot_list_2_driver_2_pch7_drv
fff45b5c d _u_boot_list_2_driver_2_pch9_drv
fff45ba0 d _u_boot_list_2_driver_2_pci_bridge_drv
fff45be4 d _u_boot_list_2_driver_2_pci_generic_drv
fff45c28 d _u_boot_list_2_driver_2_pci_x86
fff45c6c d _u_boot_list_2_driver_2_qfw_pio
fff45cb0 d _u_boot_list_2_driver_2_root_driver
fff45cf4 d _u_boot_list_2_driver_2_sysinfo_smbios
fff45d38 d _u_boot_list_2_driver_2_vidconsole_normal
fff45d7c d _u_boot_list_2_driver_2_virtio_blk
fff45dc0 d _u_boot_list_2_driver_2_virtio_console
fff45e04 d _u_boot_list_2_driver_2_virtio_net
fff45e48 d _u_boot_list_2_driver_2_virtio_pci_modern
fff45e8c d _u_boot_list_2_driver_2_x86_reset
fff45ed0 d _u_boot_list_2_driver_2_x86_tsc_timer
fff45f14 d dm_dump_driver_compat.end
fff45f14 d dm_dump_drivers.end
fff45f14 d efi_driver_init.end
fff45f14 d fix_drivers.end
fff45f14 d lists_bind_fdt.end
fff45f14 d lists_driver_lookup_name.end
fff45f18 d _u_boot_list_2_driver_info_2_x86_qfw_pio
fff45f18 d bind_drivers_pass.start
fff45f18 d bind_drivers_pass.start.14
fff45f18 d dm_dump_static_driver_info.start
fff45f18 d dm_dump_static_driver_info.start.19
fff45f18 d fix_devices.start
fff45f18 d fix_devices.start.3
fff45f20 d _u_boot_list_2_env_clbk_2_baudrate
fff45f20 d bind_drivers_pass.end
fff45f20 d dm_dump_static_driver_info.end
fff45f20 d find_env_callback.start
fff45f20 d find_env_callback.start.3
fff45f20 d fix_devices.end
fff45f28 d _u_boot_list_2_env_clbk_2_callbacks
fff45f30 d _u_boot_list_2_env_clbk_2_console
fff45f38 d _u_boot_list_2_env_clbk_2_ethaddr
fff45f40 d _u_boot_list_2_env_clbk_2_flags
fff45f48 d _u_boot_list_2_env_clbk_2_gatewayip
fff45f50 d _u_boot_list_2_env_clbk_2_gatewayip6
fff45f58 d _u_boot_list_2_env_clbk_2_ip6addr
fff45f60 d _u_boot_list_2_env_clbk_2_ipaddr
fff45f68 d _u_boot_list_2_env_clbk_2_loadaddr
fff45f70 d _u_boot_list_2_env_clbk_2_netmask
fff45f78 d _u_boot_list_2_env_clbk_2_nvlan
fff45f80 d _u_boot_list_2_env_clbk_2_serverip
fff45f88 d _u_boot_list_2_env_clbk_2_serverip6
fff45f90 d _u_boot_list_2_env_clbk_2_vlan
fff45f98 d _env_driver_lookup.start
fff45f98 d _env_driver_lookup.start.11
fff45f98 d _u_boot_list_2_env_driver_2_nowhere
fff45f98 d env_select.start
fff45f98 d env_select.start.8
fff45f98 d find_env_callback.end
fff45fb0 d _env_driver_lookup.end
fff45fb0 d _u_boot_list_2_part_driver_2_a_efi
fff45fb0 d do_part_types.start
fff45fb0 d do_part_types.start.18
fff45fb0 d env_select.end
fff45fb0 d event_show_spy_list.end
fff45fb0 d event_show_spy_list.start
fff45fb0 d event_show_spy_list.start.2
fff45fb0 d fit_loadable_process.start
fff45fb0 d fit_loadable_process.start.16
fff45fb0 d notify_static.end
fff45fb0 d notify_static.start
fff45fb0 d notify_static.start.9
fff45fb0 d part_driver_get_count.start
fff45fb0 d part_driver_get_first.start
fff45fb0 d part_driver_lookup_type.start
fff45fb0 d part_driver_lookup_type.start.44
fff45fb0 d part_init.start
fff45fb0 d part_init.start.19
fff45fc8 d _u_boot_list_2_part_driver_2_dos
fff45fe0 d _u_boot_list_2_pci_driver_entry_2_virtio_pci_modern
fff45fe0 d do_part_types.end
fff45fe0 d part_driver_get_count.end
fff45fe0 d part_driver_lookup_type.end
fff45fe0 d part_init.end
fff45fe0 d pci_find_and_bind_driver.start
fff45fe0 d pci_find_and_bind_driver.start.14
fff45fe8 d _u_boot_list_2_uclass_driver_2_backlight
fff45fe8 d fix_uclass.start
fff45fe8 d fix_uclass.start.2
fff45fe8 d lists_uclass_lookup.start
fff45fe8 d lists_uclass_lookup.start.2
fff45fe8 d pci_find_and_bind_driver.end
fff46030 d _u_boot_list_2_uclass_driver_2_blk
fff46078 d _u_boot_list_2_uclass_driver_2_cpu
fff460c0 d _u_boot_list_2_uclass_driver_2_efi
fff46108 d _u_boot_list_2_uclass_driver_2_ethernet
fff46150 d _u_boot_list_2_uclass_driver_2_irq
fff46198 d _u_boot_list_2_uclass_driver_2_lpc
fff461e0 d _u_boot_list_2_uclass_driver_2_nop
fff46228 d _u_boot_list_2_uclass_driver_2_northbridge
fff46270 d _u_boot_list_2_uclass_driver_2_panel
fff462b8 d _u_boot_list_2_uclass_driver_2_partition
fff46300 d _u_boot_list_2_uclass_driver_2_pch
fff46348 d _u_boot_list_2_uclass_driver_2_pci
fff46390 d _u_boot_list_2_uclass_driver_2_pci_generic
fff463d8 d _u_boot_list_2_uclass_driver_2_qfw
fff46420 d _u_boot_list_2_uclass_driver_2_rng
fff46468 d _u_boot_list_2_uclass_driver_2_root
fff464b0 d _u_boot_list_2_uclass_driver_2_rtc
fff464f8 d _u_boot_list_2_uclass_driver_2_serial
fff46540 d _u_boot_list_2_uclass_driver_2_syscon
fff46588 d _u_boot_list_2_uclass_driver_2_sysinfo
fff465d0 d _u_boot_list_2_uclass_driver_2_sysreset
fff46618 d _u_boot_list_2_uclass_driver_2_timer
fff46660 d _u_boot_list_2_uclass_driver_2_vidconsole
fff466a8 d _u_boot_list_2_uclass_driver_2_video
fff466f0 d _u_boot_list_2_uclass_driver_2_virtio
fff46738 d fix_uclass.end
fff46738 d lists_uclass_lookup.end
fff46740 R __splash_u_boot_logo_begin
fff48254 R __splash_u_boot_logo_end
fff48268 r acpi_guid
fff48278 r efi_block_io_guid
fff48288 r efi_file_info_guid
fff48298 r efi_file_system_info_guid
fff482a8 r efi_global_variable_guid
fff482b8 r efi_gop_guid
fff482c8 r efi_guid_bootmenu_auto_generated
fff482d8 r efi_guid_device_path
fff482e8 r efi_guid_device_path_to_text_protocol
fff482f8 r efi_guid_device_path_utilities_protocol
fff48308 r efi_guid_driver_binding_protocol
fff48318 r efi_guid_event_group_before_exit_boot_services
fff48328 r efi_guid_event_group_exit_boot_services
fff48338 r efi_guid_event_group_memory_map_change
fff48348 r efi_guid_event_group_reset_system
fff48358 r efi_guid_hii_database_protocol
fff48368 r efi_guid_hii_string_protocol
fff48378 r efi_guid_image_security_database
fff48388 r efi_guid_load_file2_protocol
fff48398 r efi_guid_load_file_protocol
fff483a8 r efi_guid_loaded_image
fff483b8 r efi_guid_loaded_image_device_path
fff483c8 r efi_guid_rng_protocol
fff483d8 r efi_guid_text_input_ex_protocol
fff483e8 r efi_guid_text_input_protocol
fff483f8 r efi_guid_text_output_protocol
fff48408 r efi_guid_unicode_collation_protocol2
fff48418 r efi_guid_virtio_dev
fff48428 r efi_lf2_initrd_guid
fff48438 r efi_rt_properties_table_guid
fff48448 r efi_simple_file_system_protocol_guid
fff48458 r efi_system_partition_guid
fff48468 r efi_system_volume_label_id
fff48478 r list_guid
fff48550 r partition_basic_data_guid
fff48560 r sha512_h0
fff485a0 r sha512_k
fff48820 r shim_lock_guid
fff48830 r smbios_guid
fff48840 r system_guid
fff48900 r avb_pubkey_size
fff48924 r baudrate_table
fff48968 r blk_part_ops
fff48978 r block_io_disk_template
fff48994 r boot_os
fff489dc r bootloader_id
fff48b30 r color
fff48b70 r colours
fff48c30 r commands
fff48ca4 r cpu_qemu_ids
fff48cb4 r cpu_qemu_ops
fff48cc8 r cpu_x86_ids
fff48cd8 r cpu_x86_ops
fff48cec r env_flags_varaccess_mask
fff48d1c r LZ4_decompress_generic.inc32table
fff48d3c r LZ4_decompress_generic.dec64table
fff48d5c r sha256_h0
fff48e08 r driver_ops
fff48e18 r e820_type_name
fff48e40 r efi_blk_ops
fff48f9c r efi_device_path_to_text
fff48fa4 r efi_device_path_utilities
fff48fc4 r efi_file_handle_protocol
fff49004 r efi_hii_database
fff49030 r efi_hii_string
fff49044 r efi_lf2_protocol
fff49074 r efi_rng_protocol
fff4907c r efi_unicode_collation_protocol2
fff490b0 r exceptions
fff49130 r fastboot_boot.bootm_args
fff4914c r fdt_errtable
fff491c0 r fdt_src_name
fff491d4 r feature
fff491d8 r feature_legacy
fff491dc r fixed_mtrrs
fff49208 r freq_desc_tables
fff49320 r fstypes
fff493a8 r generic_syscon_ids
fff493f0 r getvar_dispatch
fff494d4 r init_sequence_f
fff4959c r init_sequence_f_r
fff495a4 r irq_router_ids
fff49648 r month_offset
fff49678 r mtrr_type_name
fff49694 r name_type
fff4975c r net_null_addr_ip6
fff4976c r ns16550_serial_ids
fff4979c r ns16550_serial_ops
fff497c0 r op_adv
fff498c0 r op_table
fff49940 r pch7_ids
fff49950 r pch7_ops
fff49964 r pch9_ids
fff49974 r pch9_ops
fff49988 r pci_bridge_ids
fff49998 r pci_bridge_ops
fff499a0 r pci_generic_ids
fff499b0 r pci_x86_ids
fff499c0 r pci_x86_ops
fff499c8 r reserved_list
fff49a4c r rtc_mc146818_ids
fff49a5c r rtc_mc146818_ops
fff49a88 r sha256_k
fff49b88 r smbios_write_funcs
fff49bc0 r sysinfo_smbios_ids
fff49bd0 r sysinfo_smbios_ops
fff49be4 r table_list
fff49c9c r tsc_timer_ids
fff49cac r tsc_timer_ops
fff49cb0 r uclass_idname_str
fff49d08 r uimage_comp
fff49d68 r uimage_os
fff49e04 r uimage_type
fff4a094 r virtio_blk_ops
fff4a0a4 r virtio_console_serial_ops
fff4a0c8 r virtio_drv_name
fff4a0dc r virtio_net_ops
fff4a120 r virtio_pci_ops
fff4a1c4 r weekdays
fff4a1e0 r x86_sysreset_ids
fff4a1f0 r x86_vendor_name
fff4a21c r x86_vendors
fff4a274 r END
fff4a278 r ROOT
fff4a28c r capitalization_table
fff4b15c r codepage_437
fff4b25c r distfix
fff4b2dc r dp_lf2_handle
fff4b2f4 r inflate.order
fff4b31a r inflate_table.dbase
fff4b35a r inflate_table.dext
fff4b39a r inflate_table.lbase
fff4b3d8 r inflate_table.lext
fff4b416 r lenfix
fff4bd7a r LONG_ONLY_CHARS
fff4bd81 r _ctype
fff4be81 r android_bootloader_boot_flow.km_name
fff4be92 r avb_pubkey
fff4c29b r number.digits
fff4c2ab r default_environment
fff4c43a r env_flags_varaccess_rep
fff4c43f r env_flags_vartype_rep
fff4c446 r erase_seq
fff4c44a r extract_keymint_relevant_data.boot_patchlevel_key
fff4c470 r extract_keymint_relevant_data.system_patchlevel_key
fff4c498 r extract_keymint_relevant_data.system_version_key
fff4c4bc r extract_keymint_relevant_data.vendor_patchlevel_key
fff4c4e4 r hex_asc
fff4c4f5 r illegal
fff4c506 r net_bcast_ethaddr
fff4c50c r net_null_ethaddr
fff4c512 r padding_RSA2048_SHA256
fff4c5f2 r padding_RSA2048_SHA512
fff4c6b2 r padding_RSA4096_SHA256
fff4c892 r padding_RSA4096_SHA512
fff4ca52 r padding_RSA8192_SHA256
fff4ce32 r padding_RSA8192_SHA512
fff4d1f2 r print_size.names
fff54215 r .L.str.8
fff54271 r .L.str.17
fff54276 r .L.str.18
fff5ab5e r tab_seq
fff5ab67 r version_string
fff5aba7 r video_fontdata
fff5bbc0 d mp_steps
fff5bc40 D gdt64
fff5bc40 d gdt
fff5bc70 d gdt_end
fff5bc70 d load_flags
fff5bc90 d xload_flags
fff5bcb8 d zboot_subcmds
fff5bd60 d image_load_addr
fff5bd64 d bootm_help_text
fff5c0f4 d cmd_bootm_sub
fff5c1f0 d source_help_text
fff5c23e d bootefi_help_text
fff5c34f d bootz_help_text
fff5c558 d default_tm
fff5c57c d dm_help_text
fff5c6f8 d dm_subcmds
fff5c7a0 d cmd_net
fff5c7bc d fastboot_help_text
fff5c878 d cmd_avb
fff5c974 d env_id
fff5c978 d env_help_text
fff5cb48 d cmd_env_sub
fff5cc0c d init_sequence_r
fff5cc90 d hist_cur
fff5cc94 d av_
fff5d09c d trim_threshold
fff5d0a0 d sbrk_base
fff5d0a4 d _stats
fff5d0b8 d block_cache
fff5d0c0 d root_info
fff5d0c8 d x86_sysreset_ops
fff5d0d4 d virtio_iommu_platform_ops
fff5d0d8 d virtio_pci_supported
fff5d7f4 d qfw_pio_ops
fff5d7fc d console_normal_ops
fff5d810 d env_htab
fff5d820 d efi_obj_list
fff5d828 d efi_event_queue
fff5d830 d efi_register_notify_events
fff5d838 d entry_count
fff5d83c d efi_boot_services
fff5d904 d efi_tpl
fff5d908 d efi_cout_modes
fff5d92c d efi_con_mode
fff5d944 d efi_con_out
fff5d96c d efi_con_in
fff5d978 d efi_con_in_ex
fff5d990 d cin_notify_functions
fff5d998 d efi_package_lists
fff5d9a0 d efi_keyboard_layout_list
fff5d9a8 d efi_mem
fff5d9b0 d efi_obj_list_initialized
fff5d9b4 d efi_system_partition
fff5d9c0 d algorithm_data
fff5da14 d y
fff5da18 d net_our_vlan
fff5da1a d net_native_vlan
fff5da1c d tftp_timeout_count_max
fff5da20 d tftp_block_size_option
fff5da22 d tftp_window_size_option
fff5da24 d timeout_ms
fff5da28 d timeout_count_max
fff5da2c d tftp_block_size
fff5da2e d sequence_number
fff5da30 d fastboot_send.cmd
fff5da44 d _GLOBAL_OFFSET_TABLE_
fff5da44 d __efi_runtime_rel_start
fff5dba4 A __data_end
fff5dba4 A __init_end
fff5dba4 d __efi_runtime_rel_stop
fff5dbb4 A __rel_dyn_start
fff5dbb4 B __bss_start
fff5dbb4 b i440fx
fff5dbb8 b ap_callbacks
fff5dbbc b mp_info.0
fff5dbc0 b mp_info.1
fff5dbc4 b load_sipi_vector.msr_save
fff5ddd0 b idt
fff5e5d0 b idt_ptr
fff5e5d8 b irq_handlers
fff5e698 b spurious_irq_cnt
fff5e69c b isa_irq_occupied
fff5e6ac b state
fff5e6c8 b images
fff5e8dc b image_addr
fff5e8e0 b image_size
fff5e8e4 b bootefi_device_path
fff5e8e8 b bootefi_image_path
fff5e8ec b virtio_curr_dev
fff5e8f0 b avb_ops
fff5e8f4 b top_vars
fff5e8f8 b get_dollar_var.buf
fff5e920 b last_return_code
fff5e924 b flag_repeat
fff5e928 b ifs
fff5e92c b map
fff5ea2c b do_repeat
fff5ea2d b get_user_input.the_command
fff5ec30 b stored_bootdelay
fff5ec34 b monitor_flash_len
fff5ec38 b console_buffer
fff5ee3c b cli_readline_into_buffer.initted
fff5ee40 b hist_max
fff5ee44 b hist_add_idx
fff5ee48 b hist_num
fff5ee4c b hist_lines
fff61660 b hist_list
fff616b0 b ctrlc_disabled
fff616b4 b ctrlc_was_pressed
fff616b8 b console_devices
fff616c4 b cd_count
fff616d0 b tstcdev
fff616d4 b mem_malloc_start
fff616d8 b mem_malloc_end
fff616dc b mem_malloc_brk
fff616e0 b top_pad
fff616e4 b current_mallinfo.0
fff616e8 b max_sbrked_mem
fff616ec b max_total_mem
fff616f0 b stdio_devices
fff616fc b devs
fff6174c b env_complete_buf
fff6194c b tmp_buf
fff61b4d b print_efiname.name
fff61b72 b mode_info
fff61c78 b virtio_pci_bind.num_devs
fff61c7c b fastboot_progress_callback
fff61c80 b fastboot_boot.boot_addr_start
fff61c94 b fastboot_buf_addr
fff61c98 b fastboot_buf_size
fff61c9c b fastboot_bytes_expected
fff61ca0 b fastboot_bytes_received
fff61ca4 b first_call
fff61ca8 b flags_list
fff61cac b first_call
fff61cb0 b callback_list
fff61cb4 b fs_type
fff61cb8 b fs_dev_desc
fff61cbc b fs_partition
fff61d60 b fs_dev_part
fff61d64 b cur_dev
fff61d68 b cur_part_info
fff61e0c b total_sector
fff61e10 b get_set_cluster.tmpbuf_cluster
fff61e14 b bs
fff61e18 b rs
fff61e1c b timers_enabled
fff61e20 b current_image
fff61e24 b efi_st_keep_devices
fff61e28 b efi_get_next_monotonic_count.mono
fff61e30 b uart_obj
fff61e48 b console_timer_event
fff61e4c b key_available
fff61e50 b next_key
fff61e5c b efi_memory_map_key
fff61e60 b efi_root
fff61e64 b watchdog_timer_event
fff61e68 b efi_initrd_handle
fff61e6c b binman
fff61e70 b errno
fff61e74 b local_toa
fff61e8c b arp_wait_packet_ethaddr
fff61e90 b net_arp_wait_packet_ip
fff61e94 b net_arp_wait_reply_ip.0
fff61e98 b arp_wait_tx_packet_size
fff61e9c b arp_tx_packet_buf
fff624dc b arp_tx_packet
fff624e0 b arp_wait_timer_start
fff624e4 b arp_wait_try
fff624e8 b net_nis_domain
fff62508 b net_hostname
fff62528 b net_root_path
fff62568 b bootp_num_ids
fff6256c b bootp_try
fff62570 b bootp_start
fff62574 b bootp_timeout
fff62578 b time_taken_max
fff6257c b bootp_ids
fff6258c b eth_errno
fff62590 b eth_try_another.first_failed
fff62594 b eth_set_current.act
fff62598 b eth_set_current.env_changed_id
fff6259c b net_nd_sol_packet_ip6
fff625ac b net_nd_timer_start
fff625b0 b net_nd_try
fff625b4 b net_nd_packet_mac
fff625b8 b net_nd_tx_packet
fff625bc b net_nd_tx_packet_size
fff625c0 b net_nd_packet_buf
fff62c00 b net_nd_rep_packet_ip6
fff62c10 b push_packet
fff62c14 b net_init.first_call
fff62c15 b net_pkt_buf
fff64a58 b net_tx_packet
fff64a5c b net_rx_packets
fff64a6c b net_state
fff64a70 b net_restarted
fff64a74 b net_dev_exists
fff64a78 b net_try_count
fff64a7c b net_boot_file_size
fff64a80 b net_ip
fff64a84 b time_start
fff64a88 b time_handler
fff64a8c b time_delta
fff64a90 b net_restart_wrap
fff64a94 b udp_packet_handler
fff64a98 b arp_packet_handler
fff64a9c b net_server_ethaddr
fff64aa4 b net_server_ip
fff64aa8 b net_rx_packet
fff64aac b net_rx_packet_len
fff64ab0 b net_ethaddr
fff64ab8 b net_ip_id
fff64abc b net_boot_file_name
fff64ebc b net_netmask
fff64ec0 b net_gateway
fff64ec4 b net_dns_server
fff64ec8 b net_boot_file_name_explicit
fff64ecc b net_boot_file_expected_size_in_blocks
fff64ed0 b net_gateway6
fff64ee0 b net_ip6
fff64ef0 b net_link_local_ip6
fff64f00 b net_server_ip6
fff64f10 b net_prefix_length
fff64f14 b use_ip6
fff64f18 b net_ping_ip
fff64f1c b ping_seq_number
fff64f1e b seq_no
fff64f20 b ping6_send.mac
fff64f28 b net_ping_ip6
fff64f38 b saved_tftp_block_size_option
fff64f3c b tftp_remote_ip6
fff64f4c b tftp_remote_ip
fff64f50 b tftp_filename
fff64fd0 b default_filename
fff64fe0 b tftp_load_addr
fff64fe4 b tftp_state
fff64fe8 b time_start
fff64fec b tftp_remote_port
fff64ff0 b timeout_count
fff64ff4 b tftp_our_port
fff64ff8 b tftp_cur_block
fff64ffc b tftp_windowsize
fff64ffe b tftp_last_nack
fff65000 b tftp_tsize
fff65004 b tftp_tsize_num_hash
fff65008 b tftp_load_size
fff6500c b tftp_next_ack
fff65010 b tftp_prev_block
fff65014 b tftp_block_wrap
fff65018 b tftp_block_wrap_offset
fff6501c b fastboot_our_port
fff65020 b fastboot_remote_ip.0
fff65024 b fastboot_remote_port
fff65028 b fastboot_send.command
fff65069 b fastboot_send.pending_command
fff6506a b last_packet
fff6546c b last_packet_len
fff65470 b is_ipv6
fff65474 b ip_header_size
fff65478 b curr_sport
fff6547a b curr_dport
fff6547c b curr_tcp_seq_num
fff65480 b curr_tcp_ack_num
fff65484 b curr_request_len
fff65488 b state
fff6548c b command
fff654cd b response
fff65510 b command_handled_id
fff65514 b command_handled_success
fff65518 b udp_ops
fff6551c b current_tcp_state
fff65520 b tcp_packet_handler
fff65524 b loc_timestamp
fff65528 b rmt_timestamp
fff6552c b tcp_lost
fff65550 b tcp_activity_count
fff65554 b tcp_ack_edge
fff65558 b prev_len
fff6555c b sack_idx
fff65560 b edge_a
fff656e0 b tcp6_packet_handler
fff656e4 B __bss_end
fff6bcfc A __rel_dyn_end
fff6bd00 A _end
